[0.474s] Invoking command in '/home/kky/cde2310_ws/src/docking': PYTHONPATH=/home/kky/cde2310_ws/build/docking/prefix_override:/usr/lib/python3/dist-packages/colcon_core/task/python/colcon_distutils_commands:/home/kky/cde2310_ws/install/docking/lib/python3.10/site-packages:${PYTHONPATH} /usr/bin/python3 -W ignore:setup.py install is deprecated -W ignore:easy_install command is deprecated setup.py egg_info --egg-base ../../build/docking build --build-base /home/kky/cde2310_ws/build/docking/build install --record /home/kky/cde2310_ws/build/docking/install.log --single-version-externally-managed install_data
[0.647s] running egg_info
[0.647s] creating ../../build/docking/docking.egg-info
[0.647s] writing ../../build/docking/docking.egg-info/PKG-INFO
[0.647s] writing dependency_links to ../../build/docking/docking.egg-info/dependency_links.txt
[0.647s] writing entry points to ../../build/docking/docking.egg-info/entry_points.txt
[0.647s] writing requirements to ../../build/docking/docking.egg-info/requires.txt
[0.647s] writing top-level names to ../../build/docking/docking.egg-info/top_level.txt
[0.647s] writing manifest file '../../build/docking/docking.egg-info/SOURCES.txt'
[0.648s] reading manifest file '../../build/docking/docking.egg-info/SOURCES.txt'
[0.648s] writing manifest file '../../build/docking/docking.egg-info/SOURCES.txt'
[0.649s] running build
[0.649s] running build_py
[0.649s] creating /home/kky/cde2310_ws/build/docking/build
[0.649s] creating /home/kky/cde2310_ws/build/docking/build/lib
[0.649s] creating /home/kky/cde2310_ws/build/docking/build/lib/docking
[0.649s] copying docking/__init__.py -> /home/kky/cde2310_ws/build/docking/build/lib/docking
[0.649s] copying docking/docking.py -> /home/kky/cde2310_ws/build/docking/build/lib/docking
[0.649s] running install
[0.649s] running install_lib
[0.650s] creating /home/kky/cde2310_ws/install/docking/lib/python3.10/site-packages/docking
[0.650s] copying /home/kky/cde2310_ws/build/docking/build/lib/docking/__init__.py -> /home/kky/cde2310_ws/install/docking/lib/python3.10/site-packages/docking
[0.650s] copying /home/kky/cde2310_ws/build/docking/build/lib/docking/docking.py -> /home/kky/cde2310_ws/install/docking/lib/python3.10/site-packages/docking
[0.651s] byte-compiling /home/kky/cde2310_ws/install/docking/lib/python3.10/site-packages/docking/__init__.py to __init__.cpython-310.pyc
[0.651s] byte-compiling /home/kky/cde2310_ws/install/docking/lib/python3.10/site-packages/docking/docking.py to docking.cpython-310.pyc
[0.652s] running install_data
[0.652s] creating /home/kky/cde2310_ws/install/docking/share/ament_index
[0.652s] creating /home/kky/cde2310_ws/install/docking/share/ament_index/resource_index
[0.652s] creating /home/kky/cde2310_ws/install/docking/share/ament_index/resource_index/packages
[0.652s] copying resource/docking -> /home/kky/cde2310_ws/install/docking/share/ament_index/resource_index/packages
[0.652s] copying package.xml -> /home/kky/cde2310_ws/install/docking/share/docking
[0.652s] running install_egg_info
[0.653s] Copying ../../build/docking/docking.egg-info to /home/kky/cde2310_ws/install/docking/lib/python3.10/site-packages/docking-0.0.0-py3.10.egg-info
[0.654s] running install_scripts
[0.669s] Installing docking script to /home/kky/cde2310_ws/install/docking/lib/docking
[0.669s] writing list of installed files to '/home/kky/cde2310_ws/build/docking/install.log'
[0.688s] Invoked command in '/home/kky/cde2310_ws/src/docking' returned '0': PYTHONPATH=/home/kky/cde2310_ws/build/docking/prefix_override:/usr/lib/python3/dist-packages/colcon_core/task/python/colcon_distutils_commands:/home/kky/cde2310_ws/install/docking/lib/python3.10/site-packages:${PYTHONPATH} /usr/bin/python3 -W ignore:setup.py install is deprecated -W ignore:easy_install command is deprecated setup.py egg_info --egg-base ../../build/docking build --build-base /home/kky/cde2310_ws/build/docking/build install --record /home/kky/cde2310_ws/build/docking/install.log --single-version-externally-managed install_data
