[0.018s] Invoking command in '/home/kky/cde2310_ws/build/explore_lite_msgs': CMAKE_PREFIX_PATH=${CMAKE_PREFIX_PATH}:/home/kky/colcon_ws/install/py_pubsub:/home/kky/colcon_ws/install/cde2310_e2:/home/kky/colcon_ws/install/auto_nav:/home/kky/turtlebot3_ws/install/turtlebot3_teleop:/home/kky/turtlebot3_ws/install/turtlebot3_example:/opt/ros/humble /usr/bin/cmake --build /home/kky/cde2310_ws/build/explore_lite_msgs -- -j16 -l16
[0.101s] [  3%] Built target explore_lite_msgs__cpp
[0.107s] [ 12%] Built target explore_lite_msgs__rosidl_generator_c
[0.111s] [ 12%] Built target ament_cmake_python_copy_explore_lite_msgs
[0.122s] [ 32%] Built target explore_lite_msgs__rosidl_typesupport_introspection_cpp
[0.122s] [ 32%] Built target explore_lite_msgs__rosidl_typesupport_cpp
[0.124s] [ 41%] Built target explore_lite_msgs__rosidl_typesupport_fastrtps_cpp
[0.129s] [ 61%] Built target explore_lite_msgs__rosidl_typesupport_introspection_c
[0.129s] [ 61%] Built target explore_lite_msgs__rosidl_typesupport_c
[0.129s] [ 70%] Built target explore_lite_msgs__rosidl_typesupport_fastrtps_c
[0.151s] [ 70%] Built target explore_lite_msgs
[0.174s] [ 74%] Built target explore_lite_msgs__py
[0.198s] [ 80%] Built target explore_lite_msgs__rosidl_generator_py
[0.220s] [ 93%] Built target explore_lite_msgs__rosidl_typesupport_fastrtps_c__pyext
[0.221s] [ 93%] Built target explore_lite_msgs__rosidl_typesupport_introspection_c__pyext
[0.221s] [100%] Built target explore_lite_msgs__rosidl_typesupport_c__pyext
[0.303s] running egg_info
[0.303s] writing explore_lite_msgs.egg-info/PKG-INFO
[0.304s] writing dependency_links to explore_lite_msgs.egg-info/dependency_links.txt
[0.304s] writing top-level names to explore_lite_msgs.egg-info/top_level.txt
[0.306s] reading manifest file 'explore_lite_msgs.egg-info/SOURCES.txt'
[0.306s] writing manifest file 'explore_lite_msgs.egg-info/SOURCES.txt'
[0.328s] [100%] Built target ament_cmake_python_build_explore_lite_msgs_egg
[0.341s] Invoked command in '/home/kky/cde2310_ws/build/explore_lite_msgs' returned '0': CMAKE_PREFIX_PATH=${CMAKE_PREFIX_PATH}:/home/kky/colcon_ws/install/py_pubsub:/home/kky/colcon_ws/install/cde2310_e2:/home/kky/colcon_ws/install/auto_nav:/home/kky/turtlebot3_ws/install/turtlebot3_teleop:/home/kky/turtlebot3_ws/install/turtlebot3_example:/opt/ros/humble /usr/bin/cmake --build /home/kky/cde2310_ws/build/explore_lite_msgs -- -j16 -l16
[0.343s] Invoking command in '/home/kky/cde2310_ws/build/explore_lite_msgs': CMAKE_PREFIX_PATH=${CMAKE_PREFIX_PATH}:/home/kky/colcon_ws/install/py_pubsub:/home/kky/colcon_ws/install/cde2310_e2:/home/kky/colcon_ws/install/auto_nav:/home/kky/turtlebot3_ws/install/turtlebot3_teleop:/home/kky/turtlebot3_ws/install/turtlebot3_example:/opt/ros/humble /usr/bin/cmake --install /home/kky/cde2310_ws/build/explore_lite_msgs
[0.351s] -- Install configuration: ""
[0.351s] -- Up-to-date: /home/kky/cde2310_ws/install/explore_lite_msgs/share/ament_index/resource_index/rosidl_interfaces/explore_lite_msgs
[0.352s] -- Up-to-date: /home/kky/cde2310_ws/install/explore_lite_msgs/include/explore_lite_msgs/explore_lite_msgs
[0.352s] -- Up-to-date: /home/kky/cde2310_ws/install/explore_lite_msgs/include/explore_lite_msgs/explore_lite_msgs/msg
[0.352s] -- Up-to-date: /home/kky/cde2310_ws/install/explore_lite_msgs/include/explore_lite_msgs/explore_lite_msgs/msg/detail
[0.352s] -- Up-to-date: /home/kky/cde2310_ws/install/explore_lite_msgs/include/explore_lite_msgs/explore_lite_msgs/msg/detail/explore_status__struct.h
[0.352s] -- Up-to-date: /home/kky/cde2310_ws/install/explore_lite_msgs/include/explore_lite_msgs/explore_lite_msgs/msg/detail/explore_status__functions.c
[0.352s] -- Up-to-date: /home/kky/cde2310_ws/install/explore_lite_msgs/include/explore_lite_msgs/explore_lite_msgs/msg/detail/explore_status__functions.h
[0.352s] -- Up-to-date: /home/kky/cde2310_ws/install/explore_lite_msgs/include/explore_lite_msgs/explore_lite_msgs/msg/detail/explore_status__type_support.h
[0.352s] -- Up-to-date: /home/kky/cde2310_ws/install/explore_lite_msgs/include/explore_lite_msgs/explore_lite_msgs/msg/rosidl_generator_c__visibility_control.h
[0.352s] -- Up-to-date: /home/kky/cde2310_ws/install/explore_lite_msgs/include/explore_lite_msgs/explore_lite_msgs/msg/explore_status.h
[0.352s] -- Up-to-date: /home/kky/cde2310_ws/install/explore_lite_msgs/share/explore_lite_msgs/environment/library_path.sh
[0.352s] -- Up-to-date: /home/kky/cde2310_ws/install/explore_lite_msgs/share/explore_lite_msgs/environment/library_path.dsv
[0.352s] -- Up-to-date: /home/kky/cde2310_ws/install/explore_lite_msgs/lib/libexplore_lite_msgs__rosidl_generator_c.so
[0.352s] -- Up-to-date: /home/kky/cde2310_ws/install/explore_lite_msgs/include/explore_lite_msgs/explore_lite_msgs
[0.352s] -- Up-to-date: /home/kky/cde2310_ws/install/explore_lite_msgs/include/explore_lite_msgs/explore_lite_msgs/msg
[0.352s] -- Up-to-date: /home/kky/cde2310_ws/install/explore_lite_msgs/include/explore_lite_msgs/explore_lite_msgs/msg/detail
[0.352s] -- Up-to-date: /home/kky/cde2310_ws/install/explore_lite_msgs/include/explore_lite_msgs/explore_lite_msgs/msg/detail/explore_status__rosidl_typesupport_fastrtps_c.h
[0.353s] -- Up-to-date: /home/kky/cde2310_ws/install/explore_lite_msgs/include/explore_lite_msgs/explore_lite_msgs/msg/rosidl_typesupport_fastrtps_c__visibility_control.h
[0.353s] -- Up-to-date: /home/kky/cde2310_ws/install/explore_lite_msgs/lib/libexplore_lite_msgs__rosidl_typesupport_fastrtps_c.so
[0.353s] -- Up-to-date: /home/kky/cde2310_ws/install/explore_lite_msgs/include/explore_lite_msgs/explore_lite_msgs
[0.353s] -- Up-to-date: /home/kky/cde2310_ws/install/explore_lite_msgs/include/explore_lite_msgs/explore_lite_msgs/msg
[0.353s] -- Up-to-date: /home/kky/cde2310_ws/install/explore_lite_msgs/include/explore_lite_msgs/explore_lite_msgs/msg/detail
[0.353s] -- Up-to-date: /home/kky/cde2310_ws/install/explore_lite_msgs/include/explore_lite_msgs/explore_lite_msgs/msg/detail/explore_status__type_support.c
[0.353s] -- Up-to-date: /home/kky/cde2310_ws/install/explore_lite_msgs/include/explore_lite_msgs/explore_lite_msgs/msg/detail/explore_status__rosidl_typesupport_introspection_c.h
[0.353s] -- Up-to-date: /home/kky/cde2310_ws/install/explore_lite_msgs/include/explore_lite_msgs/explore_lite_msgs/msg/rosidl_typesupport_introspection_c__visibility_control.h
[0.353s] -- Up-to-date: /home/kky/cde2310_ws/install/explore_lite_msgs/lib/libexplore_lite_msgs__rosidl_typesupport_introspection_c.so
[0.354s] -- Up-to-date: /home/kky/cde2310_ws/install/explore_lite_msgs/lib/libexplore_lite_msgs__rosidl_typesupport_c.so
[0.354s] -- Up-to-date: /home/kky/cde2310_ws/install/explore_lite_msgs/include/explore_lite_msgs/explore_lite_msgs
[0.354s] -- Up-to-date: /home/kky/cde2310_ws/install/explore_lite_msgs/include/explore_lite_msgs/explore_lite_msgs/msg
[0.354s] -- Up-to-date: /home/kky/cde2310_ws/install/explore_lite_msgs/include/explore_lite_msgs/explore_lite_msgs/msg/rosidl_generator_cpp__visibility_control.hpp
[0.354s] -- Up-to-date: /home/kky/cde2310_ws/install/explore_lite_msgs/include/explore_lite_msgs/explore_lite_msgs/msg/detail
[0.354s] -- Up-to-date: /home/kky/cde2310_ws/install/explore_lite_msgs/include/explore_lite_msgs/explore_lite_msgs/msg/detail/explore_status__type_support.hpp
[0.354s] -- Up-to-date: /home/kky/cde2310_ws/install/explore_lite_msgs/include/explore_lite_msgs/explore_lite_msgs/msg/detail/explore_status__traits.hpp
[0.354s] -- Up-to-date: /home/kky/cde2310_ws/install/explore_lite_msgs/include/explore_lite_msgs/explore_lite_msgs/msg/detail/explore_status__builder.hpp
[0.354s] -- Up-to-date: /home/kky/cde2310_ws/install/explore_lite_msgs/include/explore_lite_msgs/explore_lite_msgs/msg/detail/explore_status__struct.hpp
[0.354s] -- Up-to-date: /home/kky/cde2310_ws/install/explore_lite_msgs/include/explore_lite_msgs/explore_lite_msgs/msg/explore_status.hpp
[0.354s] -- Up-to-date: /home/kky/cde2310_ws/install/explore_lite_msgs/include/explore_lite_msgs/explore_lite_msgs
[0.355s] -- Up-to-date: /home/kky/cde2310_ws/install/explore_lite_msgs/include/explore_lite_msgs/explore_lite_msgs/msg
[0.355s] -- Up-to-date: /home/kky/cde2310_ws/install/explore_lite_msgs/include/explore_lite_msgs/explore_lite_msgs/msg/detail
[0.355s] -- Up-to-date: /home/kky/cde2310_ws/install/explore_lite_msgs/include/explore_lite_msgs/explore_lite_msgs/msg/detail/explore_status__rosidl_typesupport_fastrtps_cpp.hpp
[0.355s] -- Up-to-date: /home/kky/cde2310_ws/install/explore_lite_msgs/include/explore_lite_msgs/explore_lite_msgs/msg/detail/dds_fastrtps
[0.355s] -- Up-to-date: /home/kky/cde2310_ws/install/explore_lite_msgs/include/explore_lite_msgs/explore_lite_msgs/msg/rosidl_typesupport_fastrtps_cpp__visibility_control.h
[0.355s] -- Up-to-date: /home/kky/cde2310_ws/install/explore_lite_msgs/lib/libexplore_lite_msgs__rosidl_typesupport_fastrtps_cpp.so
[0.355s] -- Up-to-date: /home/kky/cde2310_ws/install/explore_lite_msgs/include/explore_lite_msgs/explore_lite_msgs
[0.355s] -- Up-to-date: /home/kky/cde2310_ws/install/explore_lite_msgs/include/explore_lite_msgs/explore_lite_msgs/msg
[0.355s] -- Up-to-date: /home/kky/cde2310_ws/install/explore_lite_msgs/include/explore_lite_msgs/explore_lite_msgs/msg/detail
[0.355s] -- Up-to-date: /home/kky/cde2310_ws/install/explore_lite_msgs/include/explore_lite_msgs/explore_lite_msgs/msg/detail/explore_status__type_support.cpp
[0.355s] -- Up-to-date: /home/kky/cde2310_ws/install/explore_lite_msgs/include/explore_lite_msgs/explore_lite_msgs/msg/detail/explore_status__rosidl_typesupport_introspection_cpp.hpp
[0.355s] -- Up-to-date: /home/kky/cde2310_ws/install/explore_lite_msgs/lib/libexplore_lite_msgs__rosidl_typesupport_introspection_cpp.so
[0.356s] -- Up-to-date: /home/kky/cde2310_ws/install/explore_lite_msgs/lib/libexplore_lite_msgs__rosidl_typesupport_cpp.so
[0.356s] -- Up-to-date: /home/kky/cde2310_ws/install/explore_lite_msgs/share/explore_lite_msgs/environment/pythonpath.sh
[0.356s] -- Up-to-date: /home/kky/cde2310_ws/install/explore_lite_msgs/share/explore_lite_msgs/environment/pythonpath.dsv
[0.356s] -- Up-to-date: /home/kky/cde2310_ws/install/explore_lite_msgs/local/lib/python3.10/dist-packages/explore_lite_msgs-1.0.0-py3.10.egg-info
[0.356s] -- Installing: /home/kky/cde2310_ws/install/explore_lite_msgs/local/lib/python3.10/dist-packages/explore_lite_msgs-1.0.0-py3.10.egg-info/PKG-INFO
[0.356s] -- Installing: /home/kky/cde2310_ws/install/explore_lite_msgs/local/lib/python3.10/dist-packages/explore_lite_msgs-1.0.0-py3.10.egg-info/top_level.txt
[0.357s] -- Installing: /home/kky/cde2310_ws/install/explore_lite_msgs/local/lib/python3.10/dist-packages/explore_lite_msgs-1.0.0-py3.10.egg-info/dependency_links.txt
[0.357s] -- Installing: /home/kky/cde2310_ws/install/explore_lite_msgs/local/lib/python3.10/dist-packages/explore_lite_msgs-1.0.0-py3.10.egg-info/SOURCES.txt
[0.357s] -- Up-to-date: /home/kky/cde2310_ws/install/explore_lite_msgs/local/lib/python3.10/dist-packages/explore_lite_msgs
[0.357s] -- Up-to-date: /home/kky/cde2310_ws/install/explore_lite_msgs/local/lib/python3.10/dist-packages/explore_lite_msgs/explore_lite_msgs_s__rosidl_typesupport_fastrtps_c.cpython-310-x86_64-linux-gnu.so
[0.357s] -- Up-to-date: /home/kky/cde2310_ws/install/explore_lite_msgs/local/lib/python3.10/dist-packages/explore_lite_msgs/msg
[0.357s] -- Up-to-date: /home/kky/cde2310_ws/install/explore_lite_msgs/local/lib/python3.10/dist-packages/explore_lite_msgs/msg/__init__.py
[0.357s] -- Up-to-date: /home/kky/cde2310_ws/install/explore_lite_msgs/local/lib/python3.10/dist-packages/explore_lite_msgs/msg/_explore_status_s.c
[0.357s] -- Up-to-date: /home/kky/cde2310_ws/install/explore_lite_msgs/local/lib/python3.10/dist-packages/explore_lite_msgs/msg/_explore_status.py
[0.357s] -- Up-to-date: /home/kky/cde2310_ws/install/explore_lite_msgs/local/lib/python3.10/dist-packages/explore_lite_msgs/libexplore_lite_msgs__rosidl_generator_py.so
[0.357s] -- Up-to-date: /home/kky/cde2310_ws/install/explore_lite_msgs/local/lib/python3.10/dist-packages/explore_lite_msgs/__init__.py
[0.357s] -- Up-to-date: /home/kky/cde2310_ws/install/explore_lite_msgs/local/lib/python3.10/dist-packages/explore_lite_msgs/_explore_lite_msgs_s.ep.rosidl_typesupport_introspection_c.c
[0.357s] -- Up-to-date: /home/kky/cde2310_ws/install/explore_lite_msgs/local/lib/python3.10/dist-packages/explore_lite_msgs/_explore_lite_msgs_s.ep.rosidl_typesupport_c.c
[0.358s] -- Up-to-date: /home/kky/cde2310_ws/install/explore_lite_msgs/local/lib/python3.10/dist-packages/explore_lite_msgs/_explore_lite_msgs_s.ep.rosidl_typesupport_fastrtps_c.c
[0.358s] -- Up-to-date: /home/kky/cde2310_ws/install/explore_lite_msgs/local/lib/python3.10/dist-packages/explore_lite_msgs/explore_lite_msgs_s__rosidl_typesupport_introspection_c.cpython-310-x86_64-linux-gnu.so
[0.358s] -- Up-to-date: /home/kky/cde2310_ws/install/explore_lite_msgs/local/lib/python3.10/dist-packages/explore_lite_msgs/explore_lite_msgs_s__rosidl_typesupport_c.cpython-310-x86_64-linux-gnu.so
[0.386s] Listing '/home/kky/cde2310_ws/install/explore_lite_msgs/local/lib/python3.10/dist-packages/explore_lite_msgs'...
[0.386s] Listing '/home/kky/cde2310_ws/install/explore_lite_msgs/local/lib/python3.10/dist-packages/explore_lite_msgs/msg'...
[0.390s] -- Up-to-date: /home/kky/cde2310_ws/install/explore_lite_msgs/local/lib/python3.10/dist-packages/explore_lite_msgs/explore_lite_msgs_s__rosidl_typesupport_fastrtps_c.cpython-310-x86_64-linux-gnu.so
[0.390s] -- Up-to-date: /home/kky/cde2310_ws/install/explore_lite_msgs/local/lib/python3.10/dist-packages/explore_lite_msgs/explore_lite_msgs_s__rosidl_typesupport_introspection_c.cpython-310-x86_64-linux-gnu.so
[0.390s] -- Up-to-date: /home/kky/cde2310_ws/install/explore_lite_msgs/local/lib/python3.10/dist-packages/explore_lite_msgs/explore_lite_msgs_s__rosidl_typesupport_c.cpython-310-x86_64-linux-gnu.so
[0.391s] -- Up-to-date: /home/kky/cde2310_ws/install/explore_lite_msgs/lib/libexplore_lite_msgs__rosidl_generator_py.so
[0.391s] -- Up-to-date: /home/kky/cde2310_ws/install/explore_lite_msgs/share/explore_lite_msgs/msg/ExploreStatus.idl
[0.391s] -- Up-to-date: /home/kky/cde2310_ws/install/explore_lite_msgs/share/explore_lite_msgs/msg/ExploreStatus.msg
[0.391s] -- Up-to-date: /home/kky/cde2310_ws/install/explore_lite_msgs/share/ament_index/resource_index/package_run_dependencies/explore_lite_msgs
[0.391s] -- Up-to-date: /home/kky/cde2310_ws/install/explore_lite_msgs/share/ament_index/resource_index/parent_prefix_path/explore_lite_msgs
[0.391s] -- Up-to-date: /home/kky/cde2310_ws/install/explore_lite_msgs/share/explore_lite_msgs/environment/ament_prefix_path.sh
[0.391s] -- Up-to-date: /home/kky/cde2310_ws/install/explore_lite_msgs/share/explore_lite_msgs/environment/ament_prefix_path.dsv
[0.391s] -- Up-to-date: /home/kky/cde2310_ws/install/explore_lite_msgs/share/explore_lite_msgs/environment/path.sh
[0.391s] -- Up-to-date: /home/kky/cde2310_ws/install/explore_lite_msgs/share/explore_lite_msgs/environment/path.dsv
[0.391s] -- Up-to-date: /home/kky/cde2310_ws/install/explore_lite_msgs/share/explore_lite_msgs/local_setup.bash
[0.391s] -- Up-to-date: /home/kky/cde2310_ws/install/explore_lite_msgs/share/explore_lite_msgs/local_setup.sh
[0.392s] -- Up-to-date: /home/kky/cde2310_ws/install/explore_lite_msgs/share/explore_lite_msgs/local_setup.zsh
[0.392s] -- Up-to-date: /home/kky/cde2310_ws/install/explore_lite_msgs/share/explore_lite_msgs/local_setup.dsv
[0.392s] -- Installing: /home/kky/cde2310_ws/install/explore_lite_msgs/share/explore_lite_msgs/package.dsv
[0.392s] -- Up-to-date: /home/kky/cde2310_ws/install/explore_lite_msgs/share/ament_index/resource_index/packages/explore_lite_msgs
[0.392s] -- Up-to-date: /home/kky/cde2310_ws/install/explore_lite_msgs/share/explore_lite_msgs/cmake/export_explore_lite_msgs__rosidl_generator_cExport.cmake
[0.392s] -- Up-to-date: /home/kky/cde2310_ws/install/explore_lite_msgs/share/explore_lite_msgs/cmake/export_explore_lite_msgs__rosidl_generator_cExport-noconfig.cmake
[0.392s] -- Up-to-date: /home/kky/cde2310_ws/install/explore_lite_msgs/share/explore_lite_msgs/cmake/export_explore_lite_msgs__rosidl_typesupport_fastrtps_cExport.cmake
[0.392s] -- Up-to-date: /home/kky/cde2310_ws/install/explore_lite_msgs/share/explore_lite_msgs/cmake/export_explore_lite_msgs__rosidl_typesupport_fastrtps_cExport-noconfig.cmake
[0.393s] -- Up-to-date: /home/kky/cde2310_ws/install/explore_lite_msgs/share/explore_lite_msgs/cmake/explore_lite_msgs__rosidl_typesupport_introspection_cExport.cmake
[0.393s] -- Up-to-date: /home/kky/cde2310_ws/install/explore_lite_msgs/share/explore_lite_msgs/cmake/explore_lite_msgs__rosidl_typesupport_introspection_cExport-noconfig.cmake
[0.393s] -- Up-to-date: /home/kky/cde2310_ws/install/explore_lite_msgs/share/explore_lite_msgs/cmake/explore_lite_msgs__rosidl_typesupport_cExport.cmake
[0.393s] -- Up-to-date: /home/kky/cde2310_ws/install/explore_lite_msgs/share/explore_lite_msgs/cmake/explore_lite_msgs__rosidl_typesupport_cExport-noconfig.cmake
[0.393s] -- Up-to-date: /home/kky/cde2310_ws/install/explore_lite_msgs/share/explore_lite_msgs/cmake/export_explore_lite_msgs__rosidl_generator_cppExport.cmake
[0.394s] -- Up-to-date: /home/kky/cde2310_ws/install/explore_lite_msgs/share/explore_lite_msgs/cmake/export_explore_lite_msgs__rosidl_typesupport_fastrtps_cppExport.cmake
[0.394s] -- Up-to-date: /home/kky/cde2310_ws/install/explore_lite_msgs/share/explore_lite_msgs/cmake/export_explore_lite_msgs__rosidl_typesupport_fastrtps_cppExport-noconfig.cmake
[0.394s] -- Up-to-date: /home/kky/cde2310_ws/install/explore_lite_msgs/share/explore_lite_msgs/cmake/explore_lite_msgs__rosidl_typesupport_introspection_cppExport.cmake
[0.394s] -- Up-to-date: /home/kky/cde2310_ws/install/explore_lite_msgs/share/explore_lite_msgs/cmake/explore_lite_msgs__rosidl_typesupport_introspection_cppExport-noconfig.cmake
[0.394s] -- Up-to-date: /home/kky/cde2310_ws/install/explore_lite_msgs/share/explore_lite_msgs/cmake/explore_lite_msgs__rosidl_typesupport_cppExport.cmake
[0.394s] -- Up-to-date: /home/kky/cde2310_ws/install/explore_lite_msgs/share/explore_lite_msgs/cmake/explore_lite_msgs__rosidl_typesupport_cppExport-noconfig.cmake
[0.394s] -- Up-to-date: /home/kky/cde2310_ws/install/explore_lite_msgs/share/explore_lite_msgs/cmake/export_explore_lite_msgs__rosidl_generator_pyExport.cmake
[0.395s] -- Up-to-date: /home/kky/cde2310_ws/install/explore_lite_msgs/share/explore_lite_msgs/cmake/export_explore_lite_msgs__rosidl_generator_pyExport-noconfig.cmake
[0.395s] -- Up-to-date: /home/kky/cde2310_ws/install/explore_lite_msgs/share/explore_lite_msgs/cmake/rosidl_cmake-extras.cmake
[0.395s] -- Up-to-date: /home/kky/cde2310_ws/install/explore_lite_msgs/share/explore_lite_msgs/cmake/ament_cmake_export_include_directories-extras.cmake
[0.395s] -- Up-to-date: /home/kky/cde2310_ws/install/explore_lite_msgs/share/explore_lite_msgs/cmake/ament_cmake_export_libraries-extras.cmake
[0.395s] -- Up-to-date: /home/kky/cde2310_ws/install/explore_lite_msgs/share/explore_lite_msgs/cmake/ament_cmake_export_targets-extras.cmake
[0.395s] -- Up-to-date: /home/kky/cde2310_ws/install/explore_lite_msgs/share/explore_lite_msgs/cmake/rosidl_cmake_export_typesupport_targets-extras.cmake
[0.395s] -- Up-to-date: /home/kky/cde2310_ws/install/explore_lite_msgs/share/explore_lite_msgs/cmake/ament_cmake_export_dependencies-extras.cmake
[0.395s] -- Up-to-date: /home/kky/cde2310_ws/install/explore_lite_msgs/share/explore_lite_msgs/cmake/rosidl_cmake_export_typesupport_libraries-extras.cmake
[0.395s] -- Up-to-date: /home/kky/cde2310_ws/install/explore_lite_msgs/share/explore_lite_msgs/cmake/explore_lite_msgsConfig.cmake
[0.395s] -- Up-to-date: /home/kky/cde2310_ws/install/explore_lite_msgs/share/explore_lite_msgs/cmake/explore_lite_msgsConfig-version.cmake
[0.395s] -- Up-to-date: /home/kky/cde2310_ws/install/explore_lite_msgs/share/explore_lite_msgs/package.xml
[0.397s] Invoked command in '/home/kky/cde2310_ws/build/explore_lite_msgs' returned '0': CMAKE_PREFIX_PATH=${CMAKE_PREFIX_PATH}:/home/kky/colcon_ws/install/py_pubsub:/home/kky/colcon_ws/install/cde2310_e2:/home/kky/colcon_ws/install/auto_nav:/home/kky/turtlebot3_ws/install/turtlebot3_teleop:/home/kky/turtlebot3_ws/install/turtlebot3_example:/opt/ros/humble /usr/bin/cmake --install /home/kky/cde2310_ws/build/explore_lite_msgs
