[0.079s] DEBUG:colcon:Command line arguments: ['/usr/bin/colcon', 'build', '--packages-select', 'explore_lite']
[0.079s] DEBUG:colcon:Parsed command line arguments: Namespace(log_base=None, log_level=None, verb_name='build', build_base='build', install_base='install', merge_install=False, symlink_install=False, test_result_base=None, continue_on_error=False, executor='parallel', parallel_workers=16, event_handlers=None, ignore_user_meta=False, metas=['./colcon.meta'], base_paths=['.'], packages_ignore=None, packages_ignore_regex=None, paths=None, packages_up_to=None, packages_up_to_regex=None, packages_above=None, packages_above_and_dependencies=None, packages_above_depth=None, packages_select_by_dep=None, packages_skip_by_dep=None, packages_skip_up_to=None, packages_select_build_failed=False, packages_skip_build_finished=False, packages_select_test_failures=False, packages_skip_test_passed=False, packages_select=['explore_lite'], packages_skip=None, packages_select_regex=None, packages_skip_regex=None, packages_start=None, packages_end=None, allow_overriding=[], cmake_args=None, cmake_target=None, cmake_target_skip_unavailable=False, cmake_clean_cache=False, cmake_clean_first=False, cmake_force_configure=False, ament_cmake_args=None, catkin_cmake_args=None, catkin_skip_building_tests=False, verb_parser=<colcon_defaults.argument_parser.defaults.DefaultArgumentsDecorator object at 0x753babd56290>, verb_extension=<colcon_core.verb.build.BuildVerb object at 0x753babe4f760>, main=<bound method BuildVerb.main of <colcon_core.verb.build.BuildVerb object at 0x753babe4f760>>)
[0.200s] Level 1:colcon.colcon_core.package_discovery:discover_packages(colcon_meta) check parameters
[0.200s] Level 1:colcon.colcon_core.package_discovery:discover_packages(recursive) check parameters
[0.200s] Level 1:colcon.colcon_core.package_discovery:discover_packages(ignore) check parameters
[0.200s] Level 1:colcon.colcon_core.package_discovery:discover_packages(path) check parameters
[0.200s] Level 1:colcon.colcon_core.package_discovery:discover_packages(colcon_meta) discover
[0.200s] Level 1:colcon.colcon_core.package_discovery:discover_packages(recursive) discover
[0.200s] INFO:colcon.colcon_core.package_discovery:Crawling recursively for packages in '/home/kky/cde2310_ws'
[0.200s] Level 1:colcon.colcon_core.package_identification:_identify(.) by extensions ['ignore', 'ignore_ament_install']
[0.200s] Level 1:colcon.colcon_core.package_identification:_identify(.) by extension 'ignore'
[0.200s] Level 1:colcon.colcon_core.package_identification:_identify(.) by extension 'ignore_ament_install'
[0.200s] Level 1:colcon.colcon_core.package_identification:_identify(.) by extensions ['colcon_pkg']
[0.200s] Level 1:colcon.colcon_core.package_identification:_identify(.) by extension 'colcon_pkg'
[0.200s] Level 1:colcon.colcon_core.package_identification:_identify(.) by extensions ['colcon_meta']
[0.200s] Level 1:colcon.colcon_core.package_identification:_identify(.) by extension 'colcon_meta'
[0.200s] Level 1:colcon.colcon_core.package_identification:_identify(.) by extensions ['ros']
[0.200s] Level 1:colcon.colcon_core.package_identification:_identify(.) by extension 'ros'
[0.235s] Level 1:colcon.colcon_core.package_identification:_identify(.) by extensions ['cmake', 'python']
[0.235s] Level 1:colcon.colcon_core.package_identification:_identify(.) by extension 'cmake'
[0.235s] Level 1:colcon.colcon_core.package_identification:_identify(.) by extension 'python'
[0.235s] Level 1:colcon.colcon_core.package_identification:_identify(.) by extensions ['python_setup_py']
[0.235s] Level 1:colcon.colcon_core.package_identification:_identify(.) by extension 'python_setup_py'
[0.235s] Level 1:colcon.colcon_core.package_identification:_identify(Submission_Documents) by extensions ['ignore', 'ignore_ament_install']
[0.235s] Level 1:colcon.colcon_core.package_identification:_identify(Submission_Documents) by extension 'ignore'
[0.236s] Level 1:colcon.colcon_core.package_identification:_identify(Submission_Documents) by extension 'ignore_ament_install'
[0.236s] Level 1:colcon.colcon_core.package_identification:_identify(Submission_Documents) by extensions ['colcon_pkg']
[0.236s] Level 1:colcon.colcon_core.package_identification:_identify(Submission_Documents) by extension 'colcon_pkg'
[0.236s] Level 1:colcon.colcon_core.package_identification:_identify(Submission_Documents) by extensions ['colcon_meta']
[0.236s] Level 1:colcon.colcon_core.package_identification:_identify(Submission_Documents) by extension 'colcon_meta'
[0.236s] Level 1:colcon.colcon_core.package_identification:_identify(Submission_Documents) by extensions ['ros']
[0.236s] Level 1:colcon.colcon_core.package_identification:_identify(Submission_Documents) by extension 'ros'
[0.236s] Level 1:colcon.colcon_core.package_identification:_identify(Submission_Documents) by extensions ['cmake', 'python']
[0.236s] Level 1:colcon.colcon_core.package_identification:_identify(Submission_Documents) by extension 'cmake'
[0.236s] Level 1:colcon.colcon_core.package_identification:_identify(Submission_Documents) by extension 'python'
[0.236s] Level 1:colcon.colcon_core.package_identification:_identify(Submission_Documents) by extensions ['python_setup_py']
[0.236s] Level 1:colcon.colcon_core.package_identification:_identify(Submission_Documents) by extension 'python_setup_py'
[0.236s] Level 1:colcon.colcon_core.package_identification:_identify(build) by extensions ['ignore', 'ignore_ament_install']
[0.236s] Level 1:colcon.colcon_core.package_identification:_identify(build) by extension 'ignore'
[0.236s] Level 1:colcon.colcon_core.package_identification:_identify(build) ignored
[0.236s] Level 1:colcon.colcon_core.package_identification:_identify(install) by extensions ['ignore', 'ignore_ament_install']
[0.236s] Level 1:colcon.colcon_core.package_identification:_identify(install) by extension 'ignore'
[0.236s] Level 1:colcon.colcon_core.package_identification:_identify(install) ignored
[0.236s] Level 1:colcon.colcon_core.package_identification:_identify(launch) by extensions ['ignore', 'ignore_ament_install']
[0.236s] Level 1:colcon.colcon_core.package_identification:_identify(launch) by extension 'ignore'
[0.236s] Level 1:colcon.colcon_core.package_identification:_identify(launch) by extension 'ignore_ament_install'
[0.236s] Level 1:colcon.colcon_core.package_identification:_identify(launch) by extensions ['colcon_pkg']
[0.237s] Level 1:colcon.colcon_core.package_identification:_identify(launch) by extension 'colcon_pkg'
[0.237s] Level 1:colcon.colcon_core.package_identification:_identify(launch) by extensions ['colcon_meta']
[0.237s] Level 1:colcon.colcon_core.package_identification:_identify(launch) by extension 'colcon_meta'
[0.237s] Level 1:colcon.colcon_core.package_identification:_identify(launch) by extensions ['ros']
[0.237s] Level 1:colcon.colcon_core.package_identification:_identify(launch) by extension 'ros'
[0.237s] Level 1:colcon.colcon_core.package_identification:_identify(launch) by extensions ['cmake', 'python']
[0.237s] Level 1:colcon.colcon_core.package_identification:_identify(launch) by extension 'cmake'
[0.237s] Level 1:colcon.colcon_core.package_identification:_identify(launch) by extension 'python'
[0.237s] Level 1:colcon.colcon_core.package_identification:_identify(launch) by extensions ['python_setup_py']
[0.237s] Level 1:colcon.colcon_core.package_identification:_identify(launch) by extension 'python_setup_py'
[0.237s] Level 1:colcon.colcon_core.package_identification:_identify(launch/__pycache__) by extensions ['ignore', 'ignore_ament_install']
[0.237s] Level 1:colcon.colcon_core.package_identification:_identify(launch/__pycache__) by extension 'ignore'
[0.237s] Level 1:colcon.colcon_core.package_identification:_identify(launch/__pycache__) by extension 'ignore_ament_install'
[0.237s] Level 1:colcon.colcon_core.package_identification:_identify(launch/__pycache__) by extensions ['colcon_pkg']
[0.237s] Level 1:colcon.colcon_core.package_identification:_identify(launch/__pycache__) by extension 'colcon_pkg'
[0.237s] Level 1:colcon.colcon_core.package_identification:_identify(launch/__pycache__) by extensions ['colcon_meta']
[0.237s] Level 1:colcon.colcon_core.package_identification:_identify(launch/__pycache__) by extension 'colcon_meta'
[0.237s] Level 1:colcon.colcon_core.package_identification:_identify(launch/__pycache__) by extensions ['ros']
[0.237s] Level 1:colcon.colcon_core.package_identification:_identify(launch/__pycache__) by extension 'ros'
[0.237s] Level 1:colcon.colcon_core.package_identification:_identify(launch/__pycache__) by extensions ['cmake', 'python']
[0.237s] Level 1:colcon.colcon_core.package_identification:_identify(launch/__pycache__) by extension 'cmake'
[0.237s] Level 1:colcon.colcon_core.package_identification:_identify(launch/__pycache__) by extension 'python'
[0.237s] Level 1:colcon.colcon_core.package_identification:_identify(launch/__pycache__) by extensions ['python_setup_py']
[0.237s] Level 1:colcon.colcon_core.package_identification:_identify(launch/__pycache__) by extension 'python_setup_py'
[0.237s] Level 1:colcon.colcon_core.package_identification:_identify(launch/param_files) by extensions ['ignore', 'ignore_ament_install']
[0.237s] Level 1:colcon.colcon_core.package_identification:_identify(launch/param_files) by extension 'ignore'
[0.237s] Level 1:colcon.colcon_core.package_identification:_identify(launch/param_files) by extension 'ignore_ament_install'
[0.238s] Level 1:colcon.colcon_core.package_identification:_identify(launch/param_files) by extensions ['colcon_pkg']
[0.238s] Level 1:colcon.colcon_core.package_identification:_identify(launch/param_files) by extension 'colcon_pkg'
[0.238s] Level 1:colcon.colcon_core.package_identification:_identify(launch/param_files) by extensions ['colcon_meta']
[0.238s] Level 1:colcon.colcon_core.package_identification:_identify(launch/param_files) by extension 'colcon_meta'
[0.238s] Level 1:colcon.colcon_core.package_identification:_identify(launch/param_files) by extensions ['ros']
[0.238s] Level 1:colcon.colcon_core.package_identification:_identify(launch/param_files) by extension 'ros'
[0.238s] Level 1:colcon.colcon_core.package_identification:_identify(launch/param_files) by extensions ['cmake', 'python']
[0.238s] Level 1:colcon.colcon_core.package_identification:_identify(launch/param_files) by extension 'cmake'
[0.238s] Level 1:colcon.colcon_core.package_identification:_identify(launch/param_files) by extension 'python'
[0.238s] Level 1:colcon.colcon_core.package_identification:_identify(launch/param_files) by extensions ['python_setup_py']
[0.238s] Level 1:colcon.colcon_core.package_identification:_identify(launch/param_files) by extension 'python_setup_py'
[0.238s] Level 1:colcon.colcon_core.package_identification:_identify(log) by extensions ['ignore', 'ignore_ament_install']
[0.238s] Level 1:colcon.colcon_core.package_identification:_identify(log) by extension 'ignore'
[0.238s] Level 1:colcon.colcon_core.package_identification:_identify(log) ignored
[0.238s] Level 1:colcon.colcon_core.package_identification:_identify(src) by extensions ['ignore', 'ignore_ament_install']
[0.238s] Level 1:colcon.colcon_core.package_identification:_identify(src) by extension 'ignore'
[0.238s] Level 1:colcon.colcon_core.package_identification:_identify(src) by extension 'ignore_ament_install'
[0.238s] Level 1:colcon.colcon_core.package_identification:_identify(src) by extensions ['colcon_pkg']
[0.238s] Level 1:colcon.colcon_core.package_identification:_identify(src) by extension 'colcon_pkg'
[0.238s] Level 1:colcon.colcon_core.package_identification:_identify(src) by extensions ['colcon_meta']
[0.238s] Level 1:colcon.colcon_core.package_identification:_identify(src) by extension 'colcon_meta'
[0.238s] Level 1:colcon.colcon_core.package_identification:_identify(src) by extensions ['ros']
[0.238s] Level 1:colcon.colcon_core.package_identification:_identify(src) by extension 'ros'
[0.238s] Level 1:colcon.colcon_core.package_identification:_identify(src) by extensions ['cmake', 'python']
[0.238s] Level 1:colcon.colcon_core.package_identification:_identify(src) by extension 'cmake'
[0.238s] Level 1:colcon.colcon_core.package_identification:_identify(src) by extension 'python'
[0.239s] Level 1:colcon.colcon_core.package_identification:_identify(src) by extensions ['python_setup_py']
[0.239s] Level 1:colcon.colcon_core.package_identification:_identify(src) by extension 'python_setup_py'
[0.239s] Level 1:colcon.colcon_core.package_identification:_identify(src/install) by extensions ['ignore', 'ignore_ament_install']
[0.239s] Level 1:colcon.colcon_core.package_identification:_identify(src/install) by extension 'ignore'
[0.239s] Level 1:colcon.colcon_core.package_identification:_identify(src/install) by extension 'ignore_ament_install'
[0.239s] Level 1:colcon.colcon_core.package_identification:_identify(src/install) by extensions ['colcon_pkg']
[0.239s] Level 1:colcon.colcon_core.package_identification:_identify(src/install) by extension 'colcon_pkg'
[0.239s] Level 1:colcon.colcon_core.package_identification:_identify(src/install) by extensions ['colcon_meta']
[0.239s] Level 1:colcon.colcon_core.package_identification:_identify(src/install) by extension 'colcon_meta'
[0.239s] Level 1:colcon.colcon_core.package_identification:_identify(src/install) by extensions ['ros']
[0.239s] Level 1:colcon.colcon_core.package_identification:_identify(src/install) by extension 'ros'
[0.239s] Level 1:colcon.colcon_core.package_identification:_identify(src/install) by extensions ['cmake', 'python']
[0.239s] Level 1:colcon.colcon_core.package_identification:_identify(src/install) by extension 'cmake'
[0.239s] Level 1:colcon.colcon_core.package_identification:_identify(src/install) by extension 'python'
[0.239s] Level 1:colcon.colcon_core.package_identification:_identify(src/install) by extensions ['python_setup_py']
[0.239s] Level 1:colcon.colcon_core.package_identification:_identify(src/install) by extension 'python_setup_py'
[0.239s] Level 1:colcon.colcon_core.package_identification:_identify(src/install/nav2aruco) by extensions ['ignore', 'ignore_ament_install']
[0.239s] Level 1:colcon.colcon_core.package_identification:_identify(src/install/nav2aruco) by extension 'ignore'
[0.239s] Level 1:colcon.colcon_core.package_identification:_identify(src/install/nav2aruco) by extension 'ignore_ament_install'
[0.239s] Level 1:colcon.colcon_core.package_identification:_identify(src/install/nav2aruco) by extensions ['colcon_pkg']
[0.239s] Level 1:colcon.colcon_core.package_identification:_identify(src/install/nav2aruco) by extension 'colcon_pkg'
[0.239s] Level 1:colcon.colcon_core.package_identification:_identify(src/install/nav2aruco) by extensions ['colcon_meta']
[0.239s] Level 1:colcon.colcon_core.package_identification:_identify(src/install/nav2aruco) by extension 'colcon_meta'
[0.239s] Level 1:colcon.colcon_core.package_identification:_identify(src/install/nav2aruco) by extensions ['ros']
[0.239s] Level 1:colcon.colcon_core.package_identification:_identify(src/install/nav2aruco) by extension 'ros'
[0.239s] Level 1:colcon.colcon_core.package_identification:_identify(src/install/nav2aruco) by extensions ['cmake', 'python']
[0.239s] Level 1:colcon.colcon_core.package_identification:_identify(src/install/nav2aruco) by extension 'cmake'
[0.239s] Level 1:colcon.colcon_core.package_identification:_identify(src/install/nav2aruco) by extension 'python'
[0.239s] Level 1:colcon.colcon_core.package_identification:_identify(src/install/nav2aruco) by extensions ['python_setup_py']
[0.239s] Level 1:colcon.colcon_core.package_identification:_identify(src/install/nav2aruco) by extension 'python_setup_py'
[0.240s] Level 1:colcon.colcon_core.package_identification:_identify(src/install/nav2aruco/lib) by extensions ['ignore', 'ignore_ament_install']
[0.240s] Level 1:colcon.colcon_core.package_identification:_identify(src/install/nav2aruco/lib) by extension 'ignore'
[0.240s] Level 1:colcon.colcon_core.package_identification:_identify(src/install/nav2aruco/lib) by extension 'ignore_ament_install'
[0.240s] Level 1:colcon.colcon_core.package_identification:_identify(src/install/nav2aruco/lib) by extensions ['colcon_pkg']
[0.240s] Level 1:colcon.colcon_core.package_identification:_identify(src/install/nav2aruco/lib) by extension 'colcon_pkg'
[0.240s] Level 1:colcon.colcon_core.package_identification:_identify(src/install/nav2aruco/lib) by extensions ['colcon_meta']
[0.240s] Level 1:colcon.colcon_core.package_identification:_identify(src/install/nav2aruco/lib) by extension 'colcon_meta'
[0.240s] Level 1:colcon.colcon_core.package_identification:_identify(src/install/nav2aruco/lib) by extensions ['ros']
[0.240s] Level 1:colcon.colcon_core.package_identification:_identify(src/install/nav2aruco/lib) by extension 'ros'
[0.240s] Level 1:colcon.colcon_core.package_identification:_identify(src/install/nav2aruco/lib) by extensions ['cmake', 'python']
[0.240s] Level 1:colcon.colcon_core.package_identification:_identify(src/install/nav2aruco/lib) by extension 'cmake'
[0.240s] Level 1:colcon.colcon_core.package_identification:_identify(src/install/nav2aruco/lib) by extension 'python'
[0.240s] Level 1:colcon.colcon_core.package_identification:_identify(src/install/nav2aruco/lib) by extensions ['python_setup_py']
[0.240s] Level 1:colcon.colcon_core.package_identification:_identify(src/install/nav2aruco/lib) by extension 'python_setup_py'
[0.240s] Level 1:colcon.colcon_core.package_identification:_identify(src/install/nav2aruco/lib/python3.10) by extensions ['ignore', 'ignore_ament_install']
[0.240s] Level 1:colcon.colcon_core.package_identification:_identify(src/install/nav2aruco/lib/python3.10) by extension 'ignore'
[0.240s] Level 1:colcon.colcon_core.package_identification:_identify(src/install/nav2aruco/lib/python3.10) by extension 'ignore_ament_install'
[0.240s] Level 1:colcon.colcon_core.package_identification:_identify(src/install/nav2aruco/lib/python3.10) by extensions ['colcon_pkg']
[0.240s] Level 1:colcon.colcon_core.package_identification:_identify(src/install/nav2aruco/lib/python3.10) by extension 'colcon_pkg'
[0.240s] Level 1:colcon.colcon_core.package_identification:_identify(src/install/nav2aruco/lib/python3.10) by extensions ['colcon_meta']
[0.240s] Level 1:colcon.colcon_core.package_identification:_identify(src/install/nav2aruco/lib/python3.10) by extension 'colcon_meta'
[0.240s] Level 1:colcon.colcon_core.package_identification:_identify(src/install/nav2aruco/lib/python3.10) by extensions ['ros']
[0.240s] Level 1:colcon.colcon_core.package_identification:_identify(src/install/nav2aruco/lib/python3.10) by extension 'ros'
[0.240s] Level 1:colcon.colcon_core.package_identification:_identify(src/install/nav2aruco/lib/python3.10) by extensions ['cmake', 'python']
[0.240s] Level 1:colcon.colcon_core.package_identification:_identify(src/install/nav2aruco/lib/python3.10) by extension 'cmake'
[0.240s] Level 1:colcon.colcon_core.package_identification:_identify(src/install/nav2aruco/lib/python3.10) by extension 'python'
[0.240s] Level 1:colcon.colcon_core.package_identification:_identify(src/install/nav2aruco/lib/python3.10) by extensions ['python_setup_py']
[0.240s] Level 1:colcon.colcon_core.package_identification:_identify(src/install/nav2aruco/lib/python3.10) by extension 'python_setup_py'
[0.241s] Level 1:colcon.colcon_core.package_identification:_identify(src/install/nav2aruco/lib/python3.10/site-packages) by extensions ['ignore', 'ignore_ament_install']
[0.241s] Level 1:colcon.colcon_core.package_identification:_identify(src/install/nav2aruco/lib/python3.10/site-packages) by extension 'ignore'
[0.241s] Level 1:colcon.colcon_core.package_identification:_identify(src/install/nav2aruco/lib/python3.10/site-packages) by extension 'ignore_ament_install'
[0.241s] Level 1:colcon.colcon_core.package_identification:_identify(src/install/nav2aruco/lib/python3.10/site-packages) by extensions ['colcon_pkg']
[0.241s] Level 1:colcon.colcon_core.package_identification:_identify(src/install/nav2aruco/lib/python3.10/site-packages) by extension 'colcon_pkg'
[0.241s] Level 1:colcon.colcon_core.package_identification:_identify(src/install/nav2aruco/lib/python3.10/site-packages) by extensions ['colcon_meta']
[0.241s] Level 1:colcon.colcon_core.package_identification:_identify(src/install/nav2aruco/lib/python3.10/site-packages) by extension 'colcon_meta'
[0.241s] Level 1:colcon.colcon_core.package_identification:_identify(src/install/nav2aruco/lib/python3.10/site-packages) by extensions ['ros']
[0.241s] Level 1:colcon.colcon_core.package_identification:_identify(src/install/nav2aruco/lib/python3.10/site-packages) by extension 'ros'
[0.241s] Level 1:colcon.colcon_core.package_identification:_identify(src/install/nav2aruco/lib/python3.10/site-packages) by extensions ['cmake', 'python']
[0.241s] Level 1:colcon.colcon_core.package_identification:_identify(src/install/nav2aruco/lib/python3.10/site-packages) by extension 'cmake'
[0.241s] Level 1:colcon.colcon_core.package_identification:_identify(src/install/nav2aruco/lib/python3.10/site-packages) by extension 'python'
[0.241s] Level 1:colcon.colcon_core.package_identification:_identify(src/install/nav2aruco/lib/python3.10/site-packages) by extensions ['python_setup_py']
[0.241s] Level 1:colcon.colcon_core.package_identification:_identify(src/install/nav2aruco/lib/python3.10/site-packages) by extension 'python_setup_py'
[0.241s] Level 1:colcon.colcon_core.package_identification:_identify(src/install/nav2aruco/lib/python3.10/site-packages/nav2aruco) by extensions ['ignore', 'ignore_ament_install']
[0.241s] Level 1:colcon.colcon_core.package_identification:_identify(src/install/nav2aruco/lib/python3.10/site-packages/nav2aruco) by extension 'ignore'
[0.241s] Level 1:colcon.colcon_core.package_identification:_identify(src/install/nav2aruco/lib/python3.10/site-packages/nav2aruco) by extension 'ignore_ament_install'
[0.241s] Level 1:colcon.colcon_core.package_identification:_identify(src/install/nav2aruco/lib/python3.10/site-packages/nav2aruco) by extensions ['colcon_pkg']
[0.241s] Level 1:colcon.colcon_core.package_identification:_identify(src/install/nav2aruco/lib/python3.10/site-packages/nav2aruco) by extension 'colcon_pkg'
[0.241s] Level 1:colcon.colcon_core.package_identification:_identify(src/install/nav2aruco/lib/python3.10/site-packages/nav2aruco) by extensions ['colcon_meta']
[0.241s] Level 1:colcon.colcon_core.package_identification:_identify(src/install/nav2aruco/lib/python3.10/site-packages/nav2aruco) by extension 'colcon_meta'
[0.241s] Level 1:colcon.colcon_core.package_identification:_identify(src/install/nav2aruco/lib/python3.10/site-packages/nav2aruco) by extensions ['ros']
[0.241s] Level 1:colcon.colcon_core.package_identification:_identify(src/install/nav2aruco/lib/python3.10/site-packages/nav2aruco) by extension 'ros'
[0.241s] Level 1:colcon.colcon_core.package_identification:_identify(src/install/nav2aruco/lib/python3.10/site-packages/nav2aruco) by extensions ['cmake', 'python']
[0.241s] Level 1:colcon.colcon_core.package_identification:_identify(src/install/nav2aruco/lib/python3.10/site-packages/nav2aruco) by extension 'cmake'
[0.242s] Level 1:colcon.colcon_core.package_identification:_identify(src/install/nav2aruco/lib/python3.10/site-packages/nav2aruco) by extension 'python'
[0.242s] Level 1:colcon.colcon_core.package_identification:_identify(src/install/nav2aruco/lib/python3.10/site-packages/nav2aruco) by extensions ['python_setup_py']
[0.242s] Level 1:colcon.colcon_core.package_identification:_identify(src/install/nav2aruco/lib/python3.10/site-packages/nav2aruco) by extension 'python_setup_py'
[0.242s] Level 1:colcon.colcon_core.package_identification:_identify(src/m-explore-ros2-main) by extensions ['ignore', 'ignore_ament_install']
[0.242s] Level 1:colcon.colcon_core.package_identification:_identify(src/m-explore-ros2-main) by extension 'ignore'
[0.242s] Level 1:colcon.colcon_core.package_identification:_identify(src/m-explore-ros2-main) by extension 'ignore_ament_install'
[0.242s] Level 1:colcon.colcon_core.package_identification:_identify(src/m-explore-ros2-main) by extensions ['colcon_pkg']
[0.242s] Level 1:colcon.colcon_core.package_identification:_identify(src/m-explore-ros2-main) by extension 'colcon_pkg'
[0.242s] Level 1:colcon.colcon_core.package_identification:_identify(src/m-explore-ros2-main) by extensions ['colcon_meta']
[0.242s] Level 1:colcon.colcon_core.package_identification:_identify(src/m-explore-ros2-main) by extension 'colcon_meta'
[0.242s] Level 1:colcon.colcon_core.package_identification:_identify(src/m-explore-ros2-main) by extensions ['ros']
[0.242s] Level 1:colcon.colcon_core.package_identification:_identify(src/m-explore-ros2-main) by extension 'ros'
[0.242s] Level 1:colcon.colcon_core.package_identification:_identify(src/m-explore-ros2-main) by extensions ['cmake', 'python']
[0.242s] Level 1:colcon.colcon_core.package_identification:_identify(src/m-explore-ros2-main) by extension 'cmake'
[0.242s] Level 1:colcon.colcon_core.package_identification:_identify(src/m-explore-ros2-main) by extension 'python'
[0.242s] Level 1:colcon.colcon_core.package_identification:_identify(src/m-explore-ros2-main) by extensions ['python_setup_py']
[0.242s] Level 1:colcon.colcon_core.package_identification:_identify(src/m-explore-ros2-main) by extension 'python_setup_py'
[0.242s] Level 1:colcon.colcon_core.package_identification:_identify(src/m-explore-ros2-main/explore) by extensions ['ignore', 'ignore_ament_install']
[0.242s] Level 1:colcon.colcon_core.package_identification:_identify(src/m-explore-ros2-main/explore) by extension 'ignore'
[0.242s] Level 1:colcon.colcon_core.package_identification:_identify(src/m-explore-ros2-main/explore) by extension 'ignore_ament_install'
[0.242s] Level 1:colcon.colcon_core.package_identification:_identify(src/m-explore-ros2-main/explore) by extensions ['colcon_pkg']
[0.242s] Level 1:colcon.colcon_core.package_identification:_identify(src/m-explore-ros2-main/explore) by extension 'colcon_pkg'
[0.242s] Level 1:colcon.colcon_core.package_identification:_identify(src/m-explore-ros2-main/explore) by extensions ['colcon_meta']
[0.242s] Level 1:colcon.colcon_core.package_identification:_identify(src/m-explore-ros2-main/explore) by extension 'colcon_meta'
[0.242s] Level 1:colcon.colcon_core.package_identification:_identify(src/m-explore-ros2-main/explore) by extensions ['ros']
[0.242s] Level 1:colcon.colcon_core.package_identification:_identify(src/m-explore-ros2-main/explore) by extension 'ros'
[0.245s] DEBUG:colcon.colcon_core.package_identification:Package 'src/m-explore-ros2-main/explore' with type 'ros.ament_cmake' and name 'explore_lite'
[0.245s] Level 1:colcon.colcon_core.package_identification:_identify(src/m-explore-ros2-main/explore_lite_msgs) by extensions ['ignore', 'ignore_ament_install']
[0.245s] Level 1:colcon.colcon_core.package_identification:_identify(src/m-explore-ros2-main/explore_lite_msgs) by extension 'ignore'
[0.245s] Level 1:colcon.colcon_core.package_identification:_identify(src/m-explore-ros2-main/explore_lite_msgs) by extension 'ignore_ament_install'
[0.245s] Level 1:colcon.colcon_core.package_identification:_identify(src/m-explore-ros2-main/explore_lite_msgs) by extensions ['colcon_pkg']
[0.245s] Level 1:colcon.colcon_core.package_identification:_identify(src/m-explore-ros2-main/explore_lite_msgs) by extension 'colcon_pkg'
[0.245s] Level 1:colcon.colcon_core.package_identification:_identify(src/m-explore-ros2-main/explore_lite_msgs) by extensions ['colcon_meta']
[0.245s] Level 1:colcon.colcon_core.package_identification:_identify(src/m-explore-ros2-main/explore_lite_msgs) by extension 'colcon_meta'
[0.245s] Level 1:colcon.colcon_core.package_identification:_identify(src/m-explore-ros2-main/explore_lite_msgs) by extensions ['ros']
[0.245s] Level 1:colcon.colcon_core.package_identification:_identify(src/m-explore-ros2-main/explore_lite_msgs) by extension 'ros'
[0.245s] DEBUG:colcon.colcon_core.package_identification:Package 'src/m-explore-ros2-main/explore_lite_msgs' with type 'ros.ament_cmake' and name 'explore_lite_msgs'
[0.246s] Level 1:colcon.colcon_core.package_identification:_identify(src/m-explore-ros2-main/map_merge) by extensions ['ignore', 'ignore_ament_install']
[0.246s] Level 1:colcon.colcon_core.package_identification:_identify(src/m-explore-ros2-main/map_merge) by extension 'ignore'
[0.246s] Level 1:colcon.colcon_core.package_identification:_identify(src/m-explore-ros2-main/map_merge) by extension 'ignore_ament_install'
[0.246s] Level 1:colcon.colcon_core.package_identification:_identify(src/m-explore-ros2-main/map_merge) by extensions ['colcon_pkg']
[0.246s] Level 1:colcon.colcon_core.package_identification:_identify(src/m-explore-ros2-main/map_merge) by extension 'colcon_pkg'
[0.246s] Level 1:colcon.colcon_core.package_identification:_identify(src/m-explore-ros2-main/map_merge) by extensions ['colcon_meta']
[0.246s] Level 1:colcon.colcon_core.package_identification:_identify(src/m-explore-ros2-main/map_merge) by extension 'colcon_meta'
[0.246s] Level 1:colcon.colcon_core.package_identification:_identify(src/m-explore-ros2-main/map_merge) by extensions ['ros']
[0.246s] Level 1:colcon.colcon_core.package_identification:_identify(src/m-explore-ros2-main/map_merge) by extension 'ros'
[0.247s] DEBUG:colcon.colcon_core.package_identification:Package 'src/m-explore-ros2-main/map_merge' with type 'ros.ament_cmake' and name 'multirobot_map_merge'
[0.247s] Level 1:colcon.colcon_core.package_identification:_identify(src/mission_fsm) by extensions ['ignore', 'ignore_ament_install']
[0.247s] Level 1:colcon.colcon_core.package_identification:_identify(src/mission_fsm) by extension 'ignore'
[0.247s] Level 1:colcon.colcon_core.package_identification:_identify(src/mission_fsm) by extension 'ignore_ament_install'
[0.247s] Level 1:colcon.colcon_core.package_identification:_identify(src/mission_fsm) by extensions ['colcon_pkg']
[0.247s] Level 1:colcon.colcon_core.package_identification:_identify(src/mission_fsm) by extension 'colcon_pkg'
[0.247s] Level 1:colcon.colcon_core.package_identification:_identify(src/mission_fsm) by extensions ['colcon_meta']
[0.247s] Level 1:colcon.colcon_core.package_identification:_identify(src/mission_fsm) by extension 'colcon_meta'
[0.247s] Level 1:colcon.colcon_core.package_identification:_identify(src/mission_fsm) by extensions ['ros']
[0.247s] Level 1:colcon.colcon_core.package_identification:_identify(src/mission_fsm) by extension 'ros'
[0.247s] DEBUG:colcon.colcon_core.package_identification:Package 'src/mission_fsm' with type 'ros.ament_python' and name 'mission_fsm'
[0.247s] Level 1:colcon.colcon_core.package_identification:_identify(src/nav2aruco) by extensions ['ignore', 'ignore_ament_install']
[0.247s] Level 1:colcon.colcon_core.package_identification:_identify(src/nav2aruco) by extension 'ignore'
[0.248s] Level 1:colcon.colcon_core.package_identification:_identify(src/nav2aruco) by extension 'ignore_ament_install'
[0.248s] Level 1:colcon.colcon_core.package_identification:_identify(src/nav2aruco) by extensions ['colcon_pkg']
[0.248s] Level 1:colcon.colcon_core.package_identification:_identify(src/nav2aruco) by extension 'colcon_pkg'
[0.248s] Level 1:colcon.colcon_core.package_identification:_identify(src/nav2aruco) by extensions ['colcon_meta']
[0.248s] Level 1:colcon.colcon_core.package_identification:_identify(src/nav2aruco) by extension 'colcon_meta'
[0.248s] Level 1:colcon.colcon_core.package_identification:_identify(src/nav2aruco) by extensions ['ros']
[0.248s] Level 1:colcon.colcon_core.package_identification:_identify(src/nav2aruco) by extension 'ros'
[0.248s] DEBUG:colcon.colcon_core.package_identification:Package 'src/nav2aruco' with type 'ros.ament_python' and name 'nav2aruco'
[0.248s] Level 1:colcon.colcon_core.package_identification:_identify(src/scan_filter) by extensions ['ignore', 'ignore_ament_install']
[0.248s] Level 1:colcon.colcon_core.package_identification:_identify(src/scan_filter) by extension 'ignore'
[0.248s] Level 1:colcon.colcon_core.package_identification:_identify(src/scan_filter) by extension 'ignore_ament_install'
[0.248s] Level 1:colcon.colcon_core.package_identification:_identify(src/scan_filter) by extensions ['colcon_pkg']
[0.248s] Level 1:colcon.colcon_core.package_identification:_identify(src/scan_filter) by extension 'colcon_pkg'
[0.248s] Level 1:colcon.colcon_core.package_identification:_identify(src/scan_filter) by extensions ['colcon_meta']
[0.248s] Level 1:colcon.colcon_core.package_identification:_identify(src/scan_filter) by extension 'colcon_meta'
[0.248s] Level 1:colcon.colcon_core.package_identification:_identify(src/scan_filter) by extensions ['ros']
[0.248s] Level 1:colcon.colcon_core.package_identification:_identify(src/scan_filter) by extension 'ros'
[0.249s] DEBUG:colcon.colcon_core.package_identification:Package 'src/scan_filter' with type 'ros.ament_python' and name 'scan_filter'
[0.249s] Level 1:colcon.colcon_core.package_discovery:discover_packages(recursive) using defaults
[0.249s] Level 1:colcon.colcon_core.package_discovery:discover_packages(ignore) discover
[0.249s] Level 1:colcon.colcon_core.package_discovery:discover_packages(ignore) using defaults
[0.249s] Level 1:colcon.colcon_core.package_discovery:discover_packages(path) discover
[0.249s] Level 1:colcon.colcon_core.package_discovery:discover_packages(path) using defaults
[0.265s] INFO:colcon.colcon_core.package_selection:Skipping not selected package 'explore_lite_msgs' in 'src/m-explore-ros2-main/explore_lite_msgs'
[0.265s] INFO:colcon.colcon_core.package_selection:Skipping not selected package 'mission_fsm' in 'src/mission_fsm'
[0.265s] INFO:colcon.colcon_core.package_selection:Skipping not selected package 'multirobot_map_merge' in 'src/m-explore-ros2-main/map_merge'
[0.265s] INFO:colcon.colcon_core.package_selection:Skipping not selected package 'nav2aruco' in 'src/nav2aruco'
[0.265s] INFO:colcon.colcon_core.package_selection:Skipping not selected package 'scan_filter' in 'src/scan_filter'
[0.265s] Level 1:colcon.colcon_core.package_discovery:discover_packages(prefix_path) check parameters
[0.265s] Level 1:colcon.colcon_core.package_discovery:discover_packages(prefix_path) discover
[0.267s] DEBUG:colcon.colcon_installed_package_information.package_discovery:Found 6 installed packages in /home/kky/cde2310_ws/install
[0.268s] DEBUG:colcon.colcon_installed_package_information.package_discovery:Found 8 installed packages in /home/kky/colcon_ws/install
[0.268s] DEBUG:colcon.colcon_installed_package_information.package_discovery:Found 12 installed packages in /home/kky/turtlebot3_ws/install
[0.270s] DEBUG:colcon.colcon_installed_package_information.package_discovery:Found 336 installed packages in /opt/ros/humble
[0.271s] Level 1:colcon.colcon_core.package_discovery:discover_packages(prefix_path) using defaults
[0.301s] Level 5:colcon.colcon_core.verb:set package 'explore_lite' build argument 'cmake_args' from command line to 'None'
[0.301s] Level 5:colcon.colcon_core.verb:set package 'explore_lite' build argument 'cmake_target' from command line to 'None'
[0.301s] Level 5:colcon.colcon_core.verb:set package 'explore_lite' build argument 'cmake_target_skip_unavailable' from command line to 'False'
[0.302s] Level 5:colcon.colcon_core.verb:set package 'explore_lite' build argument 'cmake_clean_cache' from command line to 'False'
[0.302s] Level 5:colcon.colcon_core.verb:set package 'explore_lite' build argument 'cmake_clean_first' from command line to 'False'
[0.302s] Level 5:colcon.colcon_core.verb:set package 'explore_lite' build argument 'cmake_force_configure' from command line to 'False'
[0.302s] Level 5:colcon.colcon_core.verb:set package 'explore_lite' build argument 'ament_cmake_args' from command line to 'None'
[0.302s] Level 5:colcon.colcon_core.verb:set package 'explore_lite' build argument 'catkin_cmake_args' from command line to 'None'
[0.302s] Level 5:colcon.colcon_core.verb:set package 'explore_lite' build argument 'catkin_skip_building_tests' from command line to 'False'
[0.302s] DEBUG:colcon.colcon_core.verb:Building package 'explore_lite' with the following arguments: {'ament_cmake_args': None, 'build_base': '/home/kky/cde2310_ws/build/explore_lite', 'catkin_cmake_args': None, 'catkin_skip_building_tests': False, 'cmake_args': None, 'cmake_clean_cache': False, 'cmake_clean_first': False, 'cmake_force_configure': False, 'cmake_target': None, 'cmake_target_skip_unavailable': False, 'install_base': '/home/kky/cde2310_ws/install/explore_lite', 'merge_install': False, 'path': '/home/kky/cde2310_ws/src/m-explore-ros2-main/explore', 'symlink_install': False, 'test_result_base': None}
[0.302s] INFO:colcon.colcon_core.executor:Executing jobs using 'parallel' executor
[0.303s] DEBUG:colcon.colcon_parallel_executor.executor.parallel:run_until_complete
[0.303s] INFO:colcon.colcon_ros.task.ament_cmake.build:Building ROS package in '/home/kky/cde2310_ws/src/m-explore-ros2-main/explore' with build type 'ament_cmake'
[0.303s] INFO:colcon.colcon_cmake.task.cmake.build:Building CMake package in '/home/kky/cde2310_ws/src/m-explore-ros2-main/explore'
[0.305s] INFO:colcon.colcon_core.plugin_system:Skipping extension 'colcon_core.shell.bat': Not used on non-Windows systems
[0.305s] INFO:colcon.colcon_core.shell:Skip shell extension 'powershell' for command environment: Not usable outside of PowerShell
[0.305s] DEBUG:colcon.colcon_core.shell:Skip shell extension 'dsv' for command environment
[0.353s] DEBUG:colcon.colcon_core.event_handler.log_command:Invoking command in '/home/kky/cde2310_ws/build/explore_lite': CMAKE_PREFIX_PATH=/home/kky/cde2310_ws/install/explore_lite_msgs:/home/kky/cde2310_ws/install/multirobot_map_merge:/home/kky/cde2310_ws/install/explore_lite:/home/kky/colcon_ws/install/turtlebot3_simulations:/home/kky/colcon_ws/install/turtlebot3_gazebo:/home/kky/colcon_ws/install/turtlebot3_fake_node:/home/kky/colcon_ws/install/multirobot_map_merge:/home/kky/colcon_ws/install/explore_lite:/home/kky/turtlebot3_ws/install/turtlebot3:/home/kky/turtlebot3_ws/install/turtlebot3_bringup:/home/kky/turtlebot3_ws/install/turtlebot3_node:/home/kky/turtlebot3_ws/install/turtlebot3_navigation2:/home/kky/turtlebot3_ws/install/turtlebot3_msgs:/home/kky/turtlebot3_ws/install/turtlebot3_description:/home/kky/turtlebot3_ws/install/turtlebot3_cartographer:/home/kky/turtlebot3_ws/install/dynamixel_sdk_examples:/home/kky/turtlebot3_ws/install/dynamixel_sdk_custom_interfaces:/home/kky/turtlebot3_ws/install/dynamixel_sdk:/home/kky/cde2310_ws/install/scan_filter:/home/kky/cde2310_ws/install/nav2aruco:/home/kky/cde2310_ws/install/mission_fsm:/home/kky/colcon_ws/install/py_pubsub:/home/kky/colcon_ws/install/cde2310_e2:/home/kky/colcon_ws/install/auto_nav:/home/kky/turtlebot3_ws/install/turtlebot3_teleop:/home/kky/turtlebot3_ws/install/turtlebot3_example:/opt/ros/humble LD_LIBRARY_PATH=/home/kky/cde2310_ws/install/explore_lite_msgs/lib:/home/kky/cde2310_ws/install/multirobot_map_merge/lib:/home/kky/colcon_ws/install/multirobot_map_merge/lib:/home/kky/turtlebot3_ws/install/turtlebot3_msgs/lib:/home/kky/turtlebot3_ws/install/dynamixel_sdk_custom_interfaces/lib:/home/kky/turtlebot3_ws/install/dynamixel_sdk/lib:/usr/lib/x86_64-linux-gnu/gazebo-11/plugins:/opt/ros/humble/opt/rviz_ogre_vendor/lib:/opt/ros/humble/lib/x86_64-linux-gnu:/opt/ros/humble/lib:/usr/lib/x86_64-linux-gnu/gazebo-11/plugins /usr/bin/cmake --build /home/kky/cde2310_ws/build/explore_lite -- -j16 -l16
[0.511s] DEBUG:colcon.colcon_core.event_handler.log_command:Invoked command in '/home/kky/cde2310_ws/build/explore_lite' returned '0': CMAKE_PREFIX_PATH=/home/kky/cde2310_ws/install/explore_lite_msgs:/home/kky/cde2310_ws/install/multirobot_map_merge:/home/kky/cde2310_ws/install/explore_lite:/home/kky/colcon_ws/install/turtlebot3_simulations:/home/kky/colcon_ws/install/turtlebot3_gazebo:/home/kky/colcon_ws/install/turtlebot3_fake_node:/home/kky/colcon_ws/install/multirobot_map_merge:/home/kky/colcon_ws/install/explore_lite:/home/kky/turtlebot3_ws/install/turtlebot3:/home/kky/turtlebot3_ws/install/turtlebot3_bringup:/home/kky/turtlebot3_ws/install/turtlebot3_node:/home/kky/turtlebot3_ws/install/turtlebot3_navigation2:/home/kky/turtlebot3_ws/install/turtlebot3_msgs:/home/kky/turtlebot3_ws/install/turtlebot3_description:/home/kky/turtlebot3_ws/install/turtlebot3_cartographer:/home/kky/turtlebot3_ws/install/dynamixel_sdk_examples:/home/kky/turtlebot3_ws/install/dynamixel_sdk_custom_interfaces:/home/kky/turtlebot3_ws/install/dynamixel_sdk:/home/kky/cde2310_ws/install/scan_filter:/home/kky/cde2310_ws/install/nav2aruco:/home/kky/cde2310_ws/install/mission_fsm:/home/kky/colcon_ws/install/py_pubsub:/home/kky/colcon_ws/install/cde2310_e2:/home/kky/colcon_ws/install/auto_nav:/home/kky/turtlebot3_ws/install/turtlebot3_teleop:/home/kky/turtlebot3_ws/install/turtlebot3_example:/opt/ros/humble LD_LIBRARY_PATH=/home/kky/cde2310_ws/install/explore_lite_msgs/lib:/home/kky/cde2310_ws/install/multirobot_map_merge/lib:/home/kky/colcon_ws/install/multirobot_map_merge/lib:/home/kky/turtlebot3_ws/install/turtlebot3_msgs/lib:/home/kky/turtlebot3_ws/install/dynamixel_sdk_custom_interfaces/lib:/home/kky/turtlebot3_ws/install/dynamixel_sdk/lib:/usr/lib/x86_64-linux-gnu/gazebo-11/plugins:/opt/ros/humble/opt/rviz_ogre_vendor/lib:/opt/ros/humble/lib/x86_64-linux-gnu:/opt/ros/humble/lib:/usr/lib/x86_64-linux-gnu/gazebo-11/plugins /usr/bin/cmake --build /home/kky/cde2310_ws/build/explore_lite -- -j16 -l16
[0.524s] DEBUG:colcon.colcon_core.event_handler.log_command:Invoking command in '/home/kky/cde2310_ws/build/explore_lite': CMAKE_PREFIX_PATH=/home/kky/cde2310_ws/install/explore_lite_msgs:/home/kky/cde2310_ws/install/multirobot_map_merge:/home/kky/cde2310_ws/install/explore_lite:/home/kky/colcon_ws/install/turtlebot3_simulations:/home/kky/colcon_ws/install/turtlebot3_gazebo:/home/kky/colcon_ws/install/turtlebot3_fake_node:/home/kky/colcon_ws/install/multirobot_map_merge:/home/kky/colcon_ws/install/explore_lite:/home/kky/turtlebot3_ws/install/turtlebot3:/home/kky/turtlebot3_ws/install/turtlebot3_bringup:/home/kky/turtlebot3_ws/install/turtlebot3_node:/home/kky/turtlebot3_ws/install/turtlebot3_navigation2:/home/kky/turtlebot3_ws/install/turtlebot3_msgs:/home/kky/turtlebot3_ws/install/turtlebot3_description:/home/kky/turtlebot3_ws/install/turtlebot3_cartographer:/home/kky/turtlebot3_ws/install/dynamixel_sdk_examples:/home/kky/turtlebot3_ws/install/dynamixel_sdk_custom_interfaces:/home/kky/turtlebot3_ws/install/dynamixel_sdk:/home/kky/cde2310_ws/install/scan_filter:/home/kky/cde2310_ws/install/nav2aruco:/home/kky/cde2310_ws/install/mission_fsm:/home/kky/colcon_ws/install/py_pubsub:/home/kky/colcon_ws/install/cde2310_e2:/home/kky/colcon_ws/install/auto_nav:/home/kky/turtlebot3_ws/install/turtlebot3_teleop:/home/kky/turtlebot3_ws/install/turtlebot3_example:/opt/ros/humble LD_LIBRARY_PATH=/home/kky/cde2310_ws/install/explore_lite_msgs/lib:/home/kky/cde2310_ws/install/multirobot_map_merge/lib:/home/kky/colcon_ws/install/multirobot_map_merge/lib:/home/kky/turtlebot3_ws/install/turtlebot3_msgs/lib:/home/kky/turtlebot3_ws/install/dynamixel_sdk_custom_interfaces/lib:/home/kky/turtlebot3_ws/install/dynamixel_sdk/lib:/usr/lib/x86_64-linux-gnu/gazebo-11/plugins:/opt/ros/humble/opt/rviz_ogre_vendor/lib:/opt/ros/humble/lib/x86_64-linux-gnu:/opt/ros/humble/lib:/usr/lib/x86_64-linux-gnu/gazebo-11/plugins /usr/bin/cmake --install /home/kky/cde2310_ws/build/explore_lite
[0.536s] Level 1:colcon.colcon_core.environment:create_environment_scripts_only(explore_lite)
[0.537s] DEBUG:colcon.colcon_core.event_handler.log_command:Invoked command in '/home/kky/cde2310_ws/build/explore_lite' returned '0': CMAKE_PREFIX_PATH=/home/kky/cde2310_ws/install/explore_lite_msgs:/home/kky/cde2310_ws/install/multirobot_map_merge:/home/kky/cde2310_ws/install/explore_lite:/home/kky/colcon_ws/install/turtlebot3_simulations:/home/kky/colcon_ws/install/turtlebot3_gazebo:/home/kky/colcon_ws/install/turtlebot3_fake_node:/home/kky/colcon_ws/install/multirobot_map_merge:/home/kky/colcon_ws/install/explore_lite:/home/kky/turtlebot3_ws/install/turtlebot3:/home/kky/turtlebot3_ws/install/turtlebot3_bringup:/home/kky/turtlebot3_ws/install/turtlebot3_node:/home/kky/turtlebot3_ws/install/turtlebot3_navigation2:/home/kky/turtlebot3_ws/install/turtlebot3_msgs:/home/kky/turtlebot3_ws/install/turtlebot3_description:/home/kky/turtlebot3_ws/install/turtlebot3_cartographer:/home/kky/turtlebot3_ws/install/dynamixel_sdk_examples:/home/kky/turtlebot3_ws/install/dynamixel_sdk_custom_interfaces:/home/kky/turtlebot3_ws/install/dynamixel_sdk:/home/kky/cde2310_ws/install/scan_filter:/home/kky/cde2310_ws/install/nav2aruco:/home/kky/cde2310_ws/install/mission_fsm:/home/kky/colcon_ws/install/py_pubsub:/home/kky/colcon_ws/install/cde2310_e2:/home/kky/colcon_ws/install/auto_nav:/home/kky/turtlebot3_ws/install/turtlebot3_teleop:/home/kky/turtlebot3_ws/install/turtlebot3_example:/opt/ros/humble LD_LIBRARY_PATH=/home/kky/cde2310_ws/install/explore_lite_msgs/lib:/home/kky/cde2310_ws/install/multirobot_map_merge/lib:/home/kky/colcon_ws/install/multirobot_map_merge/lib:/home/kky/turtlebot3_ws/install/turtlebot3_msgs/lib:/home/kky/turtlebot3_ws/install/dynamixel_sdk_custom_interfaces/lib:/home/kky/turtlebot3_ws/install/dynamixel_sdk/lib:/usr/lib/x86_64-linux-gnu/gazebo-11/plugins:/opt/ros/humble/opt/rviz_ogre_vendor/lib:/opt/ros/humble/lib/x86_64-linux-gnu:/opt/ros/humble/lib:/usr/lib/x86_64-linux-gnu/gazebo-11/plugins /usr/bin/cmake --install /home/kky/cde2310_ws/build/explore_lite
[0.540s] Level 1:colcon.colcon_core.environment:checking '/home/kky/cde2310_ws/install/explore_lite' for CMake module files
[0.541s] Level 1:colcon.colcon_core.environment:checking '/home/kky/cde2310_ws/install/explore_lite' for CMake config files
[0.541s] Level 1:colcon.colcon_core.shell:create_environment_hook('explore_lite', 'cmake_prefix_path')
[0.541s] INFO:colcon.colcon_core.shell:Creating environment hook '/home/kky/cde2310_ws/install/explore_lite/share/explore_lite/hook/cmake_prefix_path.ps1'
[0.542s] INFO:colcon.colcon_core.shell:Creating environment descriptor '/home/kky/cde2310_ws/install/explore_lite/share/explore_lite/hook/cmake_prefix_path.dsv'
[0.543s] INFO:colcon.colcon_core.shell:Creating environment hook '/home/kky/cde2310_ws/install/explore_lite/share/explore_lite/hook/cmake_prefix_path.sh'
[0.544s] Level 1:colcon.colcon_core.environment:checking '/home/kky/cde2310_ws/install/explore_lite/lib'
[0.544s] Level 1:colcon.colcon_core.environment:checking '/home/kky/cde2310_ws/install/explore_lite/bin'
[0.545s] Level 1:colcon.colcon_core.environment:checking '/home/kky/cde2310_ws/install/explore_lite/lib/pkgconfig/explore_lite.pc'
[0.545s] Level 1:colcon.colcon_core.environment:checking '/home/kky/cde2310_ws/install/explore_lite/lib/python3.10/site-packages'
[0.545s] Level 1:colcon.colcon_core.environment:checking '/home/kky/cde2310_ws/install/explore_lite/bin'
[0.545s] INFO:colcon.colcon_core.shell:Creating package script '/home/kky/cde2310_ws/install/explore_lite/share/explore_lite/package.ps1'
[0.546s] INFO:colcon.colcon_core.shell:Creating package descriptor '/home/kky/cde2310_ws/install/explore_lite/share/explore_lite/package.dsv'
[0.548s] INFO:colcon.colcon_core.shell:Creating package script '/home/kky/cde2310_ws/install/explore_lite/share/explore_lite/package.sh'
[0.549s] INFO:colcon.colcon_core.shell:Creating package script '/home/kky/cde2310_ws/install/explore_lite/share/explore_lite/package.bash'
[0.550s] INFO:colcon.colcon_core.shell:Creating package script '/home/kky/cde2310_ws/install/explore_lite/share/explore_lite/package.zsh'
[0.551s] Level 1:colcon.colcon_core.environment:create_file_with_runtime_dependencies(/home/kky/cde2310_ws/install/explore_lite/share/colcon-core/packages/explore_lite)
[0.552s] Level 1:colcon.colcon_core.environment:create_environment_scripts_only(explore_lite)
[0.552s] Level 1:colcon.colcon_core.environment:checking '/home/kky/cde2310_ws/install/explore_lite' for CMake module files
[0.552s] Level 1:colcon.colcon_core.environment:checking '/home/kky/cde2310_ws/install/explore_lite' for CMake config files
[0.552s] Level 1:colcon.colcon_core.shell:create_environment_hook('explore_lite', 'cmake_prefix_path')
[0.552s] INFO:colcon.colcon_core.shell:Creating environment hook '/home/kky/cde2310_ws/install/explore_lite/share/explore_lite/hook/cmake_prefix_path.ps1'
[0.553s] INFO:colcon.colcon_core.shell:Creating environment descriptor '/home/kky/cde2310_ws/install/explore_lite/share/explore_lite/hook/cmake_prefix_path.dsv'
[0.553s] INFO:colcon.colcon_core.shell:Creating environment hook '/home/kky/cde2310_ws/install/explore_lite/share/explore_lite/hook/cmake_prefix_path.sh'
[0.553s] Level 1:colcon.colcon_core.environment:checking '/home/kky/cde2310_ws/install/explore_lite/lib'
[0.553s] Level 1:colcon.colcon_core.environment:checking '/home/kky/cde2310_ws/install/explore_lite/bin'
[0.553s] Level 1:colcon.colcon_core.environment:checking '/home/kky/cde2310_ws/install/explore_lite/lib/pkgconfig/explore_lite.pc'
[0.554s] Level 1:colcon.colcon_core.environment:checking '/home/kky/cde2310_ws/install/explore_lite/lib/python3.10/site-packages'
[0.554s] Level 1:colcon.colcon_core.environment:checking '/home/kky/cde2310_ws/install/explore_lite/bin'
[0.554s] INFO:colcon.colcon_core.shell:Creating package script '/home/kky/cde2310_ws/install/explore_lite/share/explore_lite/package.ps1'
[0.554s] INFO:colcon.colcon_core.shell:Creating package descriptor '/home/kky/cde2310_ws/install/explore_lite/share/explore_lite/package.dsv'
[0.555s] INFO:colcon.colcon_core.shell:Creating package script '/home/kky/cde2310_ws/install/explore_lite/share/explore_lite/package.sh'
[0.555s] INFO:colcon.colcon_core.shell:Creating package script '/home/kky/cde2310_ws/install/explore_lite/share/explore_lite/package.bash'
[0.555s] INFO:colcon.colcon_core.shell:Creating package script '/home/kky/cde2310_ws/install/explore_lite/share/explore_lite/package.zsh'
[0.556s] Level 1:colcon.colcon_core.environment:create_file_with_runtime_dependencies(/home/kky/cde2310_ws/install/explore_lite/share/colcon-core/packages/explore_lite)
[0.556s] DEBUG:colcon.colcon_parallel_executor.executor.parallel:closing loop
[0.556s] DEBUG:colcon.colcon_parallel_executor.executor.parallel:loop closed
[0.556s] DEBUG:colcon.colcon_parallel_executor.executor.parallel:run_until_complete finished with '0'
[0.556s] DEBUG:colcon.colcon_core.event_reactor:joining thread
[0.561s] INFO:colcon.colcon_core.plugin_system:Skipping extension 'colcon_notification.desktop_notification.terminal_notifier': Not used on non-Darwin systems
[0.561s] INFO:colcon.colcon_core.plugin_system:Skipping extension 'colcon_notification.desktop_notification.win32': Not used on non-Windows systems
[0.561s] INFO:colcon.colcon_notification.desktop_notification:Sending desktop notification using 'notify2'
[0.572s] DEBUG:colcon.colcon_core.event_reactor:joined thread
[0.572s] INFO:colcon.colcon_core.shell:Creating prefix script '/home/kky/cde2310_ws/install/local_setup.ps1'
[0.573s] INFO:colcon.colcon_core.shell:Creating prefix util module '/home/kky/cde2310_ws/install/_local_setup_util_ps1.py'
[0.574s] INFO:colcon.colcon_core.shell:Creating prefix chain script '/home/kky/cde2310_ws/install/setup.ps1'
[0.576s] INFO:colcon.colcon_core.shell:Creating prefix script '/home/kky/cde2310_ws/install/local_setup.sh'
[0.576s] INFO:colcon.colcon_core.shell:Creating prefix util module '/home/kky/cde2310_ws/install/_local_setup_util_sh.py'
[0.576s] INFO:colcon.colcon_core.shell:Creating prefix chain script '/home/kky/cde2310_ws/install/setup.sh'
[0.578s] INFO:colcon.colcon_core.shell:Creating prefix script '/home/kky/cde2310_ws/install/local_setup.bash'
[0.578s] INFO:colcon.colcon_core.shell:Creating prefix chain script '/home/kky/cde2310_ws/install/setup.bash'
[0.580s] INFO:colcon.colcon_core.shell:Creating prefix script '/home/kky/cde2310_ws/install/local_setup.zsh'
[0.580s] INFO:colcon.colcon_core.shell:Creating prefix chain script '/home/kky/cde2310_ws/install/setup.zsh'
