[0.928s] DEBUG:colcon:Command line arguments: ['/usr/bin/colcon', 'build', '--packages-select', 'docking_pid']
[0.929s] DEBUG:colcon:Parsed command line arguments: Namespace(log_base=None, log_level=None, verb_name='build', build_base='build', install_base='install', merge_install=False, symlink_install=False, test_result_base=None, continue_on_error=False, executor='parallel', parallel_workers=16, event_handlers=None, ignore_user_meta=False, metas=['./colcon.meta'], base_paths=['.'], packages_ignore=None, packages_ignore_regex=None, paths=None, packages_up_to=None, packages_up_to_regex=None, packages_above=None, packages_above_and_dependencies=None, packages_above_depth=None, packages_select_by_dep=None, packages_skip_by_dep=None, packages_skip_up_to=None, packages_select_build_failed=False, packages_skip_build_finished=False, packages_select_test_failures=False, packages_skip_test_passed=False, packages_select=['docking_pid'], packages_skip=None, packages_select_regex=None, packages_skip_regex=None, packages_start=None, packages_end=None, allow_overriding=[], cmake_args=None, cmake_target=None, cmake_target_skip_unavailable=False, cmake_clean_cache=False, cmake_clean_first=False, cmake_force_configure=False, ament_cmake_args=None, catkin_cmake_args=None, catkin_skip_building_tests=False, verb_parser=<colcon_defaults.argument_parser.defaults.DefaultArgumentsDecorator object at 0x7a20cb83e590>, verb_extension=<colcon_core.verb.build.BuildVerb object at 0x7a20cb92fa60>, main=<bound method BuildVerb.main of <colcon_core.verb.build.BuildVerb object at 0x7a20cb92fa60>>)
[2.373s] Level 1:colcon.colcon_core.package_discovery:discover_packages(colcon_meta) check parameters
[2.374s] Level 1:colcon.colcon_core.package_discovery:discover_packages(recursive) check parameters
[2.374s] Level 1:colcon.colcon_core.package_discovery:discover_packages(ignore) check parameters
[2.375s] Level 1:colcon.colcon_core.package_discovery:discover_packages(path) check parameters
[2.375s] Level 1:colcon.colcon_core.package_discovery:discover_packages(colcon_meta) discover
[2.376s] Level 1:colcon.colcon_core.package_discovery:discover_packages(recursive) discover
[2.376s] INFO:colcon.colcon_core.package_discovery:Crawling recursively for packages in '/home/kky/cde2310_ws'
[2.377s] Level 1:colcon.colcon_core.package_identification:_identify(.) by extensions ['ignore', 'ignore_ament_install']
[2.378s] Level 1:colcon.colcon_core.package_identification:_identify(.) by extension 'ignore'
[2.379s] Level 1:colcon.colcon_core.package_identification:_identify(.) by extension 'ignore_ament_install'
[2.379s] Level 1:colcon.colcon_core.package_identification:_identify(.) by extensions ['colcon_pkg']
[2.380s] Level 1:colcon.colcon_core.package_identification:_identify(.) by extension 'colcon_pkg'
[2.380s] Level 1:colcon.colcon_core.package_identification:_identify(.) by extensions ['colcon_meta']
[2.381s] Level 1:colcon.colcon_core.package_identification:_identify(.) by extension 'colcon_meta'
[2.381s] Level 1:colcon.colcon_core.package_identification:_identify(.) by extensions ['ros']
[2.381s] Level 1:colcon.colcon_core.package_identification:_identify(.) by extension 'ros'
[2.660s] Level 1:colcon.colcon_core.package_identification:_identify(.) by extensions ['cmake', 'python']
[2.661s] Level 1:colcon.colcon_core.package_identification:_identify(.) by extension 'cmake'
[2.661s] Level 1:colcon.colcon_core.package_identification:_identify(.) by extension 'python'
[2.662s] Level 1:colcon.colcon_core.package_identification:_identify(.) by extensions ['python_setup_py']
[2.662s] Level 1:colcon.colcon_core.package_identification:_identify(.) by extension 'python_setup_py'
[2.663s] Level 1:colcon.colcon_core.package_identification:_identify(Submission_Documents) by extensions ['ignore', 'ignore_ament_install']
[2.664s] Level 1:colcon.colcon_core.package_identification:_identify(Submission_Documents) by extension 'ignore'
[2.665s] Level 1:colcon.colcon_core.package_identification:_identify(Submission_Documents) by extension 'ignore_ament_install'
[2.665s] Level 1:colcon.colcon_core.package_identification:_identify(Submission_Documents) by extensions ['colcon_pkg']
[2.666s] Level 1:colcon.colcon_core.package_identification:_identify(Submission_Documents) by extension 'colcon_pkg'
[2.666s] Level 1:colcon.colcon_core.package_identification:_identify(Submission_Documents) by extensions ['colcon_meta']
[2.667s] Level 1:colcon.colcon_core.package_identification:_identify(Submission_Documents) by extension 'colcon_meta'
[2.667s] Level 1:colcon.colcon_core.package_identification:_identify(Submission_Documents) by extensions ['ros']
[2.667s] Level 1:colcon.colcon_core.package_identification:_identify(Submission_Documents) by extension 'ros'
[2.668s] Level 1:colcon.colcon_core.package_identification:_identify(Submission_Documents) by extensions ['cmake', 'python']
[2.668s] Level 1:colcon.colcon_core.package_identification:_identify(Submission_Documents) by extension 'cmake'
[2.669s] Level 1:colcon.colcon_core.package_identification:_identify(Submission_Documents) by extension 'python'
[2.669s] Level 1:colcon.colcon_core.package_identification:_identify(Submission_Documents) by extensions ['python_setup_py']
[2.670s] Level 1:colcon.colcon_core.package_identification:_identify(Submission_Documents) by extension 'python_setup_py'
[2.670s] Level 1:colcon.colcon_core.package_identification:_identify(build) by extensions ['ignore', 'ignore_ament_install']
[2.671s] Level 1:colcon.colcon_core.package_identification:_identify(build) by extension 'ignore'
[2.672s] Level 1:colcon.colcon_core.package_identification:_identify(build) ignored
[2.673s] Level 1:colcon.colcon_core.package_identification:_identify(install) by extensions ['ignore', 'ignore_ament_install']
[2.673s] Level 1:colcon.colcon_core.package_identification:_identify(install) by extension 'ignore'
[2.674s] Level 1:colcon.colcon_core.package_identification:_identify(install) ignored
[2.675s] Level 1:colcon.colcon_core.package_identification:_identify(launch) by extensions ['ignore', 'ignore_ament_install']
[2.676s] Level 1:colcon.colcon_core.package_identification:_identify(launch) by extension 'ignore'
[2.676s] Level 1:colcon.colcon_core.package_identification:_identify(launch) by extension 'ignore_ament_install'
[2.677s] Level 1:colcon.colcon_core.package_identification:_identify(launch) by extensions ['colcon_pkg']
[2.677s] Level 1:colcon.colcon_core.package_identification:_identify(launch) by extension 'colcon_pkg'
[2.677s] Level 1:colcon.colcon_core.package_identification:_identify(launch) by extensions ['colcon_meta']
[2.678s] Level 1:colcon.colcon_core.package_identification:_identify(launch) by extension 'colcon_meta'
[2.678s] Level 1:colcon.colcon_core.package_identification:_identify(launch) by extensions ['ros']
[2.678s] Level 1:colcon.colcon_core.package_identification:_identify(launch) by extension 'ros'
[2.679s] Level 1:colcon.colcon_core.package_identification:_identify(launch) by extensions ['cmake', 'python']
[2.679s] Level 1:colcon.colcon_core.package_identification:_identify(launch) by extension 'cmake'
[2.680s] Level 1:colcon.colcon_core.package_identification:_identify(launch) by extension 'python'
[2.680s] Level 1:colcon.colcon_core.package_identification:_identify(launch) by extensions ['python_setup_py']
[2.680s] Level 1:colcon.colcon_core.package_identification:_identify(launch) by extension 'python_setup_py'
[2.681s] Level 1:colcon.colcon_core.package_identification:_identify(launch/__pycache__) by extensions ['ignore', 'ignore_ament_install']
[2.682s] Level 1:colcon.colcon_core.package_identification:_identify(launch/__pycache__) by extension 'ignore'
[2.682s] Level 1:colcon.colcon_core.package_identification:_identify(launch/__pycache__) by extension 'ignore_ament_install'
[2.683s] Level 1:colcon.colcon_core.package_identification:_identify(launch/__pycache__) by extensions ['colcon_pkg']
[2.683s] Level 1:colcon.colcon_core.package_identification:_identify(launch/__pycache__) by extension 'colcon_pkg'
[2.683s] Level 1:colcon.colcon_core.package_identification:_identify(launch/__pycache__) by extensions ['colcon_meta']
[2.684s] Level 1:colcon.colcon_core.package_identification:_identify(launch/__pycache__) by extension 'colcon_meta'
[2.684s] Level 1:colcon.colcon_core.package_identification:_identify(launch/__pycache__) by extensions ['ros']
[2.685s] Level 1:colcon.colcon_core.package_identification:_identify(launch/__pycache__) by extension 'ros'
[2.685s] Level 1:colcon.colcon_core.package_identification:_identify(launch/__pycache__) by extensions ['cmake', 'python']
[2.686s] Level 1:colcon.colcon_core.package_identification:_identify(launch/__pycache__) by extension 'cmake'
[2.686s] Level 1:colcon.colcon_core.package_identification:_identify(launch/__pycache__) by extension 'python'
[2.686s] Level 1:colcon.colcon_core.package_identification:_identify(launch/__pycache__) by extensions ['python_setup_py']
[2.687s] Level 1:colcon.colcon_core.package_identification:_identify(launch/__pycache__) by extension 'python_setup_py'
[2.687s] Level 1:colcon.colcon_core.package_identification:_identify(launch/param_files) by extensions ['ignore', 'ignore_ament_install']
[2.688s] Level 1:colcon.colcon_core.package_identification:_identify(launch/param_files) by extension 'ignore'
[2.689s] Level 1:colcon.colcon_core.package_identification:_identify(launch/param_files) by extension 'ignore_ament_install'
[2.689s] Level 1:colcon.colcon_core.package_identification:_identify(launch/param_files) by extensions ['colcon_pkg']
[2.689s] Level 1:colcon.colcon_core.package_identification:_identify(launch/param_files) by extension 'colcon_pkg'
[2.690s] Level 1:colcon.colcon_core.package_identification:_identify(launch/param_files) by extensions ['colcon_meta']
[2.690s] Level 1:colcon.colcon_core.package_identification:_identify(launch/param_files) by extension 'colcon_meta'
[2.690s] Level 1:colcon.colcon_core.package_identification:_identify(launch/param_files) by extensions ['ros']
[2.691s] Level 1:colcon.colcon_core.package_identification:_identify(launch/param_files) by extension 'ros'
[2.691s] Level 1:colcon.colcon_core.package_identification:_identify(launch/param_files) by extensions ['cmake', 'python']
[2.692s] Level 1:colcon.colcon_core.package_identification:_identify(launch/param_files) by extension 'cmake'
[2.692s] Level 1:colcon.colcon_core.package_identification:_identify(launch/param_files) by extension 'python'
[2.692s] Level 1:colcon.colcon_core.package_identification:_identify(launch/param_files) by extensions ['python_setup_py']
[2.693s] Level 1:colcon.colcon_core.package_identification:_identify(launch/param_files) by extension 'python_setup_py'
[2.694s] Level 1:colcon.colcon_core.package_identification:_identify(log) by extensions ['ignore', 'ignore_ament_install']
[2.695s] Level 1:colcon.colcon_core.package_identification:_identify(log) by extension 'ignore'
[2.696s] Level 1:colcon.colcon_core.package_identification:_identify(log) ignored
[2.697s] Level 1:colcon.colcon_core.package_identification:_identify(src) by extensions ['ignore', 'ignore_ament_install']
[2.698s] Level 1:colcon.colcon_core.package_identification:_identify(src) by extension 'ignore'
[2.698s] Level 1:colcon.colcon_core.package_identification:_identify(src) by extension 'ignore_ament_install'
[2.698s] Level 1:colcon.colcon_core.package_identification:_identify(src) by extensions ['colcon_pkg']
[2.699s] Level 1:colcon.colcon_core.package_identification:_identify(src) by extension 'colcon_pkg'
[2.699s] Level 1:colcon.colcon_core.package_identification:_identify(src) by extensions ['colcon_meta']
[2.700s] Level 1:colcon.colcon_core.package_identification:_identify(src) by extension 'colcon_meta'
[2.700s] Level 1:colcon.colcon_core.package_identification:_identify(src) by extensions ['ros']
[2.700s] Level 1:colcon.colcon_core.package_identification:_identify(src) by extension 'ros'
[2.701s] Level 1:colcon.colcon_core.package_identification:_identify(src) by extensions ['cmake', 'python']
[2.701s] Level 1:colcon.colcon_core.package_identification:_identify(src) by extension 'cmake'
[2.702s] Level 1:colcon.colcon_core.package_identification:_identify(src) by extension 'python'
[2.702s] Level 1:colcon.colcon_core.package_identification:_identify(src) by extensions ['python_setup_py']
[2.703s] Level 1:colcon.colcon_core.package_identification:_identify(src) by extension 'python_setup_py'
[2.703s] Level 1:colcon.colcon_core.package_identification:_identify(src/docking_pid) by extensions ['ignore', 'ignore_ament_install']
[2.704s] Level 1:colcon.colcon_core.package_identification:_identify(src/docking_pid) by extension 'ignore'
[2.705s] Level 1:colcon.colcon_core.package_identification:_identify(src/docking_pid) by extension 'ignore_ament_install'
[2.705s] Level 1:colcon.colcon_core.package_identification:_identify(src/docking_pid) by extensions ['colcon_pkg']
[2.705s] Level 1:colcon.colcon_core.package_identification:_identify(src/docking_pid) by extension 'colcon_pkg'
[2.706s] Level 1:colcon.colcon_core.package_identification:_identify(src/docking_pid) by extensions ['colcon_meta']
[2.706s] Level 1:colcon.colcon_core.package_identification:_identify(src/docking_pid) by extension 'colcon_meta'
[2.706s] Level 1:colcon.colcon_core.package_identification:_identify(src/docking_pid) by extensions ['ros']
[2.707s] Level 1:colcon.colcon_core.package_identification:_identify(src/docking_pid) by extension 'ros'
[2.725s] DEBUG:colcon.colcon_core.package_identification:Package 'src/docking_pid' with type 'ros.ament_python' and name 'docking_pid'
[2.726s] Level 1:colcon.colcon_core.package_identification:_identify(src/install) by extensions ['ignore', 'ignore_ament_install']
[2.727s] Level 1:colcon.colcon_core.package_identification:_identify(src/install) by extension 'ignore'
[2.727s] Level 1:colcon.colcon_core.package_identification:_identify(src/install) by extension 'ignore_ament_install'
[2.728s] Level 1:colcon.colcon_core.package_identification:_identify(src/install) by extensions ['colcon_pkg']
[2.729s] Level 1:colcon.colcon_core.package_identification:_identify(src/install) by extension 'colcon_pkg'
[2.729s] Level 1:colcon.colcon_core.package_identification:_identify(src/install) by extensions ['colcon_meta']
[2.730s] Level 1:colcon.colcon_core.package_identification:_identify(src/install) by extension 'colcon_meta'
[2.730s] Level 1:colcon.colcon_core.package_identification:_identify(src/install) by extensions ['ros']
[2.730s] Level 1:colcon.colcon_core.package_identification:_identify(src/install) by extension 'ros'
[2.731s] Level 1:colcon.colcon_core.package_identification:_identify(src/install) by extensions ['cmake', 'python']
[2.732s] Level 1:colcon.colcon_core.package_identification:_identify(src/install) by extension 'cmake'
[2.732s] Level 1:colcon.colcon_core.package_identification:_identify(src/install) by extension 'python'
[2.732s] Level 1:colcon.colcon_core.package_identification:_identify(src/install) by extensions ['python_setup_py']
[2.733s] Level 1:colcon.colcon_core.package_identification:_identify(src/install) by extension 'python_setup_py'
[2.734s] Level 1:colcon.colcon_core.package_identification:_identify(src/install/nav2aruco) by extensions ['ignore', 'ignore_ament_install']
[2.734s] Level 1:colcon.colcon_core.package_identification:_identify(src/install/nav2aruco) by extension 'ignore'
[2.735s] Level 1:colcon.colcon_core.package_identification:_identify(src/install/nav2aruco) by extension 'ignore_ament_install'
[2.736s] Level 1:colcon.colcon_core.package_identification:_identify(src/install/nav2aruco) by extensions ['colcon_pkg']
[2.736s] Level 1:colcon.colcon_core.package_identification:_identify(src/install/nav2aruco) by extension 'colcon_pkg'
[2.736s] Level 1:colcon.colcon_core.package_identification:_identify(src/install/nav2aruco) by extensions ['colcon_meta']
[2.737s] Level 1:colcon.colcon_core.package_identification:_identify(src/install/nav2aruco) by extension 'colcon_meta'
[2.737s] Level 1:colcon.colcon_core.package_identification:_identify(src/install/nav2aruco) by extensions ['ros']
[2.738s] Level 1:colcon.colcon_core.package_identification:_identify(src/install/nav2aruco) by extension 'ros'
[2.738s] Level 1:colcon.colcon_core.package_identification:_identify(src/install/nav2aruco) by extensions ['cmake', 'python']
[2.739s] Level 1:colcon.colcon_core.package_identification:_identify(src/install/nav2aruco) by extension 'cmake'
[2.739s] Level 1:colcon.colcon_core.package_identification:_identify(src/install/nav2aruco) by extension 'python'
[2.739s] Level 1:colcon.colcon_core.package_identification:_identify(src/install/nav2aruco) by extensions ['python_setup_py']
[2.740s] Level 1:colcon.colcon_core.package_identification:_identify(src/install/nav2aruco) by extension 'python_setup_py'
[2.741s] Level 1:colcon.colcon_core.package_identification:_identify(src/install/nav2aruco/lib) by extensions ['ignore', 'ignore_ament_install']
[2.741s] Level 1:colcon.colcon_core.package_identification:_identify(src/install/nav2aruco/lib) by extension 'ignore'
[2.742s] Level 1:colcon.colcon_core.package_identification:_identify(src/install/nav2aruco/lib) by extension 'ignore_ament_install'
[2.743s] Level 1:colcon.colcon_core.package_identification:_identify(src/install/nav2aruco/lib) by extensions ['colcon_pkg']
[2.743s] Level 1:colcon.colcon_core.package_identification:_identify(src/install/nav2aruco/lib) by extension 'colcon_pkg'
[2.743s] Level 1:colcon.colcon_core.package_identification:_identify(src/install/nav2aruco/lib) by extensions ['colcon_meta']
[2.744s] Level 1:colcon.colcon_core.package_identification:_identify(src/install/nav2aruco/lib) by extension 'colcon_meta'
[2.744s] Level 1:colcon.colcon_core.package_identification:_identify(src/install/nav2aruco/lib) by extensions ['ros']
[2.744s] Level 1:colcon.colcon_core.package_identification:_identify(src/install/nav2aruco/lib) by extension 'ros'
[2.745s] Level 1:colcon.colcon_core.package_identification:_identify(src/install/nav2aruco/lib) by extensions ['cmake', 'python']
[2.745s] Level 1:colcon.colcon_core.package_identification:_identify(src/install/nav2aruco/lib) by extension 'cmake'
[2.746s] Level 1:colcon.colcon_core.package_identification:_identify(src/install/nav2aruco/lib) by extension 'python'
[2.746s] Level 1:colcon.colcon_core.package_identification:_identify(src/install/nav2aruco/lib) by extensions ['python_setup_py']
[2.747s] Level 1:colcon.colcon_core.package_identification:_identify(src/install/nav2aruco/lib) by extension 'python_setup_py'
[2.748s] Level 1:colcon.colcon_core.package_identification:_identify(src/install/nav2aruco/lib/python3.10) by extensions ['ignore', 'ignore_ament_install']
[2.748s] Level 1:colcon.colcon_core.package_identification:_identify(src/install/nav2aruco/lib/python3.10) by extension 'ignore'
[2.749s] Level 1:colcon.colcon_core.package_identification:_identify(src/install/nav2aruco/lib/python3.10) by extension 'ignore_ament_install'
[2.749s] Level 1:colcon.colcon_core.package_identification:_identify(src/install/nav2aruco/lib/python3.10) by extensions ['colcon_pkg']
[2.750s] Level 1:colcon.colcon_core.package_identification:_identify(src/install/nav2aruco/lib/python3.10) by extension 'colcon_pkg'
[2.750s] Level 1:colcon.colcon_core.package_identification:_identify(src/install/nav2aruco/lib/python3.10) by extensions ['colcon_meta']
[2.750s] Level 1:colcon.colcon_core.package_identification:_identify(src/install/nav2aruco/lib/python3.10) by extension 'colcon_meta'
[2.751s] Level 1:colcon.colcon_core.package_identification:_identify(src/install/nav2aruco/lib/python3.10) by extensions ['ros']
[2.751s] Level 1:colcon.colcon_core.package_identification:_identify(src/install/nav2aruco/lib/python3.10) by extension 'ros'
[2.752s] Level 1:colcon.colcon_core.package_identification:_identify(src/install/nav2aruco/lib/python3.10) by extensions ['cmake', 'python']
[2.752s] Level 1:colcon.colcon_core.package_identification:_identify(src/install/nav2aruco/lib/python3.10) by extension 'cmake'
[2.753s] Level 1:colcon.colcon_core.package_identification:_identify(src/install/nav2aruco/lib/python3.10) by extension 'python'
[2.753s] Level 1:colcon.colcon_core.package_identification:_identify(src/install/nav2aruco/lib/python3.10) by extensions ['python_setup_py']
[2.753s] Level 1:colcon.colcon_core.package_identification:_identify(src/install/nav2aruco/lib/python3.10) by extension 'python_setup_py'
[2.754s] Level 1:colcon.colcon_core.package_identification:_identify(src/install/nav2aruco/lib/python3.10/site-packages) by extensions ['ignore', 'ignore_ament_install']
[2.755s] Level 1:colcon.colcon_core.package_identification:_identify(src/install/nav2aruco/lib/python3.10/site-packages) by extension 'ignore'
[2.755s] Level 1:colcon.colcon_core.package_identification:_identify(src/install/nav2aruco/lib/python3.10/site-packages) by extension 'ignore_ament_install'
[2.756s] Level 1:colcon.colcon_core.package_identification:_identify(src/install/nav2aruco/lib/python3.10/site-packages) by extensions ['colcon_pkg']
[2.756s] Level 1:colcon.colcon_core.package_identification:_identify(src/install/nav2aruco/lib/python3.10/site-packages) by extension 'colcon_pkg'
[2.757s] Level 1:colcon.colcon_core.package_identification:_identify(src/install/nav2aruco/lib/python3.10/site-packages) by extensions ['colcon_meta']
[2.757s] Level 1:colcon.colcon_core.package_identification:_identify(src/install/nav2aruco/lib/python3.10/site-packages) by extension 'colcon_meta'
[2.758s] Level 1:colcon.colcon_core.package_identification:_identify(src/install/nav2aruco/lib/python3.10/site-packages) by extensions ['ros']
[2.758s] Level 1:colcon.colcon_core.package_identification:_identify(src/install/nav2aruco/lib/python3.10/site-packages) by extension 'ros'
[2.759s] Level 1:colcon.colcon_core.package_identification:_identify(src/install/nav2aruco/lib/python3.10/site-packages) by extensions ['cmake', 'python']
[2.759s] Level 1:colcon.colcon_core.package_identification:_identify(src/install/nav2aruco/lib/python3.10/site-packages) by extension 'cmake'
[2.759s] Level 1:colcon.colcon_core.package_identification:_identify(src/install/nav2aruco/lib/python3.10/site-packages) by extension 'python'
[2.760s] Level 1:colcon.colcon_core.package_identification:_identify(src/install/nav2aruco/lib/python3.10/site-packages) by extensions ['python_setup_py']
[2.760s] Level 1:colcon.colcon_core.package_identification:_identify(src/install/nav2aruco/lib/python3.10/site-packages) by extension 'python_setup_py'
[2.761s] Level 1:colcon.colcon_core.package_identification:_identify(src/install/nav2aruco/lib/python3.10/site-packages/nav2aruco) by extensions ['ignore', 'ignore_ament_install']
[2.762s] Level 1:colcon.colcon_core.package_identification:_identify(src/install/nav2aruco/lib/python3.10/site-packages/nav2aruco) by extension 'ignore'
[2.762s] Level 1:colcon.colcon_core.package_identification:_identify(src/install/nav2aruco/lib/python3.10/site-packages/nav2aruco) by extension 'ignore_ament_install'
[2.763s] Level 1:colcon.colcon_core.package_identification:_identify(src/install/nav2aruco/lib/python3.10/site-packages/nav2aruco) by extensions ['colcon_pkg']
[2.763s] Level 1:colcon.colcon_core.package_identification:_identify(src/install/nav2aruco/lib/python3.10/site-packages/nav2aruco) by extension 'colcon_pkg'
[2.764s] Level 1:colcon.colcon_core.package_identification:_identify(src/install/nav2aruco/lib/python3.10/site-packages/nav2aruco) by extensions ['colcon_meta']
[2.764s] Level 1:colcon.colcon_core.package_identification:_identify(src/install/nav2aruco/lib/python3.10/site-packages/nav2aruco) by extension 'colcon_meta'
[2.765s] Level 1:colcon.colcon_core.package_identification:_identify(src/install/nav2aruco/lib/python3.10/site-packages/nav2aruco) by extensions ['ros']
[2.765s] Level 1:colcon.colcon_core.package_identification:_identify(src/install/nav2aruco/lib/python3.10/site-packages/nav2aruco) by extension 'ros'
[2.766s] Level 1:colcon.colcon_core.package_identification:_identify(src/install/nav2aruco/lib/python3.10/site-packages/nav2aruco) by extensions ['cmake', 'python']
[2.766s] Level 1:colcon.colcon_core.package_identification:_identify(src/install/nav2aruco/lib/python3.10/site-packages/nav2aruco) by extension 'cmake'
[2.766s] Level 1:colcon.colcon_core.package_identification:_identify(src/install/nav2aruco/lib/python3.10/site-packages/nav2aruco) by extension 'python'
[2.767s] Level 1:colcon.colcon_core.package_identification:_identify(src/install/nav2aruco/lib/python3.10/site-packages/nav2aruco) by extensions ['python_setup_py']
[2.767s] Level 1:colcon.colcon_core.package_identification:_identify(src/install/nav2aruco/lib/python3.10/site-packages/nav2aruco) by extension 'python_setup_py'
[2.768s] Level 1:colcon.colcon_core.package_identification:_identify(src/m-explore-ros2-main) by extensions ['ignore', 'ignore_ament_install']
[2.769s] Level 1:colcon.colcon_core.package_identification:_identify(src/m-explore-ros2-main) by extension 'ignore'
[2.769s] Level 1:colcon.colcon_core.package_identification:_identify(src/m-explore-ros2-main) by extension 'ignore_ament_install'
[2.769s] Level 1:colcon.colcon_core.package_identification:_identify(src/m-explore-ros2-main) by extensions ['colcon_pkg']
[2.770s] Level 1:colcon.colcon_core.package_identification:_identify(src/m-explore-ros2-main) by extension 'colcon_pkg'
[2.770s] Level 1:colcon.colcon_core.package_identification:_identify(src/m-explore-ros2-main) by extensions ['colcon_meta']
[2.770s] Level 1:colcon.colcon_core.package_identification:_identify(src/m-explore-ros2-main) by extension 'colcon_meta'
[2.771s] Level 1:colcon.colcon_core.package_identification:_identify(src/m-explore-ros2-main) by extensions ['ros']
[2.771s] Level 1:colcon.colcon_core.package_identification:_identify(src/m-explore-ros2-main) by extension 'ros'
[2.772s] Level 1:colcon.colcon_core.package_identification:_identify(src/m-explore-ros2-main) by extensions ['cmake', 'python']
[2.772s] Level 1:colcon.colcon_core.package_identification:_identify(src/m-explore-ros2-main) by extension 'cmake'
[2.773s] Level 1:colcon.colcon_core.package_identification:_identify(src/m-explore-ros2-main) by extension 'python'
[2.773s] Level 1:colcon.colcon_core.package_identification:_identify(src/m-explore-ros2-main) by extensions ['python_setup_py']
[2.773s] Level 1:colcon.colcon_core.package_identification:_identify(src/m-explore-ros2-main) by extension 'python_setup_py'
[2.774s] Level 1:colcon.colcon_core.package_identification:_identify(src/m-explore-ros2-main/explore) by extensions ['ignore', 'ignore_ament_install']
[2.775s] Level 1:colcon.colcon_core.package_identification:_identify(src/m-explore-ros2-main/explore) by extension 'ignore'
[2.775s] Level 1:colcon.colcon_core.package_identification:_identify(src/m-explore-ros2-main/explore) by extension 'ignore_ament_install'
[2.776s] Level 1:colcon.colcon_core.package_identification:_identify(src/m-explore-ros2-main/explore) by extensions ['colcon_pkg']
[2.776s] Level 1:colcon.colcon_core.package_identification:_identify(src/m-explore-ros2-main/explore) by extension 'colcon_pkg'
[2.777s] Level 1:colcon.colcon_core.package_identification:_identify(src/m-explore-ros2-main/explore) by extensions ['colcon_meta']
[2.777s] Level 1:colcon.colcon_core.package_identification:_identify(src/m-explore-ros2-main/explore) by extension 'colcon_meta'
[2.777s] Level 1:colcon.colcon_core.package_identification:_identify(src/m-explore-ros2-main/explore) by extensions ['ros']
[2.778s] Level 1:colcon.colcon_core.package_identification:_identify(src/m-explore-ros2-main/explore) by extension 'ros'
[2.788s] DEBUG:colcon.colcon_core.package_identification:Package 'src/m-explore-ros2-main/explore' with type 'ros.ament_cmake' and name 'explore_lite'
[2.789s] Level 1:colcon.colcon_core.package_identification:_identify(src/m-explore-ros2-main/explore_lite_msgs) by extensions ['ignore', 'ignore_ament_install']
[2.790s] Level 1:colcon.colcon_core.package_identification:_identify(src/m-explore-ros2-main/explore_lite_msgs) by extension 'ignore'
[2.791s] Level 1:colcon.colcon_core.package_identification:_identify(src/m-explore-ros2-main/explore_lite_msgs) by extension 'ignore_ament_install'
[2.791s] Level 1:colcon.colcon_core.package_identification:_identify(src/m-explore-ros2-main/explore_lite_msgs) by extensions ['colcon_pkg']
[2.792s] Level 1:colcon.colcon_core.package_identification:_identify(src/m-explore-ros2-main/explore_lite_msgs) by extension 'colcon_pkg'
[2.792s] Level 1:colcon.colcon_core.package_identification:_identify(src/m-explore-ros2-main/explore_lite_msgs) by extensions ['colcon_meta']
[2.792s] Level 1:colcon.colcon_core.package_identification:_identify(src/m-explore-ros2-main/explore_lite_msgs) by extension 'colcon_meta'
[2.793s] Level 1:colcon.colcon_core.package_identification:_identify(src/m-explore-ros2-main/explore_lite_msgs) by extensions ['ros']
[2.793s] Level 1:colcon.colcon_core.package_identification:_identify(src/m-explore-ros2-main/explore_lite_msgs) by extension 'ros'
[2.798s] DEBUG:colcon.colcon_core.package_identification:Package 'src/m-explore-ros2-main/explore_lite_msgs' with type 'ros.ament_cmake' and name 'explore_lite_msgs'
[2.799s] Level 1:colcon.colcon_core.package_identification:_identify(src/m-explore-ros2-main/map_merge) by extensions ['ignore', 'ignore_ament_install']
[2.799s] Level 1:colcon.colcon_core.package_identification:_identify(src/m-explore-ros2-main/map_merge) by extension 'ignore'
[2.800s] Level 1:colcon.colcon_core.package_identification:_identify(src/m-explore-ros2-main/map_merge) by extension 'ignore_ament_install'
[2.800s] Level 1:colcon.colcon_core.package_identification:_identify(src/m-explore-ros2-main/map_merge) by extensions ['colcon_pkg']
[2.801s] Level 1:colcon.colcon_core.package_identification:_identify(src/m-explore-ros2-main/map_merge) by extension 'colcon_pkg'
[2.801s] Level 1:colcon.colcon_core.package_identification:_identify(src/m-explore-ros2-main/map_merge) by extensions ['colcon_meta']
[2.801s] Level 1:colcon.colcon_core.package_identification:_identify(src/m-explore-ros2-main/map_merge) by extension 'colcon_meta'
[2.802s] Level 1:colcon.colcon_core.package_identification:_identify(src/m-explore-ros2-main/map_merge) by extensions ['ros']
[2.802s] Level 1:colcon.colcon_core.package_identification:_identify(src/m-explore-ros2-main/map_merge) by extension 'ros'
[2.810s] DEBUG:colcon.colcon_core.package_identification:Package 'src/m-explore-ros2-main/map_merge' with type 'ros.ament_cmake' and name 'multirobot_map_merge'
[2.811s] Level 1:colcon.colcon_core.package_identification:_identify(src/mission_fsm) by extensions ['ignore', 'ignore_ament_install']
[2.812s] Level 1:colcon.colcon_core.package_identification:_identify(src/mission_fsm) by extension 'ignore'
[2.812s] Level 1:colcon.colcon_core.package_identification:_identify(src/mission_fsm) by extension 'ignore_ament_install'
[2.813s] Level 1:colcon.colcon_core.package_identification:_identify(src/mission_fsm) by extensions ['colcon_pkg']
[2.813s] Level 1:colcon.colcon_core.package_identification:_identify(src/mission_fsm) by extension 'colcon_pkg'
[2.814s] Level 1:colcon.colcon_core.package_identification:_identify(src/mission_fsm) by extensions ['colcon_meta']
[2.814s] Level 1:colcon.colcon_core.package_identification:_identify(src/mission_fsm) by extension 'colcon_meta'
[2.815s] Level 1:colcon.colcon_core.package_identification:_identify(src/mission_fsm) by extensions ['ros']
[2.815s] Level 1:colcon.colcon_core.package_identification:_identify(src/mission_fsm) by extension 'ros'
[2.819s] DEBUG:colcon.colcon_core.package_identification:Package 'src/mission_fsm' with type 'ros.ament_python' and name 'mission_fsm'
[2.820s] Level 1:colcon.colcon_core.package_identification:_identify(src/nav2aruco) by extensions ['ignore', 'ignore_ament_install']
[2.821s] Level 1:colcon.colcon_core.package_identification:_identify(src/nav2aruco) by extension 'ignore'
[2.821s] Level 1:colcon.colcon_core.package_identification:_identify(src/nav2aruco) by extension 'ignore_ament_install'
[2.822s] Level 1:colcon.colcon_core.package_identification:_identify(src/nav2aruco) by extensions ['colcon_pkg']
[2.822s] Level 1:colcon.colcon_core.package_identification:_identify(src/nav2aruco) by extension 'colcon_pkg'
[2.822s] Level 1:colcon.colcon_core.package_identification:_identify(src/nav2aruco) by extensions ['colcon_meta']
[2.823s] Level 1:colcon.colcon_core.package_identification:_identify(src/nav2aruco) by extension 'colcon_meta'
[2.823s] Level 1:colcon.colcon_core.package_identification:_identify(src/nav2aruco) by extensions ['ros']
[2.824s] Level 1:colcon.colcon_core.package_identification:_identify(src/nav2aruco) by extension 'ros'
[2.828s] DEBUG:colcon.colcon_core.package_identification:Package 'src/nav2aruco' with type 'ros.ament_python' and name 'nav2aruco'
[2.829s] Level 1:colcon.colcon_core.package_identification:_identify(src/random_nav) by extensions ['ignore', 'ignore_ament_install']
[2.830s] Level 1:colcon.colcon_core.package_identification:_identify(src/random_nav) by extension 'ignore'
[2.830s] Level 1:colcon.colcon_core.package_identification:_identify(src/random_nav) by extension 'ignore_ament_install'
[2.831s] Level 1:colcon.colcon_core.package_identification:_identify(src/random_nav) by extensions ['colcon_pkg']
[2.831s] Level 1:colcon.colcon_core.package_identification:_identify(src/random_nav) by extension 'colcon_pkg'
[2.832s] Level 1:colcon.colcon_core.package_identification:_identify(src/random_nav) by extensions ['colcon_meta']
[2.832s] Level 1:colcon.colcon_core.package_identification:_identify(src/random_nav) by extension 'colcon_meta'
[2.832s] Level 1:colcon.colcon_core.package_identification:_identify(src/random_nav) by extensions ['ros']
[2.833s] Level 1:colcon.colcon_core.package_identification:_identify(src/random_nav) by extension 'ros'
[2.836s] DEBUG:colcon.colcon_core.package_identification:Package 'src/random_nav' with type 'ros.ament_python' and name 'random_nav'
[2.837s] Level 1:colcon.colcon_core.package_identification:_identify(src/scan_filter) by extensions ['ignore', 'ignore_ament_install']
[2.838s] Level 1:colcon.colcon_core.package_identification:_identify(src/scan_filter) by extension 'ignore'
[2.839s] Level 1:colcon.colcon_core.package_identification:_identify(src/scan_filter) by extension 'ignore_ament_install'
[2.839s] Level 1:colcon.colcon_core.package_identification:_identify(src/scan_filter) by extensions ['colcon_pkg']
[2.840s] Level 1:colcon.colcon_core.package_identification:_identify(src/scan_filter) by extension 'colcon_pkg'
[2.840s] Level 1:colcon.colcon_core.package_identification:_identify(src/scan_filter) by extensions ['colcon_meta']
[2.840s] Level 1:colcon.colcon_core.package_identification:_identify(src/scan_filter) by extension 'colcon_meta'
[2.841s] Level 1:colcon.colcon_core.package_identification:_identify(src/scan_filter) by extensions ['ros']
[2.841s] Level 1:colcon.colcon_core.package_identification:_identify(src/scan_filter) by extension 'ros'
[2.847s] DEBUG:colcon.colcon_core.package_identification:Package 'src/scan_filter' with type 'ros.ament_python' and name 'scan_filter'
[2.847s] Level 1:colcon.colcon_core.package_discovery:discover_packages(recursive) using defaults
[2.848s] Level 1:colcon.colcon_core.package_discovery:discover_packages(ignore) discover
[2.848s] Level 1:colcon.colcon_core.package_discovery:discover_packages(ignore) using defaults
[2.848s] Level 1:colcon.colcon_core.package_discovery:discover_packages(path) discover
[2.849s] Level 1:colcon.colcon_core.package_discovery:discover_packages(path) using defaults
[3.022s] INFO:colcon.colcon_core.package_selection:Skipping not selected package 'explore_lite_msgs' in 'src/m-explore-ros2-main/explore_lite_msgs'
[3.023s] INFO:colcon.colcon_core.package_selection:Skipping not selected package 'mission_fsm' in 'src/mission_fsm'
[3.023s] INFO:colcon.colcon_core.package_selection:Skipping not selected package 'multirobot_map_merge' in 'src/m-explore-ros2-main/map_merge'
[3.023s] INFO:colcon.colcon_core.package_selection:Skipping not selected package 'nav2aruco' in 'src/nav2aruco'
[3.023s] INFO:colcon.colcon_core.package_selection:Skipping not selected package 'random_nav' in 'src/random_nav'
[3.024s] INFO:colcon.colcon_core.package_selection:Skipping not selected package 'scan_filter' in 'src/scan_filter'
[3.024s] INFO:colcon.colcon_core.package_selection:Skipping not selected package 'explore_lite' in 'src/m-explore-ros2-main/explore'
[3.027s] Level 1:colcon.colcon_core.package_discovery:discover_packages(prefix_path) check parameters
[3.027s] Level 1:colcon.colcon_core.package_discovery:discover_packages(prefix_path) discover
[3.052s] DEBUG:colcon.colcon_installed_package_information.package_discovery:Found 8 installed packages in /home/kky/cde2310_ws/install
[3.057s] DEBUG:colcon.colcon_installed_package_information.package_discovery:Found 8 installed packages in /home/kky/colcon_ws/install
[3.064s] DEBUG:colcon.colcon_installed_package_information.package_discovery:Found 12 installed packages in /home/kky/turtlebot3_ws/install
[3.078s] DEBUG:colcon.colcon_installed_package_information.package_discovery:Found 336 installed packages in /opt/ros/humble
[3.092s] Level 1:colcon.colcon_core.package_discovery:discover_packages(prefix_path) using defaults
[3.446s] Level 5:colcon.colcon_core.verb:set package 'docking_pid' build argument 'cmake_args' from command line to 'None'
[3.447s] Level 5:colcon.colcon_core.verb:set package 'docking_pid' build argument 'cmake_target' from command line to 'None'
[3.447s] Level 5:colcon.colcon_core.verb:set package 'docking_pid' build argument 'cmake_target_skip_unavailable' from command line to 'False'
[3.448s] Level 5:colcon.colcon_core.verb:set package 'docking_pid' build argument 'cmake_clean_cache' from command line to 'False'
[3.448s] Level 5:colcon.colcon_core.verb:set package 'docking_pid' build argument 'cmake_clean_first' from command line to 'False'
[3.448s] Level 5:colcon.colcon_core.verb:set package 'docking_pid' build argument 'cmake_force_configure' from command line to 'False'
[3.448s] Level 5:colcon.colcon_core.verb:set package 'docking_pid' build argument 'ament_cmake_args' from command line to 'None'
[3.449s] Level 5:colcon.colcon_core.verb:set package 'docking_pid' build argument 'catkin_cmake_args' from command line to 'None'
[3.449s] Level 5:colcon.colcon_core.verb:set package 'docking_pid' build argument 'catkin_skip_building_tests' from command line to 'False'
[3.449s] DEBUG:colcon.colcon_core.verb:Building package 'docking_pid' with the following arguments: {'ament_cmake_args': None, 'build_base': '/home/kky/cde2310_ws/build/docking_pid', 'catkin_cmake_args': None, 'catkin_skip_building_tests': False, 'cmake_args': None, 'cmake_clean_cache': False, 'cmake_clean_first': False, 'cmake_force_configure': False, 'cmake_target': None, 'cmake_target_skip_unavailable': False, 'install_base': '/home/kky/cde2310_ws/install/docking_pid', 'merge_install': False, 'path': '/home/kky/cde2310_ws/src/docking_pid', 'symlink_install': False, 'test_result_base': None}
[3.450s] INFO:colcon.colcon_core.executor:Executing jobs using 'parallel' executor
[3.457s] DEBUG:colcon.colcon_parallel_executor.executor.parallel:run_until_complete
[3.458s] INFO:colcon.colcon_ros.task.ament_python.build:Building ROS package in '/home/kky/cde2310_ws/src/docking_pid' with build type 'ament_python'
[3.459s] Level 1:colcon.colcon_core.shell:create_environment_hook('docking_pid', 'ament_prefix_path')
[3.480s] INFO:colcon.colcon_core.plugin_system:Skipping extension 'colcon_core.shell.bat': Not used on non-Windows systems
[3.482s] INFO:colcon.colcon_core.shell:Creating environment hook '/home/kky/cde2310_ws/install/docking_pid/share/docking_pid/hook/ament_prefix_path.ps1'
[3.486s] INFO:colcon.colcon_core.shell:Creating environment descriptor '/home/kky/cde2310_ws/install/docking_pid/share/docking_pid/hook/ament_prefix_path.dsv'
[3.490s] INFO:colcon.colcon_core.shell:Creating environment hook '/home/kky/cde2310_ws/install/docking_pid/share/docking_pid/hook/ament_prefix_path.sh'
[3.496s] INFO:colcon.colcon_core.shell:Skip shell extension 'powershell' for command environment: Not usable outside of PowerShell
[3.496s] DEBUG:colcon.colcon_core.shell:Skip shell extension 'dsv' for command environment
[5.709s] INFO:colcon.colcon_core.task.python.build:Building Python package in '/home/kky/cde2310_ws/src/docking_pid'
[5.711s] INFO:colcon.colcon_core.shell:Skip shell extension 'powershell' for command environment: Not usable outside of PowerShell
[5.712s] DEBUG:colcon.colcon_core.shell:Skip shell extension 'dsv' for command environment
[8.536s] DEBUG:colcon.colcon_core.event_handler.log_command:Invoking command in '/home/kky/cde2310_ws/src/docking_pid': PYTHONPATH=/home/kky/cde2310_ws/build/docking_pid/prefix_override:/usr/lib/python3/dist-packages/colcon_core/task/python/colcon_distutils_commands:/home/kky/cde2310_ws/install/docking_pid/lib/python3.10/site-packages:${PYTHONPATH} /usr/bin/python3 -W ignore:setup.py install is deprecated -W ignore:easy_install command is deprecated setup.py egg_info --egg-base ../../build/docking_pid build --build-base /home/kky/cde2310_ws/build/docking_pid/build install --record /home/kky/cde2310_ws/build/docking_pid/install.log --single-version-externally-managed install_data
[10.975s] DEBUG:colcon.colcon_core.event_handler.log_command:Invoked command in '/home/kky/cde2310_ws/src/docking_pid' returned '0': PYTHONPATH=/home/kky/cde2310_ws/build/docking_pid/prefix_override:/usr/lib/python3/dist-packages/colcon_core/task/python/colcon_distutils_commands:/home/kky/cde2310_ws/install/docking_pid/lib/python3.10/site-packages:${PYTHONPATH} /usr/bin/python3 -W ignore:setup.py install is deprecated -W ignore:easy_install command is deprecated setup.py egg_info --egg-base ../../build/docking_pid build --build-base /home/kky/cde2310_ws/build/docking_pid/build install --record /home/kky/cde2310_ws/build/docking_pid/install.log --single-version-externally-managed install_data
[10.994s] Level 1:colcon.colcon_core.environment:checking '/home/kky/cde2310_ws/install/docking_pid' for CMake module files
[10.997s] Level 1:colcon.colcon_core.environment:checking '/home/kky/cde2310_ws/install/docking_pid' for CMake config files
[11.002s] Level 1:colcon.colcon_core.environment:checking '/home/kky/cde2310_ws/install/docking_pid/lib'
[11.003s] Level 1:colcon.colcon_core.environment:checking '/home/kky/cde2310_ws/install/docking_pid/bin'
[11.004s] Level 1:colcon.colcon_core.environment:checking '/home/kky/cde2310_ws/install/docking_pid/lib/pkgconfig/docking_pid.pc'
[11.006s] Level 1:colcon.colcon_core.environment:checking '/home/kky/cde2310_ws/install/docking_pid/lib/python3.10/site-packages'
[11.006s] Level 1:colcon.colcon_core.shell:create_environment_hook('docking_pid', 'pythonpath')
[11.008s] INFO:colcon.colcon_core.shell:Creating environment hook '/home/kky/cde2310_ws/install/docking_pid/share/docking_pid/hook/pythonpath.ps1'
[11.012s] INFO:colcon.colcon_core.shell:Creating environment descriptor '/home/kky/cde2310_ws/install/docking_pid/share/docking_pid/hook/pythonpath.dsv'
[11.015s] INFO:colcon.colcon_core.shell:Creating environment hook '/home/kky/cde2310_ws/install/docking_pid/share/docking_pid/hook/pythonpath.sh'
[11.020s] Level 1:colcon.colcon_core.environment:checking '/home/kky/cde2310_ws/install/docking_pid/bin'
[11.021s] Level 1:colcon.colcon_core.environment:create_environment_scripts_only(docking_pid)
[11.024s] INFO:colcon.colcon_core.shell:Creating package script '/home/kky/cde2310_ws/install/docking_pid/share/docking_pid/package.ps1'
[11.030s] INFO:colcon.colcon_core.shell:Creating package descriptor '/home/kky/cde2310_ws/install/docking_pid/share/docking_pid/package.dsv'
[11.034s] INFO:colcon.colcon_core.shell:Creating package script '/home/kky/cde2310_ws/install/docking_pid/share/docking_pid/package.sh'
[11.040s] INFO:colcon.colcon_core.shell:Creating package script '/home/kky/cde2310_ws/install/docking_pid/share/docking_pid/package.bash'
[11.045s] INFO:colcon.colcon_core.shell:Creating package script '/home/kky/cde2310_ws/install/docking_pid/share/docking_pid/package.zsh'
[11.050s] Level 1:colcon.colcon_core.environment:create_file_with_runtime_dependencies(/home/kky/cde2310_ws/install/docking_pid/share/colcon-core/packages/docking_pid)
[11.052s] DEBUG:colcon.colcon_parallel_executor.executor.parallel:closing loop
[11.056s] DEBUG:colcon.colcon_parallel_executor.executor.parallel:loop closed
[11.056s] DEBUG:colcon.colcon_parallel_executor.executor.parallel:run_until_complete finished with '0'
[11.057s] DEBUG:colcon.colcon_core.event_reactor:joining thread
[11.099s] INFO:colcon.colcon_core.plugin_system:Skipping extension 'colcon_notification.desktop_notification.terminal_notifier': Not used on non-Darwin systems
[11.100s] INFO:colcon.colcon_core.plugin_system:Skipping extension 'colcon_notification.desktop_notification.win32': Not used on non-Windows systems
[11.100s] INFO:colcon.colcon_notification.desktop_notification:Sending desktop notification using 'notify2'
[11.191s] DEBUG:colcon.colcon_core.event_reactor:joined thread
[11.193s] INFO:colcon.colcon_core.shell:Creating prefix script '/home/kky/cde2310_ws/install/local_setup.ps1'
[11.201s] INFO:colcon.colcon_core.shell:Creating prefix util module '/home/kky/cde2310_ws/install/_local_setup_util_ps1.py'
[11.212s] INFO:colcon.colcon_core.shell:Creating prefix chain script '/home/kky/cde2310_ws/install/setup.ps1'
[11.228s] INFO:colcon.colcon_core.shell:Creating prefix script '/home/kky/cde2310_ws/install/local_setup.sh'
[11.233s] INFO:colcon.colcon_core.shell:Creating prefix util module '/home/kky/cde2310_ws/install/_local_setup_util_sh.py'
[11.238s] INFO:colcon.colcon_core.shell:Creating prefix chain script '/home/kky/cde2310_ws/install/setup.sh'
[11.255s] INFO:colcon.colcon_core.shell:Creating prefix script '/home/kky/cde2310_ws/install/local_setup.bash'
[11.260s] INFO:colcon.colcon_core.shell:Creating prefix chain script '/home/kky/cde2310_ws/install/setup.bash'
[11.276s] INFO:colcon.colcon_core.shell:Creating prefix script '/home/kky/cde2310_ws/install/local_setup.zsh'
[11.280s] INFO:colcon.colcon_core.shell:Creating prefix chain script '/home/kky/cde2310_ws/install/setup.zsh'
