[0.127s] DEBUG:colcon:Command line arguments: ['/usr/bin/colcon', 'build', '--packages-select', 'mission_fsm']
[0.127s] DEBUG:colcon:Parsed command line arguments: Namespace(log_base=None, log_level=None, verb_name='build', build_base='build', install_base='install', merge_install=False, symlink_install=False, test_result_base=None, continue_on_error=False, executor='parallel', parallel_workers=16, event_handlers=None, ignore_user_meta=False, metas=['./colcon.meta'], base_paths=['.'], packages_ignore=None, packages_ignore_regex=None, paths=None, packages_up_to=None, packages_up_to_regex=None, packages_above=None, packages_above_and_dependencies=None, packages_above_depth=None, packages_select_by_dep=None, packages_skip_by_dep=None, packages_skip_up_to=None, packages_select_build_failed=False, packages_skip_build_finished=False, packages_select_test_failures=False, packages_skip_test_passed=False, packages_select=['mission_fsm'], packages_skip=None, packages_select_regex=None, packages_skip_regex=None, packages_start=None, packages_end=None, allow_overriding=[], cmake_args=None, cmake_target=None, cmake_target_skip_unavailable=False, cmake_clean_cache=False, cmake_clean_first=False, cmake_force_configure=False, ament_cmake_args=None, catkin_cmake_args=None, catkin_skip_building_tests=False, verb_parser=<colcon_defaults.argument_parser.defaults.DefaultArgumentsDecorator object at 0x774a218f5cc0>, verb_extension=<colcon_core.verb.build.BuildVerb object at 0x774a219ef190>, main=<bound method BuildVerb.main of <colcon_core.verb.build.BuildVerb object at 0x774a219ef190>>)
[0.351s] Level 1:colcon.colcon_core.package_discovery:discover_packages(colcon_meta) check parameters
[0.351s] Level 1:colcon.colcon_core.package_discovery:discover_packages(recursive) check parameters
[0.351s] Level 1:colcon.colcon_core.package_discovery:discover_packages(ignore) check parameters
[0.351s] Level 1:colcon.colcon_core.package_discovery:discover_packages(path) check parameters
[0.351s] Level 1:colcon.colcon_core.package_discovery:discover_packages(colcon_meta) discover
[0.351s] Level 1:colcon.colcon_core.package_discovery:discover_packages(recursive) discover
[0.351s] INFO:colcon.colcon_core.package_discovery:Crawling recursively for packages in '/home/kky/cde2310_ws'
[0.351s] Level 1:colcon.colcon_core.package_identification:_identify(.) by extensions ['ignore', 'ignore_ament_install']
[0.351s] Level 1:colcon.colcon_core.package_identification:_identify(.) by extension 'ignore'
[0.351s] Level 1:colcon.colcon_core.package_identification:_identify(.) by extension 'ignore_ament_install'
[0.351s] Level 1:colcon.colcon_core.package_identification:_identify(.) by extensions ['colcon_pkg']
[0.351s] Level 1:colcon.colcon_core.package_identification:_identify(.) by extension 'colcon_pkg'
[0.352s] Level 1:colcon.colcon_core.package_identification:_identify(.) by extensions ['colcon_meta']
[0.352s] Level 1:colcon.colcon_core.package_identification:_identify(.) by extension 'colcon_meta'
[0.352s] Level 1:colcon.colcon_core.package_identification:_identify(.) by extensions ['ros']
[0.352s] Level 1:colcon.colcon_core.package_identification:_identify(.) by extension 'ros'
[0.378s] Level 1:colcon.colcon_core.package_identification:_identify(.) by extensions ['cmake', 'python']
[0.378s] Level 1:colcon.colcon_core.package_identification:_identify(.) by extension 'cmake'
[0.378s] Level 1:colcon.colcon_core.package_identification:_identify(.) by extension 'python'
[0.378s] Level 1:colcon.colcon_core.package_identification:_identify(.) by extensions ['python_setup_py']
[0.378s] Level 1:colcon.colcon_core.package_identification:_identify(.) by extension 'python_setup_py'
[0.378s] Level 1:colcon.colcon_core.package_identification:_identify(Submission_Documents) by extensions ['ignore', 'ignore_ament_install']
[0.379s] Level 1:colcon.colcon_core.package_identification:_identify(Submission_Documents) by extension 'ignore'
[0.379s] Level 1:colcon.colcon_core.package_identification:_identify(Submission_Documents) by extension 'ignore_ament_install'
[0.379s] Level 1:colcon.colcon_core.package_identification:_identify(Submission_Documents) by extensions ['colcon_pkg']
[0.379s] Level 1:colcon.colcon_core.package_identification:_identify(Submission_Documents) by extension 'colcon_pkg'
[0.379s] Level 1:colcon.colcon_core.package_identification:_identify(Submission_Documents) by extensions ['colcon_meta']
[0.379s] Level 1:colcon.colcon_core.package_identification:_identify(Submission_Documents) by extension 'colcon_meta'
[0.379s] Level 1:colcon.colcon_core.package_identification:_identify(Submission_Documents) by extensions ['ros']
[0.379s] Level 1:colcon.colcon_core.package_identification:_identify(Submission_Documents) by extension 'ros'
[0.379s] Level 1:colcon.colcon_core.package_identification:_identify(Submission_Documents) by extensions ['cmake', 'python']
[0.379s] Level 1:colcon.colcon_core.package_identification:_identify(Submission_Documents) by extension 'cmake'
[0.379s] Level 1:colcon.colcon_core.package_identification:_identify(Submission_Documents) by extension 'python'
[0.379s] Level 1:colcon.colcon_core.package_identification:_identify(Submission_Documents) by extensions ['python_setup_py']
[0.379s] Level 1:colcon.colcon_core.package_identification:_identify(Submission_Documents) by extension 'python_setup_py'
[0.379s] Level 1:colcon.colcon_core.package_identification:_identify(build) by extensions ['ignore', 'ignore_ament_install']
[0.379s] Level 1:colcon.colcon_core.package_identification:_identify(build) by extension 'ignore'
[0.379s] Level 1:colcon.colcon_core.package_identification:_identify(build) ignored
[0.379s] Level 1:colcon.colcon_core.package_identification:_identify(install) by extensions ['ignore', 'ignore_ament_install']
[0.379s] Level 1:colcon.colcon_core.package_identification:_identify(install) by extension 'ignore'
[0.379s] Level 1:colcon.colcon_core.package_identification:_identify(install) ignored
[0.381s] Level 1:colcon.colcon_core.package_identification:_identify(launch) by extensions ['ignore', 'ignore_ament_install']
[0.381s] Level 1:colcon.colcon_core.package_identification:_identify(launch) by extension 'ignore'
[0.381s] Level 1:colcon.colcon_core.package_identification:_identify(launch) by extension 'ignore_ament_install'
[0.381s] Level 1:colcon.colcon_core.package_identification:_identify(launch) by extensions ['colcon_pkg']
[0.381s] Level 1:colcon.colcon_core.package_identification:_identify(launch) by extension 'colcon_pkg'
[0.381s] Level 1:colcon.colcon_core.package_identification:_identify(launch) by extensions ['colcon_meta']
[0.381s] Level 1:colcon.colcon_core.package_identification:_identify(launch) by extension 'colcon_meta'
[0.381s] Level 1:colcon.colcon_core.package_identification:_identify(launch) by extensions ['ros']
[0.381s] Level 1:colcon.colcon_core.package_identification:_identify(launch) by extension 'ros'
[0.381s] Level 1:colcon.colcon_core.package_identification:_identify(launch) by extensions ['cmake', 'python']
[0.381s] Level 1:colcon.colcon_core.package_identification:_identify(launch) by extension 'cmake'
[0.381s] Level 1:colcon.colcon_core.package_identification:_identify(launch) by extension 'python'
[0.381s] Level 1:colcon.colcon_core.package_identification:_identify(launch) by extensions ['python_setup_py']
[0.381s] Level 1:colcon.colcon_core.package_identification:_identify(launch) by extension 'python_setup_py'
[0.381s] Level 1:colcon.colcon_core.package_identification:_identify(launch/__pycache__) by extensions ['ignore', 'ignore_ament_install']
[0.381s] Level 1:colcon.colcon_core.package_identification:_identify(launch/__pycache__) by extension 'ignore'
[0.381s] Level 1:colcon.colcon_core.package_identification:_identify(launch/__pycache__) by extension 'ignore_ament_install'
[0.381s] Level 1:colcon.colcon_core.package_identification:_identify(launch/__pycache__) by extensions ['colcon_pkg']
[0.381s] Level 1:colcon.colcon_core.package_identification:_identify(launch/__pycache__) by extension 'colcon_pkg'
[0.381s] Level 1:colcon.colcon_core.package_identification:_identify(launch/__pycache__) by extensions ['colcon_meta']
[0.381s] Level 1:colcon.colcon_core.package_identification:_identify(launch/__pycache__) by extension 'colcon_meta'
[0.381s] Level 1:colcon.colcon_core.package_identification:_identify(launch/__pycache__) by extensions ['ros']
[0.381s] Level 1:colcon.colcon_core.package_identification:_identify(launch/__pycache__) by extension 'ros'
[0.381s] Level 1:colcon.colcon_core.package_identification:_identify(launch/__pycache__) by extensions ['cmake', 'python']
[0.382s] Level 1:colcon.colcon_core.package_identification:_identify(launch/__pycache__) by extension 'cmake'
[0.382s] Level 1:colcon.colcon_core.package_identification:_identify(launch/__pycache__) by extension 'python'
[0.382s] Level 1:colcon.colcon_core.package_identification:_identify(launch/__pycache__) by extensions ['python_setup_py']
[0.382s] Level 1:colcon.colcon_core.package_identification:_identify(launch/__pycache__) by extension 'python_setup_py'
[0.382s] Level 1:colcon.colcon_core.package_identification:_identify(launch/param_files) by extensions ['ignore', 'ignore_ament_install']
[0.382s] Level 1:colcon.colcon_core.package_identification:_identify(launch/param_files) by extension 'ignore'
[0.382s] Level 1:colcon.colcon_core.package_identification:_identify(launch/param_files) by extension 'ignore_ament_install'
[0.382s] Level 1:colcon.colcon_core.package_identification:_identify(launch/param_files) by extensions ['colcon_pkg']
[0.382s] Level 1:colcon.colcon_core.package_identification:_identify(launch/param_files) by extension 'colcon_pkg'
[0.382s] Level 1:colcon.colcon_core.package_identification:_identify(launch/param_files) by extensions ['colcon_meta']
[0.382s] Level 1:colcon.colcon_core.package_identification:_identify(launch/param_files) by extension 'colcon_meta'
[0.382s] Level 1:colcon.colcon_core.package_identification:_identify(launch/param_files) by extensions ['ros']
[0.382s] Level 1:colcon.colcon_core.package_identification:_identify(launch/param_files) by extension 'ros'
[0.382s] Level 1:colcon.colcon_core.package_identification:_identify(launch/param_files) by extensions ['cmake', 'python']
[0.382s] Level 1:colcon.colcon_core.package_identification:_identify(launch/param_files) by extension 'cmake'
[0.382s] Level 1:colcon.colcon_core.package_identification:_identify(launch/param_files) by extension 'python'
[0.382s] Level 1:colcon.colcon_core.package_identification:_identify(launch/param_files) by extensions ['python_setup_py']
[0.382s] Level 1:colcon.colcon_core.package_identification:_identify(launch/param_files) by extension 'python_setup_py'
[0.382s] Level 1:colcon.colcon_core.package_identification:_identify(log) by extensions ['ignore', 'ignore_ament_install']
[0.382s] Level 1:colcon.colcon_core.package_identification:_identify(log) by extension 'ignore'
[0.382s] Level 1:colcon.colcon_core.package_identification:_identify(log) ignored
[0.382s] Level 1:colcon.colcon_core.package_identification:_identify(src) by extensions ['ignore', 'ignore_ament_install']
[0.382s] Level 1:colcon.colcon_core.package_identification:_identify(src) by extension 'ignore'
[0.382s] Level 1:colcon.colcon_core.package_identification:_identify(src) by extension 'ignore_ament_install'
[0.383s] Level 1:colcon.colcon_core.package_identification:_identify(src) by extensions ['colcon_pkg']
[0.383s] Level 1:colcon.colcon_core.package_identification:_identify(src) by extension 'colcon_pkg'
[0.383s] Level 1:colcon.colcon_core.package_identification:_identify(src) by extensions ['colcon_meta']
[0.383s] Level 1:colcon.colcon_core.package_identification:_identify(src) by extension 'colcon_meta'
[0.383s] Level 1:colcon.colcon_core.package_identification:_identify(src) by extensions ['ros']
[0.383s] Level 1:colcon.colcon_core.package_identification:_identify(src) by extension 'ros'
[0.383s] Level 1:colcon.colcon_core.package_identification:_identify(src) by extensions ['cmake', 'python']
[0.383s] Level 1:colcon.colcon_core.package_identification:_identify(src) by extension 'cmake'
[0.383s] Level 1:colcon.colcon_core.package_identification:_identify(src) by extension 'python'
[0.383s] Level 1:colcon.colcon_core.package_identification:_identify(src) by extensions ['python_setup_py']
[0.383s] Level 1:colcon.colcon_core.package_identification:_identify(src) by extension 'python_setup_py'
[0.383s] Level 1:colcon.colcon_core.package_identification:_identify(src/m-explore-ros2-main) by extensions ['ignore', 'ignore_ament_install']
[0.383s] Level 1:colcon.colcon_core.package_identification:_identify(src/m-explore-ros2-main) by extension 'ignore'
[0.383s] Level 1:colcon.colcon_core.package_identification:_identify(src/m-explore-ros2-main) by extension 'ignore_ament_install'
[0.383s] Level 1:colcon.colcon_core.package_identification:_identify(src/m-explore-ros2-main) by extensions ['colcon_pkg']
[0.383s] Level 1:colcon.colcon_core.package_identification:_identify(src/m-explore-ros2-main) by extension 'colcon_pkg'
[0.383s] Level 1:colcon.colcon_core.package_identification:_identify(src/m-explore-ros2-main) by extensions ['colcon_meta']
[0.383s] Level 1:colcon.colcon_core.package_identification:_identify(src/m-explore-ros2-main) by extension 'colcon_meta'
[0.383s] Level 1:colcon.colcon_core.package_identification:_identify(src/m-explore-ros2-main) by extensions ['ros']
[0.383s] Level 1:colcon.colcon_core.package_identification:_identify(src/m-explore-ros2-main) by extension 'ros'
[0.383s] Level 1:colcon.colcon_core.package_identification:_identify(src/m-explore-ros2-main) by extensions ['cmake', 'python']
[0.383s] Level 1:colcon.colcon_core.package_identification:_identify(src/m-explore-ros2-main) by extension 'cmake'
[0.383s] Level 1:colcon.colcon_core.package_identification:_identify(src/m-explore-ros2-main) by extension 'python'
[0.383s] Level 1:colcon.colcon_core.package_identification:_identify(src/m-explore-ros2-main) by extensions ['python_setup_py']
[0.383s] Level 1:colcon.colcon_core.package_identification:_identify(src/m-explore-ros2-main) by extension 'python_setup_py'
[0.383s] Level 1:colcon.colcon_core.package_identification:_identify(src/m-explore-ros2-main/explore) by extensions ['ignore', 'ignore_ament_install']
[0.384s] Level 1:colcon.colcon_core.package_identification:_identify(src/m-explore-ros2-main/explore) by extension 'ignore'
[0.384s] Level 1:colcon.colcon_core.package_identification:_identify(src/m-explore-ros2-main/explore) by extension 'ignore_ament_install'
[0.384s] Level 1:colcon.colcon_core.package_identification:_identify(src/m-explore-ros2-main/explore) by extensions ['colcon_pkg']
[0.384s] Level 1:colcon.colcon_core.package_identification:_identify(src/m-explore-ros2-main/explore) by extension 'colcon_pkg'
[0.384s] Level 1:colcon.colcon_core.package_identification:_identify(src/m-explore-ros2-main/explore) by extensions ['colcon_meta']
[0.384s] Level 1:colcon.colcon_core.package_identification:_identify(src/m-explore-ros2-main/explore) by extension 'colcon_meta'
[0.384s] Level 1:colcon.colcon_core.package_identification:_identify(src/m-explore-ros2-main/explore) by extensions ['ros']
[0.384s] Level 1:colcon.colcon_core.package_identification:_identify(src/m-explore-ros2-main/explore) by extension 'ros'
[0.386s] DEBUG:colcon.colcon_core.package_identification:Package 'src/m-explore-ros2-main/explore' with type 'ros.ament_cmake' and name 'explore_lite'
[0.387s] Level 1:colcon.colcon_core.package_identification:_identify(src/m-explore-ros2-main/explore_lite_msgs) by extensions ['ignore', 'ignore_ament_install']
[0.387s] Level 1:colcon.colcon_core.package_identification:_identify(src/m-explore-ros2-main/explore_lite_msgs) by extension 'ignore'
[0.387s] Level 1:colcon.colcon_core.package_identification:_identify(src/m-explore-ros2-main/explore_lite_msgs) by extension 'ignore_ament_install'
[0.387s] Level 1:colcon.colcon_core.package_identification:_identify(src/m-explore-ros2-main/explore_lite_msgs) by extensions ['colcon_pkg']
[0.387s] Level 1:colcon.colcon_core.package_identification:_identify(src/m-explore-ros2-main/explore_lite_msgs) by extension 'colcon_pkg'
[0.387s] Level 1:colcon.colcon_core.package_identification:_identify(src/m-explore-ros2-main/explore_lite_msgs) by extensions ['colcon_meta']
[0.387s] Level 1:colcon.colcon_core.package_identification:_identify(src/m-explore-ros2-main/explore_lite_msgs) by extension 'colcon_meta'
[0.387s] Level 1:colcon.colcon_core.package_identification:_identify(src/m-explore-ros2-main/explore_lite_msgs) by extensions ['ros']
[0.387s] Level 1:colcon.colcon_core.package_identification:_identify(src/m-explore-ros2-main/explore_lite_msgs) by extension 'ros'
[0.387s] DEBUG:colcon.colcon_core.package_identification:Package 'src/m-explore-ros2-main/explore_lite_msgs' with type 'ros.ament_cmake' and name 'explore_lite_msgs'
[0.387s] Level 1:colcon.colcon_core.package_identification:_identify(src/m-explore-ros2-main/map_merge) by extensions ['ignore', 'ignore_ament_install']
[0.388s] Level 1:colcon.colcon_core.package_identification:_identify(src/m-explore-ros2-main/map_merge) by extension 'ignore'
[0.388s] Level 1:colcon.colcon_core.package_identification:_identify(src/m-explore-ros2-main/map_merge) by extension 'ignore_ament_install'
[0.388s] Level 1:colcon.colcon_core.package_identification:_identify(src/m-explore-ros2-main/map_merge) by extensions ['colcon_pkg']
[0.388s] Level 1:colcon.colcon_core.package_identification:_identify(src/m-explore-ros2-main/map_merge) by extension 'colcon_pkg'
[0.388s] Level 1:colcon.colcon_core.package_identification:_identify(src/m-explore-ros2-main/map_merge) by extensions ['colcon_meta']
[0.388s] Level 1:colcon.colcon_core.package_identification:_identify(src/m-explore-ros2-main/map_merge) by extension 'colcon_meta'
[0.388s] Level 1:colcon.colcon_core.package_identification:_identify(src/m-explore-ros2-main/map_merge) by extensions ['ros']
[0.388s] Level 1:colcon.colcon_core.package_identification:_identify(src/m-explore-ros2-main/map_merge) by extension 'ros'
[0.389s] DEBUG:colcon.colcon_core.package_identification:Package 'src/m-explore-ros2-main/map_merge' with type 'ros.ament_cmake' and name 'multirobot_map_merge'
[0.389s] Level 1:colcon.colcon_core.package_identification:_identify(src/mission_fsm) by extensions ['ignore', 'ignore_ament_install']
[0.389s] Level 1:colcon.colcon_core.package_identification:_identify(src/mission_fsm) by extension 'ignore'
[0.389s] Level 1:colcon.colcon_core.package_identification:_identify(src/mission_fsm) by extension 'ignore_ament_install'
[0.389s] Level 1:colcon.colcon_core.package_identification:_identify(src/mission_fsm) by extensions ['colcon_pkg']
[0.389s] Level 1:colcon.colcon_core.package_identification:_identify(src/mission_fsm) by extension 'colcon_pkg'
[0.389s] Level 1:colcon.colcon_core.package_identification:_identify(src/mission_fsm) by extensions ['colcon_meta']
[0.389s] Level 1:colcon.colcon_core.package_identification:_identify(src/mission_fsm) by extension 'colcon_meta'
[0.389s] Level 1:colcon.colcon_core.package_identification:_identify(src/mission_fsm) by extensions ['ros']
[0.389s] Level 1:colcon.colcon_core.package_identification:_identify(src/mission_fsm) by extension 'ros'
[0.390s] DEBUG:colcon.colcon_core.package_identification:Package 'src/mission_fsm' with type 'ros.ament_python' and name 'mission_fsm'
[0.390s] Level 1:colcon.colcon_core.package_discovery:discover_packages(recursive) using defaults
[0.390s] Level 1:colcon.colcon_core.package_discovery:discover_packages(ignore) discover
[0.390s] Level 1:colcon.colcon_core.package_discovery:discover_packages(ignore) using defaults
[0.390s] Level 1:colcon.colcon_core.package_discovery:discover_packages(path) discover
[0.390s] Level 1:colcon.colcon_core.package_discovery:discover_packages(path) using defaults
[0.407s] INFO:colcon.colcon_core.package_selection:Skipping not selected package 'explore_lite_msgs' in 'src/m-explore-ros2-main/explore_lite_msgs'
[0.407s] INFO:colcon.colcon_core.package_selection:Skipping not selected package 'multirobot_map_merge' in 'src/m-explore-ros2-main/map_merge'
[0.407s] INFO:colcon.colcon_core.package_selection:Skipping not selected package 'explore_lite' in 'src/m-explore-ros2-main/explore'
[0.407s] Level 1:colcon.colcon_core.package_discovery:discover_packages(prefix_path) check parameters
[0.407s] Level 1:colcon.colcon_core.package_discovery:discover_packages(prefix_path) discover
[0.415s] DEBUG:colcon.colcon_installed_package_information.package_discovery:Found 4 installed packages in /home/kky/cde2310_ws/install
[0.416s] DEBUG:colcon.colcon_installed_package_information.package_discovery:Found 8 installed packages in /home/kky/colcon_ws/install
[0.416s] DEBUG:colcon.colcon_installed_package_information.package_discovery:Found 12 installed packages in /home/kky/turtlebot3_ws/install
[0.418s] DEBUG:colcon.colcon_installed_package_information.package_discovery:Found 336 installed packages in /opt/ros/humble
[0.419s] Level 1:colcon.colcon_core.package_discovery:discover_packages(prefix_path) using defaults
[0.466s] Level 5:colcon.colcon_core.verb:set package 'mission_fsm' build argument 'cmake_args' from command line to 'None'
[0.466s] Level 5:colcon.colcon_core.verb:set package 'mission_fsm' build argument 'cmake_target' from command line to 'None'
[0.466s] Level 5:colcon.colcon_core.verb:set package 'mission_fsm' build argument 'cmake_target_skip_unavailable' from command line to 'False'
[0.466s] Level 5:colcon.colcon_core.verb:set package 'mission_fsm' build argument 'cmake_clean_cache' from command line to 'False'
[0.466s] Level 5:colcon.colcon_core.verb:set package 'mission_fsm' build argument 'cmake_clean_first' from command line to 'False'
[0.466s] Level 5:colcon.colcon_core.verb:set package 'mission_fsm' build argument 'cmake_force_configure' from command line to 'False'
[0.466s] Level 5:colcon.colcon_core.verb:set package 'mission_fsm' build argument 'ament_cmake_args' from command line to 'None'
[0.466s] Level 5:colcon.colcon_core.verb:set package 'mission_fsm' build argument 'catkin_cmake_args' from command line to 'None'
[0.466s] Level 5:colcon.colcon_core.verb:set package 'mission_fsm' build argument 'catkin_skip_building_tests' from command line to 'False'
[0.466s] DEBUG:colcon.colcon_core.verb:Building package 'mission_fsm' with the following arguments: {'ament_cmake_args': None, 'build_base': '/home/kky/cde2310_ws/build/mission_fsm', 'catkin_cmake_args': None, 'catkin_skip_building_tests': False, 'cmake_args': None, 'cmake_clean_cache': False, 'cmake_clean_first': False, 'cmake_force_configure': False, 'cmake_target': None, 'cmake_target_skip_unavailable': False, 'install_base': '/home/kky/cde2310_ws/install/mission_fsm', 'merge_install': False, 'path': '/home/kky/cde2310_ws/src/mission_fsm', 'symlink_install': False, 'test_result_base': None}
[0.466s] INFO:colcon.colcon_core.executor:Executing jobs using 'parallel' executor
[0.467s] DEBUG:colcon.colcon_parallel_executor.executor.parallel:run_until_complete
[0.467s] INFO:colcon.colcon_ros.task.ament_python.build:Building ROS package in '/home/kky/cde2310_ws/src/mission_fsm' with build type 'ament_python'
[0.467s] Level 1:colcon.colcon_core.shell:create_environment_hook('mission_fsm', 'ament_prefix_path')
[0.471s] INFO:colcon.colcon_core.plugin_system:Skipping extension 'colcon_core.shell.bat': Not used on non-Windows systems
[0.471s] INFO:colcon.colcon_core.shell:Creating environment hook '/home/kky/cde2310_ws/install/mission_fsm/share/mission_fsm/hook/ament_prefix_path.ps1'
[0.472s] INFO:colcon.colcon_core.shell:Creating environment descriptor '/home/kky/cde2310_ws/install/mission_fsm/share/mission_fsm/hook/ament_prefix_path.dsv'
[0.473s] INFO:colcon.colcon_core.shell:Creating environment hook '/home/kky/cde2310_ws/install/mission_fsm/share/mission_fsm/hook/ament_prefix_path.sh'
[0.474s] INFO:colcon.colcon_core.shell:Skip shell extension 'powershell' for command environment: Not usable outside of PowerShell
[0.474s] DEBUG:colcon.colcon_core.shell:Skip shell extension 'dsv' for command environment
[0.669s] INFO:colcon.colcon_core.task.python.build:Building Python package in '/home/kky/cde2310_ws/src/mission_fsm'
[0.669s] INFO:colcon.colcon_core.shell:Skip shell extension 'powershell' for command environment: Not usable outside of PowerShell
[0.669s] DEBUG:colcon.colcon_core.shell:Skip shell extension 'dsv' for command environment
[0.950s] DEBUG:colcon.colcon_core.event_handler.log_command:Invoking command in '/home/kky/cde2310_ws/src/mission_fsm': PYTHONPATH=/home/kky/cde2310_ws/build/mission_fsm/prefix_override:/usr/lib/python3/dist-packages/colcon_core/task/python/colcon_distutils_commands:/home/kky/cde2310_ws/install/mission_fsm/lib/python3.10/site-packages:${PYTHONPATH} /usr/bin/python3 -W ignore:setup.py install is deprecated -W ignore:easy_install command is deprecated setup.py egg_info --egg-base ../../build/mission_fsm build --build-base /home/kky/cde2310_ws/build/mission_fsm/build install --record /home/kky/cde2310_ws/build/mission_fsm/install.log --single-version-externally-managed install_data
[1.161s] DEBUG:colcon.colcon_core.event_handler.log_command:Invoked command in '/home/kky/cde2310_ws/src/mission_fsm' returned '0': PYTHONPATH=/home/kky/cde2310_ws/build/mission_fsm/prefix_override:/usr/lib/python3/dist-packages/colcon_core/task/python/colcon_distutils_commands:/home/kky/cde2310_ws/install/mission_fsm/lib/python3.10/site-packages:${PYTHONPATH} /usr/bin/python3 -W ignore:setup.py install is deprecated -W ignore:easy_install command is deprecated setup.py egg_info --egg-base ../../build/mission_fsm build --build-base /home/kky/cde2310_ws/build/mission_fsm/build install --record /home/kky/cde2310_ws/build/mission_fsm/install.log --single-version-externally-managed install_data
[1.165s] Level 1:colcon.colcon_core.environment:checking '/home/kky/cde2310_ws/install/mission_fsm' for CMake module files
[1.166s] Level 1:colcon.colcon_core.environment:checking '/home/kky/cde2310_ws/install/mission_fsm' for CMake config files
[1.166s] Level 1:colcon.colcon_core.environment:checking '/home/kky/cde2310_ws/install/mission_fsm/lib'
[1.166s] Level 1:colcon.colcon_core.environment:checking '/home/kky/cde2310_ws/install/mission_fsm/bin'
[1.166s] Level 1:colcon.colcon_core.environment:checking '/home/kky/cde2310_ws/install/mission_fsm/lib/pkgconfig/mission_fsm.pc'
[1.166s] Level 1:colcon.colcon_core.environment:checking '/home/kky/cde2310_ws/install/mission_fsm/lib/python3.10/site-packages'
[1.166s] Level 1:colcon.colcon_core.shell:create_environment_hook('mission_fsm', 'pythonpath')
[1.167s] INFO:colcon.colcon_core.shell:Creating environment hook '/home/kky/cde2310_ws/install/mission_fsm/share/mission_fsm/hook/pythonpath.ps1'
[1.167s] INFO:colcon.colcon_core.shell:Creating environment descriptor '/home/kky/cde2310_ws/install/mission_fsm/share/mission_fsm/hook/pythonpath.dsv'
[1.167s] INFO:colcon.colcon_core.shell:Creating environment hook '/home/kky/cde2310_ws/install/mission_fsm/share/mission_fsm/hook/pythonpath.sh'
[1.168s] Level 1:colcon.colcon_core.environment:checking '/home/kky/cde2310_ws/install/mission_fsm/bin'
[1.168s] Level 1:colcon.colcon_core.environment:create_environment_scripts_only(mission_fsm)
[1.168s] INFO:colcon.colcon_core.shell:Creating package script '/home/kky/cde2310_ws/install/mission_fsm/share/mission_fsm/package.ps1'
[1.169s] INFO:colcon.colcon_core.shell:Creating package descriptor '/home/kky/cde2310_ws/install/mission_fsm/share/mission_fsm/package.dsv'
[1.170s] INFO:colcon.colcon_core.shell:Creating package script '/home/kky/cde2310_ws/install/mission_fsm/share/mission_fsm/package.sh'
[1.171s] INFO:colcon.colcon_core.shell:Creating package script '/home/kky/cde2310_ws/install/mission_fsm/share/mission_fsm/package.bash'
[1.173s] INFO:colcon.colcon_core.shell:Creating package script '/home/kky/cde2310_ws/install/mission_fsm/share/mission_fsm/package.zsh'
[1.174s] Level 1:colcon.colcon_core.environment:create_file_with_runtime_dependencies(/home/kky/cde2310_ws/install/mission_fsm/share/colcon-core/packages/mission_fsm)
[1.174s] DEBUG:colcon.colcon_parallel_executor.executor.parallel:closing loop
[1.174s] DEBUG:colcon.colcon_parallel_executor.executor.parallel:loop closed
[1.174s] DEBUG:colcon.colcon_parallel_executor.executor.parallel:run_until_complete finished with '0'
[1.174s] DEBUG:colcon.colcon_core.event_reactor:joining thread
[1.180s] INFO:colcon.colcon_core.plugin_system:Skipping extension 'colcon_notification.desktop_notification.terminal_notifier': Not used on non-Darwin systems
[1.180s] INFO:colcon.colcon_core.plugin_system:Skipping extension 'colcon_notification.desktop_notification.win32': Not used on non-Windows systems
[1.180s] INFO:colcon.colcon_notification.desktop_notification:Sending desktop notification using 'notify2'
[1.191s] DEBUG:colcon.colcon_core.event_reactor:joined thread
[1.191s] INFO:colcon.colcon_core.shell:Creating prefix script '/home/kky/cde2310_ws/install/local_setup.ps1'
[1.193s] INFO:colcon.colcon_core.shell:Creating prefix util module '/home/kky/cde2310_ws/install/_local_setup_util_ps1.py'
[1.194s] INFO:colcon.colcon_core.shell:Creating prefix chain script '/home/kky/cde2310_ws/install/setup.ps1'
[1.196s] INFO:colcon.colcon_core.shell:Creating prefix script '/home/kky/cde2310_ws/install/local_setup.sh'
[1.196s] INFO:colcon.colcon_core.shell:Creating prefix util module '/home/kky/cde2310_ws/install/_local_setup_util_sh.py'
[1.197s] INFO:colcon.colcon_core.shell:Creating prefix chain script '/home/kky/cde2310_ws/install/setup.sh'
[1.199s] INFO:colcon.colcon_core.shell:Creating prefix script '/home/kky/cde2310_ws/install/local_setup.bash'
[1.200s] INFO:colcon.colcon_core.shell:Creating prefix chain script '/home/kky/cde2310_ws/install/setup.bash'
[1.201s] INFO:colcon.colcon_core.shell:Creating prefix script '/home/kky/cde2310_ws/install/local_setup.zsh'
[1.202s] INFO:colcon.colcon_core.shell:Creating prefix chain script '/home/kky/cde2310_ws/install/setup.zsh'
