[0.679s] Invoking command in '/home/kky/cde2310_ws/src/mission_fsm': PYTHONPATH=/home/kky/cde2310_ws/build/mission_fsm/prefix_override:/usr/lib/python3/dist-packages/colcon_core/task/python/colcon_distutils_commands:/home/kky/cde2310_ws/install/mission_fsm/lib/python3.10/site-packages:${PYTHONPATH} /usr/bin/python3 -W ignore:setup.py install is deprecated -W ignore:easy_install command is deprecated setup.py egg_info --egg-base ../../build/mission_fsm build --build-base /home/kky/cde2310_ws/build/mission_fsm/build install --record /home/kky/cde2310_ws/build/mission_fsm/install.log --single-version-externally-managed install_data
[0.855s] running egg_info
[0.856s] writing ../../build/mission_fsm/mission_fsm.egg-info/PKG-INFO
[0.856s] writing dependency_links to ../../build/mission_fsm/mission_fsm.egg-info/dependency_links.txt
[0.856s] writing entry points to ../../build/mission_fsm/mission_fsm.egg-info/entry_points.txt
[0.856s] writing requirements to ../../build/mission_fsm/mission_fsm.egg-info/requires.txt
[0.856s] writing top-level names to ../../build/mission_fsm/mission_fsm.egg-info/top_level.txt
[0.857s] reading manifest file '../../build/mission_fsm/mission_fsm.egg-info/SOURCES.txt'
[0.858s] writing manifest file '../../build/mission_fsm/mission_fsm.egg-info/SOURCES.txt'
[0.858s] running build
[0.858s] running build_py
[0.858s] copying mission_fsm/mission_fsm.py -> /home/kky/cde2310_ws/build/mission_fsm/build/lib/mission_fsm
[0.858s] running install
[0.859s] running install_lib
[0.860s] copying /home/kky/cde2310_ws/build/mission_fsm/build/lib/mission_fsm/mission_fsm.py -> /home/kky/cde2310_ws/install/mission_fsm/lib/python3.10/site-packages/mission_fsm
[0.860s] byte-compiling /home/kky/cde2310_ws/install/mission_fsm/lib/python3.10/site-packages/mission_fsm/mission_fsm.py to mission_fsm.cpython-310.pyc
[0.861s] running install_data
[0.861s] running install_egg_info
[0.863s] removing '/home/kky/cde2310_ws/install/mission_fsm/lib/python3.10/site-packages/mission_fsm-0.0.0-py3.10.egg-info' (and everything under it)
[0.863s] Copying ../../build/mission_fsm/mission_fsm.egg-info to /home/kky/cde2310_ws/install/mission_fsm/lib/python3.10/site-packages/mission_fsm-0.0.0-py3.10.egg-info
[0.864s] running install_scripts
[0.879s] Installing mission_fsm script to /home/kky/cde2310_ws/install/mission_fsm/lib/mission_fsm
[0.879s] writing list of installed files to '/home/kky/cde2310_ws/build/mission_fsm/install.log'
[0.914s] Invoked command in '/home/kky/cde2310_ws/src/mission_fsm' returned '0': PYTHONPATH=/home/kky/cde2310_ws/build/mission_fsm/prefix_override:/usr/lib/python3/dist-packages/colcon_core/task/python/colcon_distutils_commands:/home/kky/cde2310_ws/install/mission_fsm/lib/python3.10/site-packages:${PYTHONPATH} /usr/bin/python3 -W ignore:setup.py install is deprecated -W ignore:easy_install command is deprecated setup.py egg_info --egg-base ../../build/mission_fsm build --build-base /home/kky/cde2310_ws/build/mission_fsm/build install --record /home/kky/cde2310_ws/build/mission_fsm/install.log --single-version-externally-managed install_data
