running egg_info
writing ../../build/docking_pid/docking_pid.egg-info/PKG-INFO
writing dependency_links to ../../build/docking_pid/docking_pid.egg-info/dependency_links.txt
writing entry points to ../../build/docking_pid/docking_pid.egg-info/entry_points.txt
writing requirements to ../../build/docking_pid/docking_pid.egg-info/requires.txt
writing top-level names to ../../build/docking_pid/docking_pid.egg-info/top_level.txt
reading manifest file '../../build/docking_pid/docking_pid.egg-info/SOURCES.txt'
writing manifest file '../../build/docking_pid/docking_pid.egg-info/SOURCES.txt'
running build
running build_py
copying docking_pid/docking_pid.py -> /home/kky/cde2310_ws/build/docking_pid/build/lib/docking_pid
running install
running install_lib
copying /home/kky/cde2310_ws/build/docking_pid/build/lib/docking_pid/docking_pid.py -> /home/kky/cde2310_ws/install/docking_pid/lib/python3.10/site-packages/docking_pid
byte-compiling /home/kky/cde2310_ws/install/docking_pid/lib/python3.10/site-packages/docking_pid/docking_pid.py to docking_pid.cpython-310.pyc
running install_data
running install_egg_info
removing '/home/kky/cde2310_ws/install/docking_pid/lib/python3.10/site-packages/docking_pid-0.0.0-py3.10.egg-info' (and everything under it)
Copying ../../build/docking_pid/docking_pid.egg-info to /home/kky/cde2310_ws/install/docking_pid/lib/python3.10/site-packages/docking_pid-0.0.0-py3.10.egg-info
running install_scripts
Installing docking_pid script to /home/kky/cde2310_ws/install/docking_pid/lib/docking_pid
writing list of installed files to '/home/kky/cde2310_ws/build/docking_pid/install.log'
