[0.471s] Invoking command in '/home/kky/cde2310_ws/src/docking_pid': PYTHONPATH=/home/kky/cde2310_ws/build/docking_pid/prefix_override:/usr/lib/python3/dist-packages/colcon_core/task/python/colcon_distutils_commands:/home/kky/cde2310_ws/install/docking_pid/lib/python3.10/site-packages:${PYTHONPATH} /usr/bin/python3 -W ignore:setup.py install is deprecated -W ignore:easy_install command is deprecated setup.py egg_info --egg-base ../../build/docking_pid build --build-base /home/kky/cde2310_ws/build/docking_pid/build install --record /home/kky/cde2310_ws/build/docking_pid/install.log --single-version-externally-managed install_data
[0.647s] running egg_info
[0.647s] writing ../../build/docking_pid/docking_pid.egg-info/PKG-INFO
[0.647s] writing dependency_links to ../../build/docking_pid/docking_pid.egg-info/dependency_links.txt
[0.647s] writing entry points to ../../build/docking_pid/docking_pid.egg-info/entry_points.txt
[0.648s] writing requirements to ../../build/docking_pid/docking_pid.egg-info/requires.txt
[0.648s] writing top-level names to ../../build/docking_pid/docking_pid.egg-info/top_level.txt
[0.649s] reading manifest file '../../build/docking_pid/docking_pid.egg-info/SOURCES.txt'
[0.649s] writing manifest file '../../build/docking_pid/docking_pid.egg-info/SOURCES.txt'
[0.649s] running build
[0.650s] running build_py
[0.650s] copying docking_pid/docking_pid.py -> /home/kky/cde2310_ws/build/docking_pid/build/lib/docking_pid
[0.650s] running install
[0.651s] running install_lib
[0.651s] copying /home/kky/cde2310_ws/build/docking_pid/build/lib/docking_pid/docking_pid.py -> /home/kky/cde2310_ws/install/docking_pid/lib/python3.10/site-packages/docking_pid
[0.652s] byte-compiling /home/kky/cde2310_ws/install/docking_pid/lib/python3.10/site-packages/docking_pid/docking_pid.py to docking_pid.cpython-310.pyc
[0.653s] running install_data
[0.653s] running install_egg_info
[0.655s] removing '/home/kky/cde2310_ws/install/docking_pid/lib/python3.10/site-packages/docking_pid-0.0.0-py3.10.egg-info' (and everything under it)
[0.655s] Copying ../../build/docking_pid/docking_pid.egg-info to /home/kky/cde2310_ws/install/docking_pid/lib/python3.10/site-packages/docking_pid-0.0.0-py3.10.egg-info
[0.656s] running install_scripts
[0.671s] Installing docking_pid script to /home/kky/cde2310_ws/install/docking_pid/lib/docking_pid
[0.672s] writing list of installed files to '/home/kky/cde2310_ws/build/docking_pid/install.log'
[0.692s] Invoked command in '/home/kky/cde2310_ws/src/docking_pid' returned '0': PYTHONPATH=/home/kky/cde2310_ws/build/docking_pid/prefix_override:/usr/lib/python3/dist-packages/colcon_core/task/python/colcon_distutils_commands:/home/kky/cde2310_ws/install/docking_pid/lib/python3.10/site-packages:${PYTHONPATH} /usr/bin/python3 -W ignore:setup.py install is deprecated -W ignore:easy_install command is deprecated setup.py egg_info --egg-base ../../build/docking_pid build --build-base /home/kky/cde2310_ws/build/docking_pid/build install --record /home/kky/cde2310_ws/build/docking_pid/install.log --single-version-externally-managed install_data
