[0.700s] Invoking command in '/home/kky/cde2310_ws/src/mission_fsm': PYTHONPATH=/home/kky/cde2310_ws/build/mission_fsm/prefix_override:/usr/lib/python3/dist-packages/colcon_core/task/python/colcon_distutils_commands:/home/kky/cde2310_ws/install/mission_fsm/lib/python3.10/site-packages:${PYTHONPATH} /usr/bin/python3 -W ignore:setup.py install is deprecated -W ignore:easy_install command is deprecated setup.py egg_info --egg-base ../../build/mission_fsm build --build-base /home/kky/cde2310_ws/build/mission_fsm/build install --record /home/kky/cde2310_ws/build/mission_fsm/install.log --single-version-externally-managed install_data
[0.882s] running egg_info
[0.883s] writing ../../build/mission_fsm/mission_fsm.egg-info/PKG-INFO
[0.883s] writing dependency_links to ../../build/mission_fsm/mission_fsm.egg-info/dependency_links.txt
[0.883s] writing entry points to ../../build/mission_fsm/mission_fsm.egg-info/entry_points.txt
[0.884s] writing requirements to ../../build/mission_fsm/mission_fsm.egg-info/requires.txt
[0.884s] writing top-level names to ../../build/mission_fsm/mission_fsm.egg-info/top_level.txt
[0.884s] reading manifest file '../../build/mission_fsm/mission_fsm.egg-info/SOURCES.txt'
[0.885s] writing manifest file '../../build/mission_fsm/mission_fsm.egg-info/SOURCES.txt'
[0.885s] running build
[0.886s] running build_py
[0.886s] running install
[0.887s] running install_lib
[0.888s] running install_data
[0.888s] running install_egg_info
[0.889s] removing '/home/kky/cde2310_ws/install/mission_fsm/lib/python3.10/site-packages/mission_fsm-0.0.0-py3.10.egg-info' (and everything under it)
[0.889s] Copying ../../build/mission_fsm/mission_fsm.egg-info to /home/kky/cde2310_ws/install/mission_fsm/lib/python3.10/site-packages/mission_fsm-0.0.0-py3.10.egg-info
[0.890s] running install_scripts
[0.906s] Installing mission_fsm script to /home/kky/cde2310_ws/install/mission_fsm/lib/mission_fsm
[0.907s] writing list of installed files to '/home/kky/cde2310_ws/build/mission_fsm/install.log'
[0.943s] Invoked command in '/home/kky/cde2310_ws/src/mission_fsm' returned '0': PYTHONPATH=/home/kky/cde2310_ws/build/mission_fsm/prefix_override:/usr/lib/python3/dist-packages/colcon_core/task/python/colcon_distutils_commands:/home/kky/cde2310_ws/install/mission_fsm/lib/python3.10/site-packages:${PYTHONPATH} /usr/bin/python3 -W ignore:setup.py install is deprecated -W ignore:easy_install command is deprecated setup.py egg_info --egg-base ../../build/mission_fsm build --build-base /home/kky/cde2310_ws/build/mission_fsm/build install --record /home/kky/cde2310_ws/build/mission_fsm/install.log --single-version-externally-managed install_data
