[0.469s] Invoking command in '/home/kky/cde2310_ws/src/scan_filter': PYTHONPATH=/home/kky/cde2310_ws/build/scan_filter/prefix_override:/usr/lib/python3/dist-packages/colcon_core/task/python/colcon_distutils_commands:/home/kky/cde2310_ws/install/scan_filter/lib/python3.10/site-packages:${PYTHONPATH} /usr/bin/python3 -W ignore:setup.py install is deprecated -W ignore:easy_install command is deprecated setup.py egg_info --egg-base ../../build/scan_filter build --build-base /home/kky/cde2310_ws/build/scan_filter/build install --record /home/kky/cde2310_ws/build/scan_filter/install.log --single-version-externally-managed install_data
[0.644s] running egg_info
[0.644s] creating ../../build/scan_filter/scan_filter.egg-info
[0.644s] writing ../../build/scan_filter/scan_filter.egg-info/PKG-INFO
[0.644s] writing dependency_links to ../../build/scan_filter/scan_filter.egg-info/dependency_links.txt
[0.644s] writing entry points to ../../build/scan_filter/scan_filter.egg-info/entry_points.txt
[0.644s] writing requirements to ../../build/scan_filter/scan_filter.egg-info/requires.txt
[0.645s] writing top-level names to ../../build/scan_filter/scan_filter.egg-info/top_level.txt
[0.645s] writing manifest file '../../build/scan_filter/scan_filter.egg-info/SOURCES.txt'
[0.646s] reading manifest file '../../build/scan_filter/scan_filter.egg-info/SOURCES.txt'
[0.646s] writing manifest file '../../build/scan_filter/scan_filter.egg-info/SOURCES.txt'
[0.646s] running build
[0.646s] running build_py
[0.646s] creating /home/kky/cde2310_ws/build/scan_filter/build
[0.646s] creating /home/kky/cde2310_ws/build/scan_filter/build/lib
[0.646s] creating /home/kky/cde2310_ws/build/scan_filter/build/lib/scan_filter
[0.646s] copying scan_filter/__init__.py -> /home/kky/cde2310_ws/build/scan_filter/build/lib/scan_filter
[0.647s] copying scan_filter/scan_resampler.py -> /home/kky/cde2310_ws/build/scan_filter/build/lib/scan_filter
[0.647s] running install
[0.647s] running install_lib
[0.648s] creating /home/kky/cde2310_ws/install/scan_filter/lib/python3.10/site-packages/scan_filter
[0.648s] copying /home/kky/cde2310_ws/build/scan_filter/build/lib/scan_filter/__init__.py -> /home/kky/cde2310_ws/install/scan_filter/lib/python3.10/site-packages/scan_filter
[0.648s] copying /home/kky/cde2310_ws/build/scan_filter/build/lib/scan_filter/scan_resampler.py -> /home/kky/cde2310_ws/install/scan_filter/lib/python3.10/site-packages/scan_filter
[0.648s] byte-compiling /home/kky/cde2310_ws/install/scan_filter/lib/python3.10/site-packages/scan_filter/__init__.py to __init__.cpython-310.pyc
[0.649s] byte-compiling /home/kky/cde2310_ws/install/scan_filter/lib/python3.10/site-packages/scan_filter/scan_resampler.py to scan_resampler.cpython-310.pyc
[0.649s] running install_data
[0.649s] creating /home/kky/cde2310_ws/install/scan_filter/share/ament_index
[0.649s] creating /home/kky/cde2310_ws/install/scan_filter/share/ament_index/resource_index
[0.649s] creating /home/kky/cde2310_ws/install/scan_filter/share/ament_index/resource_index/packages
[0.649s] copying resource/scan_filter -> /home/kky/cde2310_ws/install/scan_filter/share/ament_index/resource_index/packages
[0.649s] copying package.xml -> /home/kky/cde2310_ws/install/scan_filter/share/scan_filter
[0.649s] running install_egg_info
[0.650s] Copying ../../build/scan_filter/scan_filter.egg-info to /home/kky/cde2310_ws/install/scan_filter/lib/python3.10/site-packages/scan_filter-0.0.0-py3.10.egg-info
[0.651s] running install_scripts
[0.666s] writing list of installed files to '/home/kky/cde2310_ws/build/scan_filter/install.log'
[0.685s] Invoked command in '/home/kky/cde2310_ws/src/scan_filter' returned '0': PYTHONPATH=/home/kky/cde2310_ws/build/scan_filter/prefix_override:/usr/lib/python3/dist-packages/colcon_core/task/python/colcon_distutils_commands:/home/kky/cde2310_ws/install/scan_filter/lib/python3.10/site-packages:${PYTHONPATH} /usr/bin/python3 -W ignore:setup.py install is deprecated -W ignore:easy_install command is deprecated setup.py egg_info --egg-base ../../build/scan_filter build --build-base /home/kky/cde2310_ws/build/scan_filter/build install --record /home/kky/cde2310_ws/build/scan_filter/install.log --single-version-externally-managed install_data
