running egg_info
creating ../../build/random_nav/random_nav.egg-info
writing ../../build/random_nav/random_nav.egg-info/PKG-INFO
writing dependency_links to ../../build/random_nav/random_nav.egg-info/dependency_links.txt
writing entry points to ../../build/random_nav/random_nav.egg-info/entry_points.txt
writing requirements to ../../build/random_nav/random_nav.egg-info/requires.txt
writing top-level names to ../../build/random_nav/random_nav.egg-info/top_level.txt
writing manifest file '../../build/random_nav/random_nav.egg-info/SOURCES.txt'
reading manifest file '../../build/random_nav/random_nav.egg-info/SOURCES.txt'
writing manifest file '../../build/random_nav/random_nav.egg-info/SOURCES.txt'
running build
running build_py
creating /home/kky/cde2310_ws/build/random_nav/build
creating /home/kky/cde2310_ws/build/random_nav/build/lib
creating /home/kky/cde2310_ws/build/random_nav/build/lib/random_nav
copying random_nav/__init__.py -> /home/kky/cde2310_ws/build/random_nav/build/lib/random_nav
copying random_nav/random_nav.py -> /home/kky/cde2310_ws/build/random_nav/build/lib/random_nav
running install
running install_lib
creating /home/kky/cde2310_ws/install/random_nav/lib/python3.10/site-packages/random_nav
copying /home/kky/cde2310_ws/build/random_nav/build/lib/random_nav/__init__.py -> /home/kky/cde2310_ws/install/random_nav/lib/python3.10/site-packages/random_nav
copying /home/kky/cde2310_ws/build/random_nav/build/lib/random_nav/random_nav.py -> /home/kky/cde2310_ws/install/random_nav/lib/python3.10/site-packages/random_nav
byte-compiling /home/kky/cde2310_ws/install/random_nav/lib/python3.10/site-packages/random_nav/__init__.py to __init__.cpython-310.pyc
byte-compiling /home/kky/cde2310_ws/install/random_nav/lib/python3.10/site-packages/random_nav/random_nav.py to random_nav.cpython-310.pyc
running install_data
creating /home/kky/cde2310_ws/install/random_nav/share/ament_index
creating /home/kky/cde2310_ws/install/random_nav/share/ament_index/resource_index
creating /home/kky/cde2310_ws/install/random_nav/share/ament_index/resource_index/packages
copying resource/random_nav -> /home/kky/cde2310_ws/install/random_nav/share/ament_index/resource_index/packages
copying package.xml -> /home/kky/cde2310_ws/install/random_nav/share/random_nav
running install_egg_info
Copying ../../build/random_nav/random_nav.egg-info to /home/kky/cde2310_ws/install/random_nav/lib/python3.10/site-packages/random_nav-0.0.0-py3.10.egg-info
running install_scripts
Installing random_nav script to /home/kky/cde2310_ws/install/random_nav/lib/random_nav
writing list of installed files to '/home/kky/cde2310_ws/build/random_nav/install.log'
