[0.493s] Invoking command in '/home/kky/cde2310_ws/src/random_nav': PYTHONPATH=/home/kky/cde2310_ws/build/random_nav/prefix_override:/usr/lib/python3/dist-packages/colcon_core/task/python/colcon_distutils_commands:/home/kky/cde2310_ws/install/random_nav/lib/python3.10/site-packages:${PYTHONPATH} /usr/bin/python3 -W ignore:setup.py install is deprecated -W ignore:easy_install command is deprecated setup.py egg_info --egg-base ../../build/random_nav build --build-base /home/kky/cde2310_ws/build/random_nav/build install --record /home/kky/cde2310_ws/build/random_nav/install.log --single-version-externally-managed install_data
[0.677s] running egg_info
[0.678s] writing ../../build/random_nav/random_nav.egg-info/PKG-INFO
[0.678s] writing dependency_links to ../../build/random_nav/random_nav.egg-info/dependency_links.txt
[0.678s] writing entry points to ../../build/random_nav/random_nav.egg-info/entry_points.txt
[0.678s] writing requirements to ../../build/random_nav/random_nav.egg-info/requires.txt
[0.678s] writing top-level names to ../../build/random_nav/random_nav.egg-info/top_level.txt
[0.680s] reading manifest file '../../build/random_nav/random_nav.egg-info/SOURCES.txt'
[0.680s] writing manifest file '../../build/random_nav/random_nav.egg-info/SOURCES.txt'
[0.680s] running build
[0.680s] running build_py
[0.681s] running install
[0.682s] running install_lib
[0.683s] running install_data
[0.683s] running install_egg_info
[0.684s] removing '/home/kky/cde2310_ws/install/random_nav/lib/python3.10/site-packages/random_nav-0.0.0-py3.10.egg-info' (and everything under it)
[0.685s] Copying ../../build/random_nav/random_nav.egg-info to /home/kky/cde2310_ws/install/random_nav/lib/python3.10/site-packages/random_nav-0.0.0-py3.10.egg-info
[0.685s] running install_scripts
[0.701s] Installing random_nav script to /home/kky/cde2310_ws/install/random_nav/lib/random_nav
[0.701s] writing list of installed files to '/home/kky/cde2310_ws/build/random_nav/install.log'
[0.721s] Invoked command in '/home/kky/cde2310_ws/src/random_nav' returned '0': PYTHONPATH=/home/kky/cde2310_ws/build/random_nav/prefix_override:/usr/lib/python3/dist-packages/colcon_core/task/python/colcon_distutils_commands:/home/kky/cde2310_ws/install/random_nav/lib/python3.10/site-packages:${PYTHONPATH} /usr/bin/python3 -W ignore:setup.py install is deprecated -W ignore:easy_install command is deprecated setup.py egg_info --egg-base ../../build/random_nav build --build-base /home/kky/cde2310_ws/build/random_nav/build install --record /home/kky/cde2310_ws/build/random_nav/install.log --single-version-externally-managed install_data
