[0.211s] Invoking command in '/home/kky/cde2310_ws/build/multirobot_map_merge': CMAKE_PREFIX_PATH=${CMAKE_PREFIX_PATH}:/home/kky/cde2310_ws/install/mission_fsm:/home/kky/colcon_ws/install/py_pubsub:/home/kky/colcon_ws/install/cde2310_e2:/home/kky/colcon_ws/install/auto_nav:/home/kky/turtlebot3_ws/install/turtlebot3_teleop:/home/kky/turtlebot3_ws/install/turtlebot3_example:/opt/ros/humble /usr/bin/cmake --build /home/kky/cde2310_ws/build/multirobot_map_merge -- -j16 -l16
[0.271s] [ 33%] Built target gtest
[0.271s] [ 33%] Built target gtest_main
[0.272s] [ 66%] Built target combine_grids
[0.302s] [ 83%] Built target test_merging_pipeline
[0.303s] [100%] Built target map_merge
[0.316s] Invoked command in '/home/kky/cde2310_ws/build/multirobot_map_merge' returned '0': CMAKE_PREFIX_PATH=${CMAKE_PREFIX_PATH}:/home/kky/cde2310_ws/install/mission_fsm:/home/kky/colcon_ws/install/py_pubsub:/home/kky/colcon_ws/install/cde2310_e2:/home/kky/colcon_ws/install/auto_nav:/home/kky/turtlebot3_ws/install/turtlebot3_teleop:/home/kky/turtlebot3_ws/install/turtlebot3_example:/opt/ros/humble /usr/bin/cmake --build /home/kky/cde2310_ws/build/multirobot_map_merge -- -j16 -l16
[0.320s] Invoking command in '/home/kky/cde2310_ws/build/multirobot_map_merge': CMAKE_PREFIX_PATH=${CMAKE_PREFIX_PATH}:/home/kky/cde2310_ws/install/mission_fsm:/home/kky/colcon_ws/install/py_pubsub:/home/kky/colcon_ws/install/cde2310_e2:/home/kky/colcon_ws/install/auto_nav:/home/kky/turtlebot3_ws/install/turtlebot3_teleop:/home/kky/turtlebot3_ws/install/turtlebot3_example:/opt/ros/humble /usr/bin/cmake --install /home/kky/cde2310_ws/build/multirobot_map_merge
[0.326s] -- Install configuration: ""
[0.327s] -- Up-to-date: /home/kky/cde2310_ws/install/multirobot_map_merge/include/map_merge/
[0.327s] -- Up-to-date: /home/kky/cde2310_ws/install/multirobot_map_merge/include/map_merge//ros1_names.hpp
[0.327s] -- Up-to-date: /home/kky/cde2310_ws/install/multirobot_map_merge/include/map_merge//map_merge.h
[0.327s] -- Up-to-date: /home/kky/cde2310_ws/install/multirobot_map_merge/share/multirobot_map_merge/launch
[0.327s] -- Up-to-date: /home/kky/cde2310_ws/install/multirobot_map_merge/share/multirobot_map_merge/launch/tb3_simulation
[0.327s] -- Up-to-date: /home/kky/cde2310_ws/install/multirobot_map_merge/share/multirobot_map_merge/launch/tb3_simulation/config
[0.327s] -- Up-to-date: /home/kky/cde2310_ws/install/multirobot_map_merge/share/multirobot_map_merge/launch/tb3_simulation/config/nav2_multirobot_params_1.yaml
[0.327s] -- Up-to-date: /home/kky/cde2310_ws/install/multirobot_map_merge/share/multirobot_map_merge/launch/tb3_simulation/config/nav2_multirobot_params_2.yaml
[0.327s] -- Up-to-date: /home/kky/cde2310_ws/install/multirobot_map_merge/share/multirobot_map_merge/launch/tb3_simulation/slam_toolbox.py
[0.327s] -- Up-to-date: /home/kky/cde2310_ws/install/multirobot_map_merge/share/multirobot_map_merge/launch/tb3_simulation/worlds
[0.327s] -- Up-to-date: /home/kky/cde2310_ws/install/multirobot_map_merge/share/multirobot_map_merge/launch/tb3_simulation/worlds/world_only.model
[0.327s] -- Up-to-date: /home/kky/cde2310_ws/install/multirobot_map_merge/share/multirobot_map_merge/launch/tb3_simulation/tb3_simulation_launch.py
[0.327s] -- Up-to-date: /home/kky/cde2310_ws/install/multirobot_map_merge/share/multirobot_map_merge/launch/tb3_simulation/multi_tb3_simulation_launch.py
[0.327s] -- Up-to-date: /home/kky/cde2310_ws/install/multirobot_map_merge/share/multirobot_map_merge/launch/tb3_simulation/bringup_launch.py
[0.327s] -- Up-to-date: /home/kky/cde2310_ws/install/multirobot_map_merge/share/multirobot_map_merge/launch/map_merge.rviz
[0.327s] -- Up-to-date: /home/kky/cde2310_ws/install/multirobot_map_merge/share/multirobot_map_merge/launch/from_map_server.launch.py
[0.327s] -- Up-to-date: /home/kky/cde2310_ws/install/multirobot_map_merge/share/multirobot_map_merge/launch/map_merge.launch.py
[0.327s] -- Up-to-date: /home/kky/cde2310_ws/install/multirobot_map_merge/share/multirobot_map_merge/config
[0.328s] -- Up-to-date: /home/kky/cde2310_ws/install/multirobot_map_merge/share/multirobot_map_merge/config/params.yaml
[0.328s] -- Up-to-date: /home/kky/cde2310_ws/install/multirobot_map_merge/lib/libcombine_grids.a
[0.328s] -- Up-to-date: /home/kky/cde2310_ws/install/multirobot_map_merge/lib/multirobot_map_merge/map_merge
[0.328s] -- Up-to-date: /home/kky/cde2310_ws/install/multirobot_map_merge/share/multirobot_map_merge/environment/library_path.sh
[0.328s] -- Up-to-date: /home/kky/cde2310_ws/install/multirobot_map_merge/share/multirobot_map_merge/environment/library_path.dsv
[0.328s] -- Up-to-date: /home/kky/cde2310_ws/install/multirobot_map_merge/share/ament_index/resource_index/package_run_dependencies/multirobot_map_merge
[0.328s] -- Up-to-date: /home/kky/cde2310_ws/install/multirobot_map_merge/share/ament_index/resource_index/parent_prefix_path/multirobot_map_merge
[0.328s] -- Up-to-date: /home/kky/cde2310_ws/install/multirobot_map_merge/share/multirobot_map_merge/environment/ament_prefix_path.sh
[0.328s] -- Up-to-date: /home/kky/cde2310_ws/install/multirobot_map_merge/share/multirobot_map_merge/environment/ament_prefix_path.dsv
[0.328s] -- Up-to-date: /home/kky/cde2310_ws/install/multirobot_map_merge/share/multirobot_map_merge/environment/path.sh
[0.328s] -- Up-to-date: /home/kky/cde2310_ws/install/multirobot_map_merge/share/multirobot_map_merge/environment/path.dsv
[0.328s] -- Up-to-date: /home/kky/cde2310_ws/install/multirobot_map_merge/share/multirobot_map_merge/local_setup.bash
[0.328s] -- Up-to-date: /home/kky/cde2310_ws/install/multirobot_map_merge/share/multirobot_map_merge/local_setup.sh
[0.328s] -- Up-to-date: /home/kky/cde2310_ws/install/multirobot_map_merge/share/multirobot_map_merge/local_setup.zsh
[0.328s] -- Up-to-date: /home/kky/cde2310_ws/install/multirobot_map_merge/share/multirobot_map_merge/local_setup.dsv
[0.328s] -- Installing: /home/kky/cde2310_ws/install/multirobot_map_merge/share/multirobot_map_merge/package.dsv
[0.328s] -- Up-to-date: /home/kky/cde2310_ws/install/multirobot_map_merge/share/ament_index/resource_index/packages/multirobot_map_merge
[0.328s] -- Up-to-date: /home/kky/cde2310_ws/install/multirobot_map_merge/share/multirobot_map_merge/cmake/ament_cmake_export_include_directories-extras.cmake
[0.328s] -- Up-to-date: /home/kky/cde2310_ws/install/multirobot_map_merge/share/multirobot_map_merge/cmake/ament_cmake_export_libraries-extras.cmake
[0.328s] -- Up-to-date: /home/kky/cde2310_ws/install/multirobot_map_merge/share/multirobot_map_merge/cmake/multirobot_map_mergeConfig.cmake
[0.328s] -- Up-to-date: /home/kky/cde2310_ws/install/multirobot_map_merge/share/multirobot_map_merge/cmake/multirobot_map_mergeConfig-version.cmake
[0.328s] -- Up-to-date: /home/kky/cde2310_ws/install/multirobot_map_merge/share/multirobot_map_merge/package.xml
[0.330s] Invoked command in '/home/kky/cde2310_ws/build/multirobot_map_merge' returned '0': CMAKE_PREFIX_PATH=${CMAKE_PREFIX_PATH}:/home/kky/cde2310_ws/install/mission_fsm:/home/kky/colcon_ws/install/py_pubsub:/home/kky/colcon_ws/install/cde2310_e2:/home/kky/colcon_ws/install/auto_nav:/home/kky/turtlebot3_ws/install/turtlebot3_teleop:/home/kky/turtlebot3_ws/install/turtlebot3_example:/opt/ros/humble /usr/bin/cmake --install /home/kky/cde2310_ws/build/multirobot_map_merge
