[0.014s] Invoking command in '/home/kky/cde2310_ws/build/explore_lite': AMENT_PREFIX_PATH=/home/kky/cde2310_ws/install/explore_lite_msgs:${AMENT_PREFIX_PATH} CMAKE_PREFIX_PATH=/home/kky/cde2310_ws/install/explore_lite_msgs:/home/kky/colcon_ws/install/turtlebot3_simulations:/home/kky/colcon_ws/install/turtlebot3_gazebo:/home/kky/colcon_ws/install/turtlebot3_fake_node:/home/kky/colcon_ws/install/multirobot_map_merge:/home/kky/colcon_ws/install/explore_lite:/home/kky/turtlebot3_ws/install/turtlebot3:/home/kky/turtlebot3_ws/install/turtlebot3_bringup:/home/kky/turtlebot3_ws/install/turtlebot3_node:/home/kky/turtlebot3_ws/install/turtlebot3_navigation2:/home/kky/turtlebot3_ws/install/turtlebot3_msgs:/home/kky/turtlebot3_ws/install/turtlebot3_description:/home/kky/turtlebot3_ws/install/turtlebot3_cartographer:/home/kky/turtlebot3_ws/install/dynamixel_sdk_examples:/home/kky/turtlebot3_ws/install/dynamixel_sdk_custom_interfaces:/home/kky/turtlebot3_ws/install/dynamixel_sdk:/home/kky/colcon_ws/install/py_pubsub:/home/kky/colcon_ws/install/cde2310_e2:/home/kky/colcon_ws/install/auto_nav:/home/kky/turtlebot3_ws/install/turtlebot3_teleop:/home/kky/turtlebot3_ws/install/turtlebot3_example:/opt/ros/humble LD_LIBRARY_PATH=/home/kky/cde2310_ws/install/explore_lite_msgs/lib:/home/kky/colcon_ws/install/multirobot_map_merge/lib:/home/kky/turtlebot3_ws/install/turtlebot3_msgs/lib:/home/kky/turtlebot3_ws/install/dynamixel_sdk_custom_interfaces/lib:/home/kky/turtlebot3_ws/install/dynamixel_sdk/lib:/usr/lib/x86_64-linux-gnu/gazebo-11/plugins:/opt/ros/humble/opt/rviz_ogre_vendor/lib:/opt/ros/humble/lib/x86_64-linux-gnu:/opt/ros/humble/lib:/usr/lib/x86_64-linux-gnu/gazebo-11/plugins PYTHONPATH=/home/kky/cde2310_ws/install/explore_lite_msgs/local/lib/python3.10/dist-packages:${PYTHONPATH} /usr/bin/cmake --build /home/kky/cde2310_ws/build/explore_lite -- -j16 -l16
[0.076s] [ 40%] Built target gtest
[0.076s] [ 40%] Built target gtest_main
[0.081s] [ 80%] Built target explore
[0.100s] [100%] Built target test_explore
[0.113s] Invoked command in '/home/kky/cde2310_ws/build/explore_lite' returned '0': AMENT_PREFIX_PATH=/home/kky/cde2310_ws/install/explore_lite_msgs:${AMENT_PREFIX_PATH} CMAKE_PREFIX_PATH=/home/kky/cde2310_ws/install/explore_lite_msgs:/home/kky/colcon_ws/install/turtlebot3_simulations:/home/kky/colcon_ws/install/turtlebot3_gazebo:/home/kky/colcon_ws/install/turtlebot3_fake_node:/home/kky/colcon_ws/install/multirobot_map_merge:/home/kky/colcon_ws/install/explore_lite:/home/kky/turtlebot3_ws/install/turtlebot3:/home/kky/turtlebot3_ws/install/turtlebot3_bringup:/home/kky/turtlebot3_ws/install/turtlebot3_node:/home/kky/turtlebot3_ws/install/turtlebot3_navigation2:/home/kky/turtlebot3_ws/install/turtlebot3_msgs:/home/kky/turtlebot3_ws/install/turtlebot3_description:/home/kky/turtlebot3_ws/install/turtlebot3_cartographer:/home/kky/turtlebot3_ws/install/dynamixel_sdk_examples:/home/kky/turtlebot3_ws/install/dynamixel_sdk_custom_interfaces:/home/kky/turtlebot3_ws/install/dynamixel_sdk:/home/kky/colcon_ws/install/py_pubsub:/home/kky/colcon_ws/install/cde2310_e2:/home/kky/colcon_ws/install/auto_nav:/home/kky/turtlebot3_ws/install/turtlebot3_teleop:/home/kky/turtlebot3_ws/install/turtlebot3_example:/opt/ros/humble LD_LIBRARY_PATH=/home/kky/cde2310_ws/install/explore_lite_msgs/lib:/home/kky/colcon_ws/install/multirobot_map_merge/lib:/home/kky/turtlebot3_ws/install/turtlebot3_msgs/lib:/home/kky/turtlebot3_ws/install/dynamixel_sdk_custom_interfaces/lib:/home/kky/turtlebot3_ws/install/dynamixel_sdk/lib:/usr/lib/x86_64-linux-gnu/gazebo-11/plugins:/opt/ros/humble/opt/rviz_ogre_vendor/lib:/opt/ros/humble/lib/x86_64-linux-gnu:/opt/ros/humble/lib:/usr/lib/x86_64-linux-gnu/gazebo-11/plugins PYTHONPATH=/home/kky/cde2310_ws/install/explore_lite_msgs/local/lib/python3.10/dist-packages:${PYTHONPATH} /usr/bin/cmake --build /home/kky/cde2310_ws/build/explore_lite -- -j16 -l16
[0.116s] Invoking command in '/home/kky/cde2310_ws/build/explore_lite': AMENT_PREFIX_PATH=/home/kky/cde2310_ws/install/explore_lite_msgs:${AMENT_PREFIX_PATH} CMAKE_PREFIX_PATH=/home/kky/cde2310_ws/install/explore_lite_msgs:/home/kky/colcon_ws/install/turtlebot3_simulations:/home/kky/colcon_ws/install/turtlebot3_gazebo:/home/kky/colcon_ws/install/turtlebot3_fake_node:/home/kky/colcon_ws/install/multirobot_map_merge:/home/kky/colcon_ws/install/explore_lite:/home/kky/turtlebot3_ws/install/turtlebot3:/home/kky/turtlebot3_ws/install/turtlebot3_bringup:/home/kky/turtlebot3_ws/install/turtlebot3_node:/home/kky/turtlebot3_ws/install/turtlebot3_navigation2:/home/kky/turtlebot3_ws/install/turtlebot3_msgs:/home/kky/turtlebot3_ws/install/turtlebot3_description:/home/kky/turtlebot3_ws/install/turtlebot3_cartographer:/home/kky/turtlebot3_ws/install/dynamixel_sdk_examples:/home/kky/turtlebot3_ws/install/dynamixel_sdk_custom_interfaces:/home/kky/turtlebot3_ws/install/dynamixel_sdk:/home/kky/colcon_ws/install/py_pubsub:/home/kky/colcon_ws/install/cde2310_e2:/home/kky/colcon_ws/install/auto_nav:/home/kky/turtlebot3_ws/install/turtlebot3_teleop:/home/kky/turtlebot3_ws/install/turtlebot3_example:/opt/ros/humble LD_LIBRARY_PATH=/home/kky/cde2310_ws/install/explore_lite_msgs/lib:/home/kky/colcon_ws/install/multirobot_map_merge/lib:/home/kky/turtlebot3_ws/install/turtlebot3_msgs/lib:/home/kky/turtlebot3_ws/install/dynamixel_sdk_custom_interfaces/lib:/home/kky/turtlebot3_ws/install/dynamixel_sdk/lib:/usr/lib/x86_64-linux-gnu/gazebo-11/plugins:/opt/ros/humble/opt/rviz_ogre_vendor/lib:/opt/ros/humble/lib/x86_64-linux-gnu:/opt/ros/humble/lib:/usr/lib/x86_64-linux-gnu/gazebo-11/plugins PYTHONPATH=/home/kky/cde2310_ws/install/explore_lite_msgs/local/lib/python3.10/dist-packages:${PYTHONPATH} /usr/bin/cmake --install /home/kky/cde2310_ws/build/explore_lite
[0.124s] -- Install configuration: ""
[0.124s] -- Up-to-date: /home/kky/cde2310_ws/install/explore_lite/include/explore/
[0.124s] -- Up-to-date: /home/kky/cde2310_ws/install/explore_lite/include/explore//explore.h
[0.124s] -- Up-to-date: /home/kky/cde2310_ws/install/explore_lite/include/explore//costmap_tools.h
[0.124s] -- Up-to-date: /home/kky/cde2310_ws/install/explore_lite/include/explore//costmap_client.h
[0.124s] -- Up-to-date: /home/kky/cde2310_ws/install/explore_lite/include/explore//frontier_search.h
[0.124s] -- Up-to-date: /home/kky/cde2310_ws/install/explore_lite/share/explore_lite/config
[0.124s] -- Installing: /home/kky/cde2310_ws/install/explore_lite/share/explore_lite/config/params.yaml
[0.125s] -- Up-to-date: /home/kky/cde2310_ws/install/explore_lite/share/explore_lite/config/params_costmap.yaml
[0.125s] -- Up-to-date: /home/kky/cde2310_ws/install/explore_lite/share/explore_lite/launch
[0.125s] -- Up-to-date: /home/kky/cde2310_ws/install/explore_lite/share/explore_lite/launch/explore.launch.py
[0.125s] -- Up-to-date: /home/kky/cde2310_ws/install/explore_lite/lib/explore_lite/explore
[0.125s] -- Up-to-date: /home/kky/cde2310_ws/install/explore_lite/share/ament_index/resource_index/package_run_dependencies/explore_lite
[0.126s] -- Up-to-date: /home/kky/cde2310_ws/install/explore_lite/share/ament_index/resource_index/parent_prefix_path/explore_lite
[0.126s] -- Up-to-date: /home/kky/cde2310_ws/install/explore_lite/share/explore_lite/environment/ament_prefix_path.sh
[0.126s] -- Up-to-date: /home/kky/cde2310_ws/install/explore_lite/share/explore_lite/environment/ament_prefix_path.dsv
[0.126s] -- Up-to-date: /home/kky/cde2310_ws/install/explore_lite/share/explore_lite/environment/path.sh
[0.126s] -- Up-to-date: /home/kky/cde2310_ws/install/explore_lite/share/explore_lite/environment/path.dsv
[0.126s] -- Up-to-date: /home/kky/cde2310_ws/install/explore_lite/share/explore_lite/local_setup.bash
[0.126s] -- Up-to-date: /home/kky/cde2310_ws/install/explore_lite/share/explore_lite/local_setup.sh
[0.126s] -- Up-to-date: /home/kky/cde2310_ws/install/explore_lite/share/explore_lite/local_setup.zsh
[0.126s] -- Up-to-date: /home/kky/cde2310_ws/install/explore_lite/share/explore_lite/local_setup.dsv
[0.126s] -- Installing: /home/kky/cde2310_ws/install/explore_lite/share/explore_lite/package.dsv
[0.126s] -- Up-to-date: /home/kky/cde2310_ws/install/explore_lite/share/ament_index/resource_index/packages/explore_lite
[0.126s] -- Up-to-date: /home/kky/cde2310_ws/install/explore_lite/share/explore_lite/cmake/ament_cmake_export_dependencies-extras.cmake
[0.126s] -- Up-to-date: /home/kky/cde2310_ws/install/explore_lite/share/explore_lite/cmake/ament_cmake_export_include_directories-extras.cmake
[0.126s] -- Up-to-date: /home/kky/cde2310_ws/install/explore_lite/share/explore_lite/cmake/explore_liteConfig.cmake
[0.126s] -- Up-to-date: /home/kky/cde2310_ws/install/explore_lite/share/explore_lite/cmake/explore_liteConfig-version.cmake
[0.126s] -- Up-to-date: /home/kky/cde2310_ws/install/explore_lite/share/explore_lite/package.xml
[0.129s] Invoked command in '/home/kky/cde2310_ws/build/explore_lite' returned '0': AMENT_PREFIX_PATH=/home/kky/cde2310_ws/install/explore_lite_msgs:${AMENT_PREFIX_PATH} CMAKE_PREFIX_PATH=/home/kky/cde2310_ws/install/explore_lite_msgs:/home/kky/colcon_ws/install/turtlebot3_simulations:/home/kky/colcon_ws/install/turtlebot3_gazebo:/home/kky/colcon_ws/install/turtlebot3_fake_node:/home/kky/colcon_ws/install/multirobot_map_merge:/home/kky/colcon_ws/install/explore_lite:/home/kky/turtlebot3_ws/install/turtlebot3:/home/kky/turtlebot3_ws/install/turtlebot3_bringup:/home/kky/turtlebot3_ws/install/turtlebot3_node:/home/kky/turtlebot3_ws/install/turtlebot3_navigation2:/home/kky/turtlebot3_ws/install/turtlebot3_msgs:/home/kky/turtlebot3_ws/install/turtlebot3_description:/home/kky/turtlebot3_ws/install/turtlebot3_cartographer:/home/kky/turtlebot3_ws/install/dynamixel_sdk_examples:/home/kky/turtlebot3_ws/install/dynamixel_sdk_custom_interfaces:/home/kky/turtlebot3_ws/install/dynamixel_sdk:/home/kky/colcon_ws/install/py_pubsub:/home/kky/colcon_ws/install/cde2310_e2:/home/kky/colcon_ws/install/auto_nav:/home/kky/turtlebot3_ws/install/turtlebot3_teleop:/home/kky/turtlebot3_ws/install/turtlebot3_example:/opt/ros/humble LD_LIBRARY_PATH=/home/kky/cde2310_ws/install/explore_lite_msgs/lib:/home/kky/colcon_ws/install/multirobot_map_merge/lib:/home/kky/turtlebot3_ws/install/turtlebot3_msgs/lib:/home/kky/turtlebot3_ws/install/dynamixel_sdk_custom_interfaces/lib:/home/kky/turtlebot3_ws/install/dynamixel_sdk/lib:/usr/lib/x86_64-linux-gnu/gazebo-11/plugins:/opt/ros/humble/opt/rviz_ogre_vendor/lib:/opt/ros/humble/lib/x86_64-linux-gnu:/opt/ros/humble/lib:/usr/lib/x86_64-linux-gnu/gazebo-11/plugins PYTHONPATH=/home/kky/cde2310_ws/install/explore_lite_msgs/local/lib/python3.10/dist-packages:${PYTHONPATH} /usr/bin/cmake --install /home/kky/cde2310_ws/build/explore_lite
