[0.015s] Invoking command in '/home/kky/cde2310_ws/build/explore_lite_msgs': CMAKE_PREFIX_PATH=${CMAKE_PREFIX_PATH}:/home/kky/colcon_ws/install/py_pubsub:/home/kky/colcon_ws/install/cde2310_e2:/home/kky/colcon_ws/install/auto_nav:/home/kky/turtlebot3_ws/install/turtlebot3_teleop:/home/kky/turtlebot3_ws/install/turtlebot3_example:/opt/ros/humble /usr/bin/cmake --build /home/kky/cde2310_ws/build/explore_lite_msgs -- -j16 -l16
[0.073s] [  3%] Built target explore_lite_msgs__cpp
[0.073s] [ 12%] Built target explore_lite_msgs__rosidl_generator_c
[0.086s] [ 12%] Built target ament_cmake_python_copy_explore_lite_msgs
[0.097s] [ 32%] Built target explore_lite_msgs__rosidl_typesupport_introspection_cpp
[0.097s] [ 32%] Built target explore_lite_msgs__rosidl_typesupport_cpp
[0.097s] [ 45%] Built target explore_lite_msgs__rosidl_typesupport_fastrtps_cpp
[0.097s] [ 51%] Built target explore_lite_msgs__rosidl_typesupport_introspection_c
[0.097s] [ 61%] Built target explore_lite_msgs__rosidl_typesupport_c
[0.099s] [ 70%] Built target explore_lite_msgs__rosidl_typesupport_fastrtps_c
[0.123s] [ 70%] Built target explore_lite_msgs
[0.148s] [ 74%] Built target explore_lite_msgs__py
[0.176s] [ 80%] Built target explore_lite_msgs__rosidl_generator_py
[0.203s] [100%] Built target explore_lite_msgs__rosidl_typesupport_c__pyext
[0.203s] [100%] Built target explore_lite_msgs__rosidl_typesupport_introspection_c__pyext
[0.203s] [100%] Built target explore_lite_msgs__rosidl_typesupport_fastrtps_c__pyext
[0.283s] running egg_info
[0.283s] writing explore_lite_msgs.egg-info/PKG-INFO
[0.283s] writing dependency_links to explore_lite_msgs.egg-info/dependency_links.txt
[0.284s] writing top-level names to explore_lite_msgs.egg-info/top_level.txt
[0.285s] reading manifest file 'explore_lite_msgs.egg-info/SOURCES.txt'
[0.286s] writing manifest file 'explore_lite_msgs.egg-info/SOURCES.txt'
[0.312s] [100%] Built target ament_cmake_python_build_explore_lite_msgs_egg
[0.325s] Invoked command in '/home/kky/cde2310_ws/build/explore_lite_msgs' returned '0': CMAKE_PREFIX_PATH=${CMAKE_PREFIX_PATH}:/home/kky/colcon_ws/install/py_pubsub:/home/kky/colcon_ws/install/cde2310_e2:/home/kky/colcon_ws/install/auto_nav:/home/kky/turtlebot3_ws/install/turtlebot3_teleop:/home/kky/turtlebot3_ws/install/turtlebot3_example:/opt/ros/humble /usr/bin/cmake --build /home/kky/cde2310_ws/build/explore_lite_msgs -- -j16 -l16
[0.328s] Invoking command in '/home/kky/cde2310_ws/build/explore_lite_msgs': CMAKE_PREFIX_PATH=${CMAKE_PREFIX_PATH}:/home/kky/colcon_ws/install/py_pubsub:/home/kky/colcon_ws/install/cde2310_e2:/home/kky/colcon_ws/install/auto_nav:/home/kky/turtlebot3_ws/install/turtlebot3_teleop:/home/kky/turtlebot3_ws/install/turtlebot3_example:/opt/ros/humble /usr/bin/cmake --install /home/kky/cde2310_ws/build/explore_lite_msgs
[0.338s] -- Install configuration: ""
[0.338s] -- Up-to-date: /home/kky/cde2310_ws/install/explore_lite_msgs/share/ament_index/resource_index/rosidl_interfaces/explore_lite_msgs
[0.338s] -- Up-to-date: /home/kky/cde2310_ws/install/explore_lite_msgs/include/explore_lite_msgs/explore_lite_msgs
[0.338s] -- Up-to-date: /home/kky/cde2310_ws/install/explore_lite_msgs/include/explore_lite_msgs/explore_lite_msgs/msg
[0.338s] -- Up-to-date: /home/kky/cde2310_ws/install/explore_lite_msgs/include/explore_lite_msgs/explore_lite_msgs/msg/detail
[0.339s] -- Up-to-date: /home/kky/cde2310_ws/install/explore_lite_msgs/include/explore_lite_msgs/explore_lite_msgs/msg/detail/explore_status__struct.h
[0.339s] -- Up-to-date: /home/kky/cde2310_ws/install/explore_lite_msgs/include/explore_lite_msgs/explore_lite_msgs/msg/detail/explore_status__functions.c
[0.339s] -- Up-to-date: /home/kky/cde2310_ws/install/explore_lite_msgs/include/explore_lite_msgs/explore_lite_msgs/msg/detail/explore_status__functions.h
[0.339s] -- Up-to-date: /home/kky/cde2310_ws/install/explore_lite_msgs/include/explore_lite_msgs/explore_lite_msgs/msg/detail/explore_status__type_support.h
[0.339s] -- Up-to-date: /home/kky/cde2310_ws/install/explore_lite_msgs/include/explore_lite_msgs/explore_lite_msgs/msg/rosidl_generator_c__visibility_control.h
[0.339s] -- Up-to-date: /home/kky/cde2310_ws/install/explore_lite_msgs/include/explore_lite_msgs/explore_lite_msgs/msg/explore_status.h
[0.339s] -- Up-to-date: /home/kky/cde2310_ws/install/explore_lite_msgs/share/explore_lite_msgs/environment/library_path.sh
[0.339s] -- Up-to-date: /home/kky/cde2310_ws/install/explore_lite_msgs/share/explore_lite_msgs/environment/library_path.dsv
[0.339s] -- Up-to-date: /home/kky/cde2310_ws/install/explore_lite_msgs/lib/libexplore_lite_msgs__rosidl_generator_c.so
[0.339s] -- Up-to-date: /home/kky/cde2310_ws/install/explore_lite_msgs/include/explore_lite_msgs/explore_lite_msgs
[0.339s] -- Up-to-date: /home/kky/cde2310_ws/install/explore_lite_msgs/include/explore_lite_msgs/explore_lite_msgs/msg
[0.340s] -- Up-to-date: /home/kky/cde2310_ws/install/explore_lite_msgs/include/explore_lite_msgs/explore_lite_msgs/msg/detail
[0.340s] -- Up-to-date: /home/kky/cde2310_ws/install/explore_lite_msgs/include/explore_lite_msgs/explore_lite_msgs/msg/detail/explore_status__rosidl_typesupport_fastrtps_c.h
[0.340s] -- Up-to-date: /home/kky/cde2310_ws/install/explore_lite_msgs/include/explore_lite_msgs/explore_lite_msgs/msg/rosidl_typesupport_fastrtps_c__visibility_control.h
[0.340s] -- Up-to-date: /home/kky/cde2310_ws/install/explore_lite_msgs/lib/libexplore_lite_msgs__rosidl_typesupport_fastrtps_c.so
[0.340s] -- Up-to-date: /home/kky/cde2310_ws/install/explore_lite_msgs/include/explore_lite_msgs/explore_lite_msgs
[0.340s] -- Up-to-date: /home/kky/cde2310_ws/install/explore_lite_msgs/include/explore_lite_msgs/explore_lite_msgs/msg
[0.340s] -- Up-to-date: /home/kky/cde2310_ws/install/explore_lite_msgs/include/explore_lite_msgs/explore_lite_msgs/msg/detail
[0.340s] -- Up-to-date: /home/kky/cde2310_ws/install/explore_lite_msgs/include/explore_lite_msgs/explore_lite_msgs/msg/detail/explore_status__type_support.c
[0.340s] -- Up-to-date: /home/kky/cde2310_ws/install/explore_lite_msgs/include/explore_lite_msgs/explore_lite_msgs/msg/detail/explore_status__rosidl_typesupport_introspection_c.h
[0.340s] -- Up-to-date: /home/kky/cde2310_ws/install/explore_lite_msgs/include/explore_lite_msgs/explore_lite_msgs/msg/rosidl_typesupport_introspection_c__visibility_control.h
[0.340s] -- Up-to-date: /home/kky/cde2310_ws/install/explore_lite_msgs/lib/libexplore_lite_msgs__rosidl_typesupport_introspection_c.so
[0.340s] -- Up-to-date: /home/kky/cde2310_ws/install/explore_lite_msgs/lib/libexplore_lite_msgs__rosidl_typesupport_c.so
[0.340s] -- Up-to-date: /home/kky/cde2310_ws/install/explore_lite_msgs/include/explore_lite_msgs/explore_lite_msgs
[0.341s] -- Up-to-date: /home/kky/cde2310_ws/install/explore_lite_msgs/include/explore_lite_msgs/explore_lite_msgs/msg
[0.341s] -- Up-to-date: /home/kky/cde2310_ws/install/explore_lite_msgs/include/explore_lite_msgs/explore_lite_msgs/msg/rosidl_generator_cpp__visibility_control.hpp
[0.341s] -- Up-to-date: /home/kky/cde2310_ws/install/explore_lite_msgs/include/explore_lite_msgs/explore_lite_msgs/msg/detail
[0.341s] -- Up-to-date: /home/kky/cde2310_ws/install/explore_lite_msgs/include/explore_lite_msgs/explore_lite_msgs/msg/detail/explore_status__type_support.hpp
[0.341s] -- Up-to-date: /home/kky/cde2310_ws/install/explore_lite_msgs/include/explore_lite_msgs/explore_lite_msgs/msg/detail/explore_status__traits.hpp
[0.341s] -- Up-to-date: /home/kky/cde2310_ws/install/explore_lite_msgs/include/explore_lite_msgs/explore_lite_msgs/msg/detail/explore_status__builder.hpp
[0.341s] -- Up-to-date: /home/kky/cde2310_ws/install/explore_lite_msgs/include/explore_lite_msgs/explore_lite_msgs/msg/detail/explore_status__struct.hpp
[0.341s] -- Up-to-date: /home/kky/cde2310_ws/install/explore_lite_msgs/include/explore_lite_msgs/explore_lite_msgs/msg/explore_status.hpp
[0.341s] -- Up-to-date: /home/kky/cde2310_ws/install/explore_lite_msgs/include/explore_lite_msgs/explore_lite_msgs
[0.341s] -- Up-to-date: /home/kky/cde2310_ws/install/explore_lite_msgs/include/explore_lite_msgs/explore_lite_msgs/msg
[0.341s] -- Up-to-date: /home/kky/cde2310_ws/install/explore_lite_msgs/include/explore_lite_msgs/explore_lite_msgs/msg/detail
[0.341s] -- Up-to-date: /home/kky/cde2310_ws/install/explore_lite_msgs/include/explore_lite_msgs/explore_lite_msgs/msg/detail/explore_status__rosidl_typesupport_fastrtps_cpp.hpp
[0.341s] -- Up-to-date: /home/kky/cde2310_ws/install/explore_lite_msgs/include/explore_lite_msgs/explore_lite_msgs/msg/detail/dds_fastrtps
[0.341s] -- Up-to-date: /home/kky/cde2310_ws/install/explore_lite_msgs/include/explore_lite_msgs/explore_lite_msgs/msg/rosidl_typesupport_fastrtps_cpp__visibility_control.h
[0.341s] -- Up-to-date: /home/kky/cde2310_ws/install/explore_lite_msgs/lib/libexplore_lite_msgs__rosidl_typesupport_fastrtps_cpp.so
[0.342s] -- Up-to-date: /home/kky/cde2310_ws/install/explore_lite_msgs/include/explore_lite_msgs/explore_lite_msgs
[0.342s] -- Up-to-date: /home/kky/cde2310_ws/install/explore_lite_msgs/include/explore_lite_msgs/explore_lite_msgs/msg
[0.342s] -- Up-to-date: /home/kky/cde2310_ws/install/explore_lite_msgs/include/explore_lite_msgs/explore_lite_msgs/msg/detail
[0.342s] -- Up-to-date: /home/kky/cde2310_ws/install/explore_lite_msgs/include/explore_lite_msgs/explore_lite_msgs/msg/detail/explore_status__type_support.cpp
[0.342s] -- Up-to-date: /home/kky/cde2310_ws/install/explore_lite_msgs/include/explore_lite_msgs/explore_lite_msgs/msg/detail/explore_status__rosidl_typesupport_introspection_cpp.hpp
[0.342s] -- Up-to-date: /home/kky/cde2310_ws/install/explore_lite_msgs/lib/libexplore_lite_msgs__rosidl_typesupport_introspection_cpp.so
[0.342s] -- Up-to-date: /home/kky/cde2310_ws/install/explore_lite_msgs/lib/libexplore_lite_msgs__rosidl_typesupport_cpp.so
[0.343s] -- Up-to-date: /home/kky/cde2310_ws/install/explore_lite_msgs/share/explore_lite_msgs/environment/pythonpath.sh
[0.343s] -- Up-to-date: /home/kky/cde2310_ws/install/explore_lite_msgs/share/explore_lite_msgs/environment/pythonpath.dsv
[0.343s] -- Up-to-date: /home/kky/cde2310_ws/install/explore_lite_msgs/local/lib/python3.10/dist-packages/explore_lite_msgs-1.0.0-py3.10.egg-info
[0.343s] -- Installing: /home/kky/cde2310_ws/install/explore_lite_msgs/local/lib/python3.10/dist-packages/explore_lite_msgs-1.0.0-py3.10.egg-info/PKG-INFO
[0.343s] -- Installing: /home/kky/cde2310_ws/install/explore_lite_msgs/local/lib/python3.10/dist-packages/explore_lite_msgs-1.0.0-py3.10.egg-info/top_level.txt
[0.343s] -- Installing: /home/kky/cde2310_ws/install/explore_lite_msgs/local/lib/python3.10/dist-packages/explore_lite_msgs-1.0.0-py3.10.egg-info/dependency_links.txt
[0.343s] -- Installing: /home/kky/cde2310_ws/install/explore_lite_msgs/local/lib/python3.10/dist-packages/explore_lite_msgs-1.0.0-py3.10.egg-info/SOURCES.txt
[0.344s] -- Up-to-date: /home/kky/cde2310_ws/install/explore_lite_msgs/local/lib/python3.10/dist-packages/explore_lite_msgs
[0.344s] -- Up-to-date: /home/kky/cde2310_ws/install/explore_lite_msgs/local/lib/python3.10/dist-packages/explore_lite_msgs/explore_lite_msgs_s__rosidl_typesupport_fastrtps_c.cpython-310-x86_64-linux-gnu.so
[0.344s] -- Up-to-date: /home/kky/cde2310_ws/install/explore_lite_msgs/local/lib/python3.10/dist-packages/explore_lite_msgs/msg
[0.344s] -- Up-to-date: /home/kky/cde2310_ws/install/explore_lite_msgs/local/lib/python3.10/dist-packages/explore_lite_msgs/msg/__init__.py
[0.344s] -- Up-to-date: /home/kky/cde2310_ws/install/explore_lite_msgs/local/lib/python3.10/dist-packages/explore_lite_msgs/msg/_explore_status_s.c
[0.344s] -- Up-to-date: /home/kky/cde2310_ws/install/explore_lite_msgs/local/lib/python3.10/dist-packages/explore_lite_msgs/msg/_explore_status.py
[0.344s] -- Up-to-date: /home/kky/cde2310_ws/install/explore_lite_msgs/local/lib/python3.10/dist-packages/explore_lite_msgs/libexplore_lite_msgs__rosidl_generator_py.so
[0.344s] -- Up-to-date: /home/kky/cde2310_ws/install/explore_lite_msgs/local/lib/python3.10/dist-packages/explore_lite_msgs/__init__.py
[0.344s] -- Up-to-date: /home/kky/cde2310_ws/install/explore_lite_msgs/local/lib/python3.10/dist-packages/explore_lite_msgs/_explore_lite_msgs_s.ep.rosidl_typesupport_introspection_c.c
[0.344s] -- Up-to-date: /home/kky/cde2310_ws/install/explore_lite_msgs/local/lib/python3.10/dist-packages/explore_lite_msgs/_explore_lite_msgs_s.ep.rosidl_typesupport_c.c
[0.344s] -- Up-to-date: /home/kky/cde2310_ws/install/explore_lite_msgs/local/lib/python3.10/dist-packages/explore_lite_msgs/_explore_lite_msgs_s.ep.rosidl_typesupport_fastrtps_c.c
[0.344s] -- Up-to-date: /home/kky/cde2310_ws/install/explore_lite_msgs/local/lib/python3.10/dist-packages/explore_lite_msgs/explore_lite_msgs_s__rosidl_typesupport_introspection_c.cpython-310-x86_64-linux-gnu.so
[0.344s] -- Up-to-date: /home/kky/cde2310_ws/install/explore_lite_msgs/local/lib/python3.10/dist-packages/explore_lite_msgs/explore_lite_msgs_s__rosidl_typesupport_c.cpython-310-x86_64-linux-gnu.so
[0.374s] Listing '/home/kky/cde2310_ws/install/explore_lite_msgs/local/lib/python3.10/dist-packages/explore_lite_msgs'...
[0.374s] Listing '/home/kky/cde2310_ws/install/explore_lite_msgs/local/lib/python3.10/dist-packages/explore_lite_msgs/msg'...
[0.378s] -- Up-to-date: /home/kky/cde2310_ws/install/explore_lite_msgs/local/lib/python3.10/dist-packages/explore_lite_msgs/explore_lite_msgs_s__rosidl_typesupport_fastrtps_c.cpython-310-x86_64-linux-gnu.so
[0.378s] -- Up-to-date: /home/kky/cde2310_ws/install/explore_lite_msgs/local/lib/python3.10/dist-packages/explore_lite_msgs/explore_lite_msgs_s__rosidl_typesupport_introspection_c.cpython-310-x86_64-linux-gnu.so
[0.379s] -- Up-to-date: /home/kky/cde2310_ws/install/explore_lite_msgs/local/lib/python3.10/dist-packages/explore_lite_msgs/explore_lite_msgs_s__rosidl_typesupport_c.cpython-310-x86_64-linux-gnu.so
[0.379s] -- Up-to-date: /home/kky/cde2310_ws/install/explore_lite_msgs/lib/libexplore_lite_msgs__rosidl_generator_py.so
[0.379s] -- Up-to-date: /home/kky/cde2310_ws/install/explore_lite_msgs/share/explore_lite_msgs/msg/ExploreStatus.idl
[0.379s] -- Up-to-date: /home/kky/cde2310_ws/install/explore_lite_msgs/share/explore_lite_msgs/msg/ExploreStatus.msg
[0.380s] -- Up-to-date: /home/kky/cde2310_ws/install/explore_lite_msgs/share/ament_index/resource_index/package_run_dependencies/explore_lite_msgs
[0.380s] -- Up-to-date: /home/kky/cde2310_ws/install/explore_lite_msgs/share/ament_index/resource_index/parent_prefix_path/explore_lite_msgs
[0.380s] -- Up-to-date: /home/kky/cde2310_ws/install/explore_lite_msgs/share/explore_lite_msgs/environment/ament_prefix_path.sh
[0.380s] -- Up-to-date: /home/kky/cde2310_ws/install/explore_lite_msgs/share/explore_lite_msgs/environment/ament_prefix_path.dsv
[0.380s] -- Up-to-date: /home/kky/cde2310_ws/install/explore_lite_msgs/share/explore_lite_msgs/environment/path.sh
[0.380s] -- Up-to-date: /home/kky/cde2310_ws/install/explore_lite_msgs/share/explore_lite_msgs/environment/path.dsv
[0.380s] -- Up-to-date: /home/kky/cde2310_ws/install/explore_lite_msgs/share/explore_lite_msgs/local_setup.bash
[0.380s] -- Up-to-date: /home/kky/cde2310_ws/install/explore_lite_msgs/share/explore_lite_msgs/local_setup.sh
[0.380s] -- Up-to-date: /home/kky/cde2310_ws/install/explore_lite_msgs/share/explore_lite_msgs/local_setup.zsh
[0.380s] -- Up-to-date: /home/kky/cde2310_ws/install/explore_lite_msgs/share/explore_lite_msgs/local_setup.dsv
[0.380s] -- Installing: /home/kky/cde2310_ws/install/explore_lite_msgs/share/explore_lite_msgs/package.dsv
[0.380s] -- Up-to-date: /home/kky/cde2310_ws/install/explore_lite_msgs/share/ament_index/resource_index/packages/explore_lite_msgs
[0.381s] -- Up-to-date: /home/kky/cde2310_ws/install/explore_lite_msgs/share/explore_lite_msgs/cmake/export_explore_lite_msgs__rosidl_generator_cExport.cmake
[0.381s] -- Up-to-date: /home/kky/cde2310_ws/install/explore_lite_msgs/share/explore_lite_msgs/cmake/export_explore_lite_msgs__rosidl_generator_cExport-noconfig.cmake
[0.381s] -- Up-to-date: /home/kky/cde2310_ws/install/explore_lite_msgs/share/explore_lite_msgs/cmake/export_explore_lite_msgs__rosidl_typesupport_fastrtps_cExport.cmake
[0.381s] -- Up-to-date: /home/kky/cde2310_ws/install/explore_lite_msgs/share/explore_lite_msgs/cmake/export_explore_lite_msgs__rosidl_typesupport_fastrtps_cExport-noconfig.cmake
[0.381s] -- Up-to-date: /home/kky/cde2310_ws/install/explore_lite_msgs/share/explore_lite_msgs/cmake/explore_lite_msgs__rosidl_typesupport_introspection_cExport.cmake
[0.381s] -- Up-to-date: /home/kky/cde2310_ws/install/explore_lite_msgs/share/explore_lite_msgs/cmake/explore_lite_msgs__rosidl_typesupport_introspection_cExport-noconfig.cmake
[0.381s] -- Up-to-date: /home/kky/cde2310_ws/install/explore_lite_msgs/share/explore_lite_msgs/cmake/explore_lite_msgs__rosidl_typesupport_cExport.cmake
[0.382s] -- Up-to-date: /home/kky/cde2310_ws/install/explore_lite_msgs/share/explore_lite_msgs/cmake/explore_lite_msgs__rosidl_typesupport_cExport-noconfig.cmake
[0.382s] -- Up-to-date: /home/kky/cde2310_ws/install/explore_lite_msgs/share/explore_lite_msgs/cmake/export_explore_lite_msgs__rosidl_generator_cppExport.cmake
[0.382s] -- Up-to-date: /home/kky/cde2310_ws/install/explore_lite_msgs/share/explore_lite_msgs/cmake/export_explore_lite_msgs__rosidl_typesupport_fastrtps_cppExport.cmake
[0.382s] -- Up-to-date: /home/kky/cde2310_ws/install/explore_lite_msgs/share/explore_lite_msgs/cmake/export_explore_lite_msgs__rosidl_typesupport_fastrtps_cppExport-noconfig.cmake
[0.382s] -- Up-to-date: /home/kky/cde2310_ws/install/explore_lite_msgs/share/explore_lite_msgs/cmake/explore_lite_msgs__rosidl_typesupport_introspection_cppExport.cmake
[0.382s] -- Up-to-date: /home/kky/cde2310_ws/install/explore_lite_msgs/share/explore_lite_msgs/cmake/explore_lite_msgs__rosidl_typesupport_introspection_cppExport-noconfig.cmake
[0.383s] -- Up-to-date: /home/kky/cde2310_ws/install/explore_lite_msgs/share/explore_lite_msgs/cmake/explore_lite_msgs__rosidl_typesupport_cppExport.cmake
[0.383s] -- Up-to-date: /home/kky/cde2310_ws/install/explore_lite_msgs/share/explore_lite_msgs/cmake/explore_lite_msgs__rosidl_typesupport_cppExport-noconfig.cmake
[0.383s] -- Up-to-date: /home/kky/cde2310_ws/install/explore_lite_msgs/share/explore_lite_msgs/cmake/export_explore_lite_msgs__rosidl_generator_pyExport.cmake
[0.383s] -- Up-to-date: /home/kky/cde2310_ws/install/explore_lite_msgs/share/explore_lite_msgs/cmake/export_explore_lite_msgs__rosidl_generator_pyExport-noconfig.cmake
[0.383s] -- Up-to-date: /home/kky/cde2310_ws/install/explore_lite_msgs/share/explore_lite_msgs/cmake/rosidl_cmake-extras.cmake
[0.383s] -- Up-to-date: /home/kky/cde2310_ws/install/explore_lite_msgs/share/explore_lite_msgs/cmake/ament_cmake_export_include_directories-extras.cmake
[0.383s] -- Up-to-date: /home/kky/cde2310_ws/install/explore_lite_msgs/share/explore_lite_msgs/cmake/ament_cmake_export_libraries-extras.cmake
[0.383s] -- Up-to-date: /home/kky/cde2310_ws/install/explore_lite_msgs/share/explore_lite_msgs/cmake/ament_cmake_export_targets-extras.cmake
[0.383s] -- Up-to-date: /home/kky/cde2310_ws/install/explore_lite_msgs/share/explore_lite_msgs/cmake/rosidl_cmake_export_typesupport_targets-extras.cmake
[0.383s] -- Up-to-date: /home/kky/cde2310_ws/install/explore_lite_msgs/share/explore_lite_msgs/cmake/ament_cmake_export_dependencies-extras.cmake
[0.383s] -- Up-to-date: /home/kky/cde2310_ws/install/explore_lite_msgs/share/explore_lite_msgs/cmake/rosidl_cmake_export_typesupport_libraries-extras.cmake
[0.383s] -- Up-to-date: /home/kky/cde2310_ws/install/explore_lite_msgs/share/explore_lite_msgs/cmake/explore_lite_msgsConfig.cmake
[0.383s] -- Up-to-date: /home/kky/cde2310_ws/install/explore_lite_msgs/share/explore_lite_msgs/cmake/explore_lite_msgsConfig-version.cmake
[0.383s] -- Up-to-date: /home/kky/cde2310_ws/install/explore_lite_msgs/share/explore_lite_msgs/package.xml
[0.387s] Invoked command in '/home/kky/cde2310_ws/build/explore_lite_msgs' returned '0': CMAKE_PREFIX_PATH=${CMAKE_PREFIX_PATH}:/home/kky/colcon_ws/install/py_pubsub:/home/kky/colcon_ws/install/cde2310_e2:/home/kky/colcon_ws/install/auto_nav:/home/kky/turtlebot3_ws/install/turtlebot3_teleop:/home/kky/turtlebot3_ws/install/turtlebot3_example:/opt/ros/humble /usr/bin/cmake --install /home/kky/cde2310_ws/build/explore_lite_msgs
